Archive member included because of file (symbol)

/Applications/Simplicity Studio.app/Contents/Eclipse/developer/toolchains/gnu_arm/4.9_2015q3/bin/../lib/gcc/arm-none-eabi/4.9.3/armv7e-m/softfp/libgcc.a(_aeabi_uldivmod.o)
                              ./SiliconLabs/sdks/exx32/platform/emlib/src/em_usart.o (__aeabi_uldivmod)
/Applications/Simplicity Studio.app/Contents/Eclipse/developer/toolchains/gnu_arm/4.9_2015q3/bin/../lib/gcc/arm-none-eabi/4.9.3/armv7e-m/softfp/libgcc.a(bpabi.o)
                              /Applications/Simplicity Studio.app/Contents/Eclipse/developer/toolchains/gnu_arm/4.9_2015q3/bin/../lib/gcc/arm-none-eabi/4.9.3/armv7e-m/softfp/libgcc.a(_aeabi_uldivmod.o) (__gnu_uldivmod_helper)
/Applications/Simplicity Studio.app/Contents/Eclipse/developer/toolchains/gnu_arm/4.9_2015q3/bin/../lib/gcc/arm-none-eabi/4.9.3/armv7e-m/softfp/libgcc.a(_dvmd_tls.o)
                              /Applications/Simplicity Studio.app/Contents/Eclipse/developer/toolchains/gnu_arm/4.9_2015q3/bin/../lib/gcc/arm-none-eabi/4.9.3/armv7e-m/softfp/libgcc.a(_aeabi_uldivmod.o) (__aeabi_ldiv0)
/Applications/Simplicity Studio.app/Contents/Eclipse/developer/toolchains/gnu_arm/4.9_2015q3/bin/../lib/gcc/arm-none-eabi/4.9.3/armv7e-m/softfp/libgcc.a(_divdi3.o)
                              /Applications/Simplicity Studio.app/Contents/Eclipse/developer/toolchains/gnu_arm/4.9_2015q3/bin/../lib/gcc/arm-none-eabi/4.9.3/armv7e-m/softfp/libgcc.a(bpabi.o) (__divdi3)
/Applications/Simplicity Studio.app/Contents/Eclipse/developer/toolchains/gnu_arm/4.9_2015q3/bin/../lib/gcc/arm-none-eabi/4.9.3/armv7e-m/softfp/libgcc.a(_udivdi3.o)
                              /Applications/Simplicity Studio.app/Contents/Eclipse/developer/toolchains/gnu_arm/4.9_2015q3/bin/../lib/gcc/arm-none-eabi/4.9.3/armv7e-m/softfp/libgcc.a(bpabi.o) (__udivdi3)
/Applications/Simplicity Studio.app/Contents/Eclipse/developer/toolchains/gnu_arm/4.9_2015q3/bin/../lib/gcc/arm-none-eabi/4.9.3/../../../../arm-none-eabi/lib/armv7e-m/softfp/libc_nano.a(lib_a-exit.o)
                              /Applications/Simplicity Studio.app/Contents/Eclipse/developer/toolchains/gnu_arm/4.9_2015q3/bin/../lib/gcc/arm-none-eabi/4.9.3/../../../../arm-none-eabi/lib/armv7e-m/softfp/crt0.o (exit)
/Applications/Simplicity Studio.app/Contents/Eclipse/developer/toolchains/gnu_arm/4.9_2015q3/bin/../lib/gcc/arm-none-eabi/4.9.3/../../../../arm-none-eabi/lib/armv7e-m/softfp/libc_nano.a(lib_a-fileno.o)
                              ./SiliconLabs/sdks/exx32/hardware/kit/common/drivers/retargetio.o (fileno)
/Applications/Simplicity Studio.app/Contents/Eclipse/developer/toolchains/gnu_arm/4.9_2015q3/bin/../lib/gcc/arm-none-eabi/4.9.3/../../../../arm-none-eabi/lib/armv7e-m/softfp/libc_nano.a(lib_a-findfp.o)
                              /Applications/Simplicity Studio.app/Contents/Eclipse/developer/toolchains/gnu_arm/4.9_2015q3/bin/../lib/gcc/arm-none-eabi/4.9.3/../../../../arm-none-eabi/lib/armv7e-m/softfp/libc_nano.a(lib_a-fileno.o) (__sinit)
/Applications/Simplicity Studio.app/Contents/Eclipse/developer/toolchains/gnu_arm/4.9_2015q3/bin/../lib/gcc/arm-none-eabi/4.9.3/../../../../arm-none-eabi/lib/armv7e-m/softfp/libc_nano.a(lib_a-fwalk.o)
                              /Applications/Simplicity Studio.app/Contents/Eclipse/developer/toolchains/gnu_arm/4.9_2015q3/bin/../lib/gcc/arm-none-eabi/4.9.3/../../../../arm-none-eabi/lib/armv7e-m/softfp/libc_nano.a(lib_a-findfp.o) (_fwalk)
/Applications/Simplicity Studio.app/Contents/Eclipse/developer/toolchains/gnu_arm/4.9_2015q3/bin/../lib/gcc/arm-none-eabi/4.9.3/../../../../arm-none-eabi/lib/armv7e-m/softfp/libc_nano.a(lib_a-impure.o)
                              /Applications/Simplicity Studio.app/Contents/Eclipse/developer/toolchains/gnu_arm/4.9_2015q3/bin/../lib/gcc/arm-none-eabi/4.9.3/../../../../arm-none-eabi/lib/armv7e-m/softfp/libc_nano.a(lib_a-exit.o) (_global_impure_ptr)
/Applications/Simplicity Studio.app/Contents/Eclipse/developer/toolchains/gnu_arm/4.9_2015q3/bin/../lib/gcc/arm-none-eabi/4.9.3/../../../../arm-none-eabi/lib/armv7e-m/softfp/libc_nano.a(lib_a-init.o)
                              /Applications/Simplicity Studio.app/Contents/Eclipse/developer/toolchains/gnu_arm/4.9_2015q3/bin/../lib/gcc/arm-none-eabi/4.9.3/../../../../arm-none-eabi/lib/armv7e-m/softfp/crt0.o (__libc_init_array)
/Applications/Simplicity Studio.app/Contents/Eclipse/developer/toolchains/gnu_arm/4.9_2015q3/bin/../lib/gcc/arm-none-eabi/4.9.3/../../../../arm-none-eabi/lib/armv7e-m/softfp/libc_nano.a(lib_a-memcpy.o)
                              ./SiliconLabs/sdks/exx32/platform/emdrv/uartdrv/src/uartdrv.o (memcpy)
/Applications/Simplicity Studio.app/Contents/Eclipse/developer/toolchains/gnu_arm/4.9_2015q3/bin/../lib/gcc/arm-none-eabi/4.9.3/../../../../arm-none-eabi/lib/armv7e-m/softfp/libc_nano.a(lib_a-memset.o)
[...]
Memory Configuration

Name             Origin             Length             Attributes
FLASH            0x0000000000000000 0x0000000000200000 xr
RAM              0x0000000020000000 0x0000000000080000 xrw
*default*        0x0000000000000000 0xffffffffffffffff

Linker script and memory map

LOAD /Applications/Simplicity Studio.app/Contents/Eclipse/developer/toolchains/gnu_arm/4.9_2015q3/bin/../lib/gcc/arm-none-eabi/4.9.3/armv7e-m/softfp/crti.o
LOAD /Applications/Simplicity Studio.app/Contents/Eclipse/developer/toolchains/gnu_arm/4.9_2015q3/bin/../lib/gcc/arm-none-eabi/4.9.3/armv7e-m/softfp/crtbegin.o
LOAD /Applications/Simplicity Studio.app/Contents/Eclipse/developer/toolchains/gnu_arm/4.9_2015q3/bin/../lib/gcc/arm-none-eabi/4.9.3/../../../../arm-none-eabi/lib/armv7e-m/softfp/crt0.o
LOAD ./SiliconLabs/sdks/exx32/platform/emlib/src/em_acmp.o
LOAD ./SiliconLabs/sdks/exx32/platform/emlib/src/em_adc.o
LOAD ./SiliconLabs/sdks/exx32/platform/emlib/src/em_aes.o
LOAD ./SiliconLabs/sdks/exx32/platform/emlib/src/em_assert.o
LOAD ./SiliconLabs/sdks/exx32/platform/emlib/src/em_burtc.o
LOAD ./SiliconLabs/sdks/exx32/platform/emlib/src/em_can.o
LOAD ./SiliconLabs/sdks/exx32/platform/emlib/src/em_cmu.o
LOAD ./SiliconLabs/sdks/exx32/platform/emlib/src/em_core.o
LOAD ./SiliconLabs/sdks/exx32/platform/emlib/src/em_cryotimer.o
LOAD ./SiliconLabs/sdks/exx32/platform/emlib/src/em_crypto.o
LOAD ./SiliconLabs/sdks/exx32/platform/emlib/src/em_csen.o
LOAD ./SiliconLabs/sdks/exx32/platform/emlib/src/em_dac.o
LOAD ./SiliconLabs/sdks/exx32/platform/emlib/src/em_dbg.o
LOAD ./SiliconLabs/sdks/exx32/platform/emlib/src/em_dma.o
LOAD ./SiliconLabs/sdks/exx32/platform/emlib/src/em_ebi.o
LOAD ./SiliconLabs/sdks/exx32/platform/emlib/src/em_emu.o
LOAD ./SiliconLabs/sdks/exx32/platform/emlib/src/em_gpcrc.o
LOAD ./SiliconLabs/sdks/exx32/platform/emlib/src/em_gpio.o
LOAD ./SiliconLabs/sdks/exx32/platform/emlib/src/em_i2c.o
LOAD ./SiliconLabs/sdks/exx32/platform/emlib/src/em_idac.o
LOAD ./SiliconLabs/sdks/exx32/platform/emlib/src/em_int.o
LOAD ./SiliconLabs/sdks/exx32/platform/emlib/src/em_lcd.o
LOAD ./SiliconLabs/sdks/exx32/platform/emlib/src/em_ldma.o
LOAD ./SiliconLabs/sdks/exx32/platform/emlib/src/em_lesense.o
LOAD ./SiliconLabs/sdks/exx32/platform/emlib/src/em_letimer.o
LOAD ./SiliconLabs/sdks/exx32/platform/emlib/src/em_leuart.o
LOAD ./SiliconLabs/sdks/exx32/platform/emlib/src/em_mpu.o
LOAD ./SiliconLabs/sdks/exx32/platform/emlib/src/em_msc.o
LOAD ./SiliconLabs/sdks/exx32/platform/emlib/src/em_opamp.o
LOAD ./SiliconLabs/sdks/exx32/platform/emlib/src/em_pcnt.o
LOAD ./SiliconLabs/sdks/exx32/platform/emlib/src/em_prs.o
LOAD ./SiliconLabs/sdks/exx32/platform/emlib/src/em_qspi.o
LOAD ./SiliconLabs/sdks/exx32/platform/emlib/src/em_rmu.o
LOAD ./SiliconLabs/sdks/exx32/platform/emlib/src/em_rtc.o
LOAD ./SiliconLabs/sdks/exx32/platform/emlib/src/em_rtcc.o
LOAD ./SiliconLabs/sdks/exx32/platform/emlib/src/em_system.o
LOAD ./SiliconLabs/sdks/exx32/platform/emlib/src/em_timer.o
LOAD ./SiliconLabs/sdks/exx32/platform/emlib/src/em_usart.o
LOAD ./SiliconLabs/sdks/exx32/platform/emlib/src/em_vcmp.o
LOAD ./SiliconLabs/sdks/exx32/platform/emlib/src/em_vdac.o
LOAD ./SiliconLabs/sdks/exx32/platform/emlib/src/em_wdog.o
LOAD ./SiliconLabs/sdks/exx32/platform/emdrv/ustimer/src/ustimer.o
LOAD ./SiliconLabs/sdks/exx32/platform/emdrv/uartdrv/src/uartdrv.o
LOAD ./SiliconLabs/sdks/exx32/platform/emdrv/spidrv/src/spidrv.o
LOAD ./SiliconLabs/sdks/exx32/platform/emdrv/sleep/src/sleep.o
LOAD ./SiliconLabs/sdks/exx32/platform/emdrv/nvm/src/nvm.o
LOAD ./SiliconLabs/sdks/exx32/platform/emdrv/nvm/src/nvm_hal.o
LOAD ./SiliconLabs/sdks/exx32/platform/emdrv/nvm/config/nvm_config.o
LOAD ./SiliconLabs/sdks/exx32/platform/emdrv/gpiointerrupt/src/gpiointerrupt.o
LOAD ./SiliconLabs/sdks/exx32/platform/emdrv/dmadrv/src/dmadrv.o
LOAD ./SiliconLabs/sdks/exx32/hardware/kit/common/drivers/display.o
LOAD ./SiliconLabs/sdks/exx32/hardware/kit/common/drivers/displayls013b7dh06.o
LOAD ./SiliconLabs/sdks/exx32/hardware/kit/common/drivers/displaypalemlib.o
LOAD ./SiliconLabs/sdks/exx32/hardware/kit/common/drivers/retargetio.o
LOAD ./SiliconLabs/sdks/exx32/hardware/kit/common/drivers/retargetserial.o
LOAD ./SiliconLabs/sdks/exx32/hardware/kit/common/drivers/udelay.o
LOAD ./SiliconLabs/sdks/exx32/hardware/kit/common/bsp/bsp_bcc.o
LOAD ./SiliconLabs/sdks/exx32/hardware/kit/common/bsp/bsp_stk.o
LOAD ./SiliconLabs/sdks/exx32/hardware/kit/common/bsp/bsp_stk_leds.o
LOAD ./SiliconLabs/sdks/exx32/hardware/kit/common/bsp/bsp_trace.o
LOAD ./SiliconLabs/sdks/exx32/platform/middleware/glib/glib/bmp.o
LOAD ./SiliconLabs/sdks/exx32/platform/middleware/glib/glib/glib.o
LOAD ./SiliconLabs/sdks/exx32/platform/middleware/glib/glib/glib_bitmap.o
LOAD ./SiliconLabs/sdks/exx32/platform/middleware/glib/glib/glib_circle.o
LOAD ./SiliconLabs/sdks/exx32/platform/middleware/glib/glib/glib_font_narrow_6x8.o
LOAD ./SiliconLabs/sdks/exx32/platform/middleware/glib/glib/glib_font_normal_8x8.o
LOAD ./SiliconLabs/sdks/exx32/platform/middleware/glib/glib/glib_font_number_16x20.o
LOAD ./SiliconLabs/sdks/exx32/platform/middleware/glib/glib/glib_line.o
LOAD ./SiliconLabs/sdks/exx32/platform/middleware/glib/glib/glib_polygon.o
LOAD ./SiliconLabs/sdks/exx32/platform/middleware/glib/glib/glib_rectangle.o
LOAD ./SiliconLabs/sdks/exx32/platform/middleware/glib/glib/glib_string.o
LOAD ./SiliconLabs/sdks/exx32/platform/middleware/glib/dmd/display/dmd_display.o
LOAD ./App/src/app.o
LOAD ./App/src/app_client.o
LOAD ./App/src/app_graphics.o
LOAD ./App/src/app_server.o
LOAD ./Micrium/bsp/siliconlabs/slstk3701a_efm32gg11/source/bsp_cpu.o
LOAD ./Micrium/bsp/siliconlabs/slstk3701a_efm32gg11/source/bsp_led.o
LOAD ./Micrium/bsp/siliconlabs/slstk3701a_efm32gg11/source/bsp_net_ether_gem.o
LOAD ./Micrium/bsp/siliconlabs/slstk3701a_efm32gg11/source/bsp_os.o
LOAD ./Micrium/bsp/siliconlabs/slstk3701a_efm32gg11/source/startup/gcc/startup_efm32gg11b.o
LOAD ./Micrium/bsp/siliconlabs/slstk3701a_efm32gg11/source/startup/system_efm32gg11b.o
LOAD ./Micrium/examples/common/common/ex_common_externalize_cfg.o
LOAD ./Micrium/examples/common/common/ex_common_init.o
LOAD ./Micrium/examples/net/core_init/ex_net_core_init.o
LOAD ./Micrium/examples/net/ex_network_init.o
LOAD ./Micrium/rtos/common/source/auth/auth.o
LOAD ./Micrium/rtos/common/source/clk/clk.o
LOAD ./Micrium/rtos/common/source/clk/clk_cmd.o
LOAD ./Micrium/rtos/common/source/collections/bitmap.o
LOAD ./Micrium/rtos/common/source/collections/map.o
LOAD ./Micrium/rtos/common/source/collections/slist.o
LOAD ./Micrium/rtos/common/source/common/common.o
LOAD ./Micrium/rtos/common/source/kal/kal_kernel.o
LOAD ./Micrium/rtos/common/source/kal/kal_os2.o
LOAD ./Micrium/rtos/common/source/lib/lib_ascii.o
LOAD ./Micrium/rtos/common/source/lib/lib_math.o
LOAD ./Micrium/rtos/common/source/lib/lib_mem.o
LOAD ./Micrium/rtos/common/source/lib/lib_str.o
LOAD ./Micrium/rtos/common/source/logging/logging.o
LOAD ./Micrium/rtos/common/source/op_lock/op_lock.o
LOAD ./Micrium/rtos/common/source/platform_mgr/platform_mgr.o
LOAD ./Micrium/rtos/common/source/ring_buf/ring_buf.o
LOAD ./Micrium/rtos/common/source/rtos/rtos_err_str.o
LOAD ./Micrium/rtos/common/source/shell/shell.o
LOAD ./Micrium/rtos/common/source/shell/shell_cmd.o
LOAD ./Micrium/rtos/cpu/source/cpu_core.o
LOAD ./Micrium/rtos/cpu/source/ports/armv7-m/gnu/cpu_a.o
LOAD ./Micrium/rtos/cpu/source/ports/armv7-m/gnu/cpu_c.o
LOAD ./Micrium/rtos/cpu/source/ports/interrupt/armv7-m/cpu_int_armv7-m.o
LOAD ./Micrium/rtos/drivers/net/source/net_drv_ether_gem.o
LOAD ./Micrium/rtos/drivers/net/source/net_drv_phy_generic.o
LOAD ./Micrium/rtos/kernel/source/os_cfg_app.o
LOAD ./Micrium/rtos/kernel/source/os_core.o
LOAD ./Micrium/rtos/kernel/source/os_dbg.o
LOAD ./Micrium/rtos/kernel/source/os_flag.o
LOAD ./Micrium/rtos/kernel/source/os_mem.o
LOAD ./Micrium/rtos/kernel/source/os_mon.o
LOAD ./Micrium/rtos/kernel/source/os_msg.o
LOAD ./Micrium/rtos/kernel/source/os_mutex.o
LOAD ./Micrium/rtos/kernel/source/os_prio.o
LOAD ./Micrium/rtos/kernel/source/os_q.o
LOAD ./Micrium/rtos/kernel/source/os_sem.o
LOAD ./Micrium/rtos/kernel/source/os_stat.o
LOAD ./Micrium/rtos/kernel/source/os_task.o
LOAD ./Micrium/rtos/kernel/source/os_tick.o
LOAD ./Micrium/rtos/kernel/source/os_time.o
LOAD ./Micrium/rtos/kernel/source/os_tmr.o
LOAD ./Micrium/rtos/kernel/source/os_var.o
LOAD ./Micrium/rtos/kernel/source/ports/armv7-m/gnu/os_cpu_a.o
LOAD ./Micrium/rtos/kernel/source/ports/armv7-m/gnu/os_cpu_c.o
LOAD ./Micrium/rtos/net/source/cmd/dns_client_cmd.o
LOAD ./Micrium/rtos/net/source/cmd/net_cmd.o
LOAD ./Micrium/rtos/net/source/cmd/net_cmd_args_parser.o
LOAD ./Micrium/rtos/net/source/cmd/net_cmd_output.o
LOAD ./Micrium/rtos/net/source/cmd/net_cmd_sock.o
LOAD ./Micrium/rtos/net/source/cmd/net_cmd_wifi.o
LOAD ./Micrium/rtos/net/source/cmd/smtp_client_cmd.o
LOAD ./Micrium/rtos/net/source/cmd/sntp_client_cmd.o
LOAD ./Micrium/rtos/net/source/dhcp/dhcp.o
LOAD ./Micrium/rtos/net/source/dhcp/dhcp_client.o
LOAD ./Micrium/rtos/net/source/dns/dns_client.o
LOAD ./Micrium/rtos/net/source/dns/dns_client_cache.o
LOAD ./Micrium/rtos/net/source/dns/dns_client_req.o
LOAD ./Micrium/rtos/net/source/dns/dns_client_task.o
LOAD ./Micrium/rtos/net/source/ssl_tls/net_secure_mocana.o
LOAD ./Micrium/rtos/net/source/tcpip/net.o
LOAD ./Micrium/rtos/net/source/tcpip/net_app.o
LOAD ./Micrium/rtos/net/source/tcpip/net_arp.o
LOAD ./Micrium/rtos/net/source/tcpip/net_ascii.o
LOAD ./Micrium/rtos/net/source/tcpip/net_bsd.o
LOAD ./Micrium/rtos/net/source/tcpip/net_buf.o
LOAD ./Micrium/rtos/net/source/tcpip/net_cache.o
LOAD ./Micrium/rtos/net/source/tcpip/net_conn.o
LOAD ./Micrium/rtos/net/source/tcpip/net_ctr.o
LOAD ./Micrium/rtos/net/source/tcpip/net_dad.o
LOAD ./Micrium/rtos/net/source/tcpip/net_icmp.o
LOAD ./Micrium/rtos/net/source/tcpip/net_icmpv4.o
LOAD ./Micrium/rtos/net/source/tcpip/net_icmpv6.o
LOAD ./Micrium/rtos/net/source/tcpip/net_if.o
LOAD ./Micrium/rtos/net/source/tcpip/net_if_802x.o
LOAD ./Micrium/rtos/net/source/tcpip/net_if_ether.o
LOAD ./Micrium/rtos/net/source/tcpip/net_if_loopback.o
LOAD ./Micrium/rtos/net/source/tcpip/net_if_wifi.o
LOAD ./Micrium/rtos/net/source/tcpip/net_igmp.o
LOAD ./Micrium/rtos/net/source/tcpip/net_ip.o
LOAD ./Micrium/rtos/net/source/tcpip/net_ipv4.o
LOAD ./Micrium/rtos/net/source/tcpip/net_ipv6.o
LOAD ./Micrium/rtos/net/source/tcpip/net_mldp.o
LOAD ./Micrium/rtos/net/source/tcpip/net_ndp.o
LOAD ./Micrium/rtos/net/source/tcpip/net_sock.o
LOAD ./Micrium/rtos/net/source/tcpip/net_stat.o
LOAD ./Micrium/rtos/net/source/tcpip/net_task.o
LOAD ./Micrium/rtos/net/source/tcpip/net_tcp.o
LOAD ./Micrium/rtos/net/source/tcpip/net_tmr.o
LOAD ./Micrium/rtos/net/source/tcpip/net_udp.o
LOAD ./Micrium/rtos/net/source/tcpip/net_util.o
LOAD ./Micrium/rtos/net/source/tcpip/net_wifi_mgr.o
LOAD ./Micrium/rtos/net/source/util/net_base64.o
LOAD ./Micrium/rtos/net/source/util/net_dict.o
LOAD ./Micrium/rtos/net/source/util/net_fs_port_native.o
LOAD ./Micrium/rtos/net/source/util/net_sha1.o
LOAD ./Micrium/rtos/net/source/util/net_svc_task.o
START GROUP
LOAD /Applications/Simplicity Studio.app/Contents/Eclipse/developer/toolchains/gnu_arm/4.9_2015q3/bin/../lib/gcc/arm-none-eabi/4.9.3/armv7e-m/softfp/libgcc.a
LOAD /Applications/Simplicity Studio.app/Contents/Eclipse/developer/toolchains/gnu_arm/4.9_2015q3/bin/../lib/gcc/arm-none-eabi/4.9.3/../../../../arm-none-eabi/lib/armv7e-m/softfp/libc_nano.a
LOAD /Applications/Simplicity Studio.app/Contents/Eclipse/developer/toolchains/gnu_arm/4.9_2015q3/bin/../lib/gcc/arm-none-eabi/4.9.3/../../../../arm-none-eabi/lib/armv7e-m/softfp/libnosys.a
END GROUP
START GROUP
LOAD /Applications/Simplicity Studio.app/Contents/Eclipse/developer/toolchains/gnu_arm/4.9_2015q3/bin/../lib/gcc/arm-none-eabi/4.9.3/armv7e-m/softfp/libgcc.a
LOAD /Applications/Simplicity Studio.app/Contents/Eclipse/developer/toolchains/gnu_arm/4.9_2015q3/bin/../lib/gcc/arm-none-eabi/4.9.3/../../../../arm-none-eabi/lib/armv7e-m/softfp/libg_nano.a
LOAD /Applications/Simplicity Studio.app/Contents/Eclipse/developer/toolchains/gnu_arm/4.9_2015q3/bin/../lib/gcc/arm-none-eabi/4.9.3/../../../../arm-none-eabi/lib/armv7e-m/softfp/libc_nano.a
END GROUP
START GROUP
LOAD /Applications/Simplicity Studio.app/Contents/Eclipse/developer/toolchains/gnu_arm/4.9_2015q3/bin/../lib/gcc/arm-none-eabi/4.9.3/armv7e-m/softfp/libgcc.a
LOAD /Applications/Simplicity Studio.app/Contents/Eclipse/developer/toolchains/gnu_arm/4.9_2015q3/bin/../lib/gcc/arm-none-eabi/4.9.3/../../../../arm-none-eabi/lib/armv7e-m/softfp/libc_nano.a
END GROUP
LOAD /Applications/Simplicity Studio.app/Contents/Eclipse/developer/toolchains/gnu_arm/4.9_2015q3/bin/../lib/gcc/arm-none-eabi/4.9.3/armv7e-m/softfp/crtend.o
LOAD /Applications/Simplicity Studio.app/Contents/Eclipse/developer/toolchains/gnu_arm/4.9_2015q3/bin/../lib/gcc/arm-none-eabi/4.9.3/armv7e-m/softfp/crtn.o

.text           0x0000000000000000    0x4b86c
 *(.vectors)
 .vectors       0x0000000000000000      0x150 ./Micrium/bsp/siliconlabs/slstk3701a_efm32gg11/source/startup/gcc/startup_efm32gg11b.o
                0x0000000000000000                __Vectors
                0x0000000000000150                __Vectors_End = .
                0x0000000000000150                __Vectors_Size = (__Vectors_End - __Vectors)
                0x0000000000000150                __end__ = .
 *(.text*)
 .text          0x0000000000000150       0x5c /Applications/Simplicity Studio.app/Contents/Eclipse/developer/toolchains/gnu_arm/4.9_2015q3/bin/../lib/gcc/arm-none-eabi/4.9.3/armv7e-m/softfp/crtbegin.o
 .text          0x00000000000001ac       0x74 /Applications/Simplicity Studio.app/Contents/Eclipse/developer/toolchains/gnu_arm/4.9_2015q3/bin/../lib/gcc/arm-none-eabi/4.9.3/../../../../arm-none-eabi/lib/armv7e-m/softfp/crt0.o
                0x00000000000001ac                _mainCRTStartup
                0x00000000000001ac                _start
 .text.assertEFM
                0x0000000000000220        0xc ./SiliconLabs/sdks/exx32/platform/emlib/src/em_assert.o
                0x0000000000000220                assertEFM
 .text.BUS_RegBitWrite
                0x000000000000022c       0x2c ./SiliconLabs/sdks/exx32/platform/emlib/src/em_cmu.o
 .text.BUS_RegBitRead
                0x0000000000000258       0x2c ./SiliconLabs/sdks/exx32/platform/emlib/src/em_cmu.o
 .text.BUS_RegMaskedSet
                0x0000000000000284       0x24 ./SiliconLabs/sdks/exx32/platform/emlib/src/em_cmu.o
 .text.BUS_RegMaskedClear
                0x00000000000002a8       0x24 ./SiliconLabs/sdks/exx32/platform/emlib/src/em_cmu.o
 .text.CMU_Log2ToDiv
                0x00000000000002cc       0x1c ./SiliconLabs/sdks/exx32/platform/emlib/src/em_cmu.o
 .text.CMU_PrescToLog2
                0x00000000000002e8       0x50 ./SiliconLabs/sdks/exx32/platform/emlib/src/em_cmu.o
 .text.EMU_VScaleWait
                0x0000000000000338       0x1c ./SiliconLabs/sdks/exx32/platform/emlib/src/em_cmu.o
 .text.EMU_VScaleGet
                0x0000000000000354       0x1c ./SiliconLabs/sdks/exx32/platform/emlib/src/em_cmu.o
 .text.setHfLeConfig
                0x0000000000000370       0x64 ./SiliconLabs/sdks/exx32/platform/emlib/src/em_cmu.o
 .text.auxClkGet
                0x00000000000003d4       0x20 ./SiliconLabs/sdks/exx32/platform/emlib/src/em_cmu.o
 .text.hfSrcClkGet
                0x00000000000003f4       0x2c ./SiliconLabs/sdks/exx32/platform/emlib/src/em_cmu.o
 .text.dbgClkGet
                0x0000000000000420       0x4c ./SiliconLabs/sdks/exx32/platform/emlib/src/em_cmu.o
 .text.adcAsyncClkGet
                0x000000000000046c       0xac ./SiliconLabs/sdks/exx32/platform/emlib/src/em_cmu.o
 .text.sdioRefClkGet
                0x0000000000000518       0x88 ./SiliconLabs/sdks/exx32/platform/emlib/src/em_cmu.o
 .text.qspiRefClkGet
                0x00000000000005a0       0x9c ./SiliconLabs/sdks/exx32/platform/emlib/src/em_cmu.o
 .text.usbRateClkGet
                0x000000000000063c       0xa8 ./SiliconLabs/sdks/exx32/platform/emlib/src/em_cmu.o
 .text.flashWaitStateControl
                0x00000000000006e4       0xbc ./SiliconLabs/sdks/exx32/platform/emlib/src/em_cmu.o
 .text.flashWaitStateMax
                0x00000000000007a0       0x14 ./SiliconLabs/sdks/exx32/platform/emlib/src/em_cmu.o
 .text.setRamWaitState
                0x00000000000007b4       0x48 ./SiliconLabs/sdks/exx32/platform/emlib/src/em_cmu.o
 .text.setBusWaitState
                0x00000000000007fc       0x3c ./SiliconLabs/sdks/exx32/platform/emlib/src/em_cmu.o
 .text.CMU_UpdateWaitStates
                0x0000000000000838       0x28 ./SiliconLabs/sdks/exx32/platform/emlib/src/em_cmu.o
                0x0000000000000838                CMU_UpdateWaitStates
 .text.getHfxoTuningMode
                0x0000000000000860       0x1c ./SiliconLabs/sdks/exx32/platform/emlib/src/em_cmu.o
 .text.setHfxoTuningMode
                0x000000000000087c       0x28 ./SiliconLabs/sdks/exx32/platform/emlib/src/em_cmu.o
 .text.lfClkGet
                0x00000000000008a4      0x134 ./SiliconLabs/sdks/exx32/platform/emlib/src/em_cmu.o
 .text.syncReg  0x00000000000009d8       0x38 ./SiliconLabs/sdks/exx32/platform/emlib/src/em_cmu.o
 .text.CMU_ClockDivGet
                0x0000000000000a10       0x1c ./SiliconLabs/sdks/exx32/platform/emlib/src/em_cmu.o
                0x0000000000000a10                CMU_ClockDivGet
 .text.CMU_ClockDivSet
                0x0000000000000a2c       0x1c ./SiliconLabs/sdks/exx32/platform/emlib/src/em_cmu.o
                0x0000000000000a2c                CMU_ClockDivSet
 .text.CMU_ClockEnable
                0x0000000000000a48      0x15c ./SiliconLabs/sdks/exx32/platform/emlib/src/em_cmu.o
                0x0000000000000a48                CMU_ClockEnable
 .text.CMU_ClockFreqGet
                0x0000000000000ba4      0x314 ./SiliconLabs/sdks/exx32/platform/emlib/src/em_cmu.o
                0x0000000000000ba4                CMU_ClockFreqGet
 .text.CMU_ClockPrescGet
                0x0000000000000eb8      0x298 ./SiliconLabs/sdks/exx32/platform/emlib/src/em_cmu.o
                0x0000000000000eb8                CMU_ClockPrescGet
 .text.CMU_ClockPrescSet
                0x0000000000001150      0x494 ./SiliconLabs/sdks/exx32/platform/emlib/src/em_cmu.o
                0x0000000000001150                CMU_ClockPrescSet
 .text.CMU_ClockSelectGet
                0x00000000000015e4      0x2cc ./SiliconLabs/sdks/exx32/platform/emlib/src/em_cmu.o
                0x00000000000015e4                CMU_ClockSelectGet
 .text.CMU_ClockSelectSet
                0x00000000000018b0      0x5ec ./SiliconLabs/sdks/exx32/platform/emlib/src/em_cmu.o
                0x00000000000018b0                CMU_ClockSelectSet
 .text.CMU_HFRCOBandGet
                0x0000000000001e9c       0x18 ./SiliconLabs/sdks/exx32/platform/emlib/src/em_cmu.o
                0x0000000000001e9c                CMU_HFRCOBandGet
 .text.CMU_HFXOInit
                0x0000000000001eb4       0xe4 ./SiliconLabs/sdks/exx32/platform/emlib/src/em_cmu.o
                0x0000000000001eb4                CMU_HFXOInit
 .text.CMU_OscillatorEnable
                0x0000000000001f98      0x1a8 ./SiliconLabs/sdks/exx32/platform/emlib/src/em_cmu.o
                0x0000000000001f98                CMU_OscillatorEnable
 .text.CMU_OscillatorTuningGet
                0x0000000000002140       0x80 ./SiliconLabs/sdks/exx32/platform/emlib/src/em_cmu.o
                0x0000000000002140                CMU_OscillatorTuningGet
 .text.CMU_OscillatorTuningSet
                0x00000000000021c0      0x13c ./SiliconLabs/sdks/exx32/platform/emlib/src/em_cmu.o
                0x00000000000021c0                CMU_OscillatorTuningSet
 .text.CMU_OscillatorTuningWait
                0x00000000000022fc       0x78 ./SiliconLabs/sdks/exx32/platform/emlib/src/em_cmu.o
                0x00000000000022fc                CMU_OscillatorTuningWait
 .text.CORE_EnterAtomic
                0x0000000000002374       0x20 ./SiliconLabs/sdks/exx32/platform/emlib/src/em_core.o
                0x0000000000002374                CORE_EnterAtomic
 .text.CORE_ExitAtomic
                0x0000000000002394       0x1c ./SiliconLabs/sdks/exx32/platform/emlib/src/em_core.o
                0x0000000000002394                CORE_ExitAtomic
 .text.BUS_RegBitWrite
                0x00000000000023b0       0x2c ./SiliconLabs/sdks/exx32/platform/emlib/src/em_emu.o
 .text.BUS_RegBitRead
                0x00000000000023dc       0x2c ./SiliconLabs/sdks/exx32/platform/emlib/src/em_emu.o
 .text.EMU_VScaleWait
                0x0000000000002408       0x1c ./SiliconLabs/sdks/exx32/platform/emlib/src/em_emu.o
 .text.EMU_VScaleGet
                0x0000000000002424       0x1c ./SiliconLabs/sdks/exx32/platform/emlib/src/em_emu.o
 .text.EMU_IntClear
                0x0000000000002440       0x1c ./SiliconLabs/sdks/exx32/platform/emlib/src/em_emu.o
 .text.EMU_IntGet
                0x000000000000245c       0x18 ./SiliconLabs/sdks/exx32/platform/emlib/src/em_emu.o
 .text.vScaleEM01Cmd
                0x0000000000002474       0x24 ./SiliconLabs/sdks/exx32/platform/emlib/src/em_emu.o
 .text.EMU_VScaleEM01ByClock
                0x0000000000002498       0x70 ./SiliconLabs/sdks/exx32/platform/emlib/src/em_emu.o
                0x0000000000002498                EMU_VScaleEM01ByClock
 .text.EMU_VScaleEM01
                0x0000000000002508       0xa0 ./SiliconLabs/sdks/exx32/platform/emlib/src/em_emu.o
                0x0000000000002508                EMU_VScaleEM01
 .text.dcdcConstCalibrationLoad
                0x00000000000025a8       0x10 ./SiliconLabs/sdks/exx32/platform/emlib/src/em_emu.o
 .text.dcdcValidatedConfigSet
                0x00000000000025b8       0x40 ./SiliconLabs/sdks/exx32/platform/emlib/src/em_emu.o
 .text.currentLimitersUpdate
                0x00000000000025f8      0x128 ./SiliconLabs/sdks/exx32/platform/emlib/src/em_emu.o
 .text.userCurrentLimitsSet
                0x0000000000002720       0x2c ./SiliconLabs/sdks/exx32/platform/emlib/src/em_emu.o
 .text.compCtrlSet
                0x000000000000274c       0x48 ./SiliconLabs/sdks/exx32/platform/emlib/src/em_emu.o
 .text.lpCmpHystCalibrationLoad
                0x0000000000002794       0xf0 ./SiliconLabs/sdks/exx32/platform/emlib/src/em_emu.o
 .text.lpGetDevinfoVrefLowHigh
                0x0000000000002884      0x168 ./SiliconLabs/sdks/exx32/platform/emlib/src/em_emu.o
 .text.EMU_DCDCModeSet
                0x00000000000029ec       0xf0 ./SiliconLabs/sdks/exx32/platform/emlib/src/em_emu.o
                0x00000000000029ec                EMU_DCDCModeSet
 .text.EMU_DCDCInit
                0x0000000000002adc      0x1a8 ./SiliconLabs/sdks/exx32/platform/emlib/src/em_emu.o
                0x0000000000002adc                EMU_DCDCInit
 .text.EMU_DCDCOutputVoltageSet
                0x0000000000002c84      0x2f8 ./SiliconLabs/sdks/exx32/platform/emlib/src/em_emu.o
                0x0000000000002c84                EMU_DCDCOutputVoltageSet
 .text.EMU_DCDCOptimizeSlice
                0x0000000000002f7c       0xe8 ./SiliconLabs/sdks/exx32/platform/emlib/src/em_emu.o
                0x0000000000002f7c                EMU_DCDCOptimizeSlice
 .text.EMU_DCDCLnRcoBandSet
                0x0000000000003064       0x60 ./SiliconLabs/sdks/exx32/platform/emlib/src/em_emu.o
                0x0000000000003064                EMU_DCDCLnRcoBandSet
 .text.BUS_RegBitWrite
                0x00000000000030c4       0x2c ./SiliconLabs/sdks/exx32/platform/emlib/src/em_gpio.o
 .text.BUS_RegMaskedSet
                0x00000000000030f0       0x24 ./SiliconLabs/sdks/exx32/platform/emlib/src/em_gpio.o
 .text.BUS_RegMaskedClear
                0x0000000000003114       0x24 ./SiliconLabs/sdks/exx32/platform/emlib/src/em_gpio.o
 .text.BUS_RegMaskedWrite
                0x0000000000003138       0x24 ./SiliconLabs/sdks/exx32/platform/emlib/src/em_gpio.o
 .text.GPIO_PinOutClear
                0x000000000000315c       0xc0 ./SiliconLabs/sdks/exx32/platform/emlib/src/em_gpio.o
 .text.GPIO_PinOutSet
                0x000000000000321c       0xc0 ./SiliconLabs/sdks/exx32/platform/emlib/src/em_gpio.o
 .text.GPIO_ExtIntConfig
                0x00000000000032dc      0x1a0 ./SiliconLabs/sdks/exx32/platform/emlib/src/em_gpio.o
                0x00000000000032dc                GPIO_ExtIntConfig
 .text.GPIO_PinModeSet
                0x000000000000347c      0x174 ./SiliconLabs/sdks/exx32/platform/emlib/src/em_gpio.o
                0x000000000000347c                GPIO_PinModeSet
 .text.PRS_SourceAsyncSignalSet
                0x00000000000035f0       0x44 ./SiliconLabs/sdks/exx32/platform/emlib/src/em_prs.o
                0x00000000000035f0                PRS_SourceAsyncSignalSet
 .text.BUS_RegBitWrite
                0x0000000000003634       0x2c ./SiliconLabs/sdks/exx32/platform/emlib/src/em_rtcc.o
 .text.RTCC_ChannelInit
                0x0000000000003660       0x78 ./SiliconLabs/sdks/exx32/platform/emlib/src/em_rtcc.o
                0x0000000000003660                RTCC_ChannelInit
 .text.RTCC_Enable
                0x00000000000036d8       0x20 ./SiliconLabs/sdks/exx32/platform/emlib/src/em_rtcc.o
                0x00000000000036d8                RTCC_Enable
 .text.RTCC_Init
                0x00000000000036f8       0x68 ./SiliconLabs/sdks/exx32/platform/emlib/src/em_rtcc.o
                0x00000000000036f8                RTCC_Init
 .text.USART_BaudrateAsyncSet
                0x0000000000003760      0x134 ./SiliconLabs/sdks/exx32/platform/emlib/src/em_usart.o
                0x0000000000003760                USART_BaudrateAsyncSet
 .text.USART_BaudrateSyncSet
                0x0000000000003894       0x6c ./SiliconLabs/sdks/exx32/platform/emlib/src/em_usart.o
                0x0000000000003894                USART_BaudrateSyncSet
 .text.USART_Enable
                0x0000000000003900       0x9c ./SiliconLabs/sdks/exx32/platform/emlib/src/em_usart.o
                0x0000000000003900                USART_Enable
 .text.USART_InitAsync
                0x000000000000399c      0x110 ./SiliconLabs/sdks/exx32/platform/emlib/src/em_usart.o
                0x000000000000399c                USART_InitAsync
 .text.USART_InitSync
                0x0000000000003aac      0x12c ./SiliconLabs/sdks/exx32/platform/emlib/src/em_usart.o
                0x0000000000003aac                USART_InitSync
 .text.USART_Reset
                0x0000000000003bd8       0xfc ./SiliconLabs/sdks/exx32/platform/emlib/src/em_usart.o
                0x0000000000003bd8                USART_Reset
 .text.USART_Rx
                0x0000000000003cd4       0x28 ./SiliconLabs/sdks/exx32/platform/emlib/src/em_usart.o
                0x0000000000003cd4                USART_Rx
 .text.USART_Tx
                0x0000000000003cfc       0x2c ./SiliconLabs/sdks/exx32/platform/emlib/src/em_usart.o
                0x0000000000003cfc                USART_Tx
 .text.USART_TxDouble
                0x0000000000003d28       0x2c ./SiliconLabs/sdks/exx32/platform/emlib/src/em_usart.o
                0x0000000000003d28                USART_TxDouble
 .text.TIMER_IntClear
                0x0000000000003d54       0x1c ./SiliconLabs/sdks/exx32/platform/emdrv/ustimer/src/ustimer.o
 .text.TIMER_IntGet
                0x0000000000003d70       0x18 ./SiliconLabs/sdks/exx32/platform/emdrv/ustimer/src/ustimer.o
 .text.TIMER0_IRQHandler
                0x0000000000003d88       0x34 ./SiliconLabs/sdks/exx32/platform/emdrv/ustimer/src/ustimer.o
                0x0000000000003d88                TIMER0_IRQHandler
 .text.NVIC_EnableIRQ
                0x0000000000003dbc       0x30 ./SiliconLabs/sdks/exx32/platform/emdrv/gpiointerrupt/src/gpiointerrupt.o
 .text.NVIC_ClearPendingIRQ
                0x0000000000003dec       0x34 ./SiliconLabs/sdks/exx32/platform/emdrv/gpiointerrupt/src/gpiointerrupt.o
 .text.GPIO_IntClear
                0x0000000000003e20       0x20 ./SiliconLabs/sdks/exx32/platform/emdrv/gpiointerrupt/src/gpiointerrupt.o
 .text.GPIO_IntGetEnabled
                0x0000000000003e40       0x28 ./SiliconLabs/sdks/exx32/platform/emdrv/gpiointerrupt/src/gpiointerrupt.o
 .text.SL_CTZ   0x0000000000003e68       0x28 ./SiliconLabs/sdks/exx32/platform/emdrv/gpiointerrupt/src/gpiointerrupt.o
 .text.GPIOINT_Init
                0x0000000000003e90       0x20 ./SiliconLabs/sdks/exx32/platform/emdrv/gpiointerrupt/src/gpiointerrupt.o
                0x0000000000003e90                GPIOINT_Init
 .text.GPIOINT_CallbackRegister
                0x0000000000003eb0       0x2c ./SiliconLabs/sdks/exx32/platform/emdrv/gpiointerrupt/src/gpiointerrupt.o
                0x0000000000003eb0                GPIOINT_CallbackRegister
 .text.GPIOINT_IRQDispatcher
                0x0000000000003edc       0x50 ./SiliconLabs/sdks/exx32/platform/emdrv/gpiointerrupt/src/gpiointerrupt.o
 .text.GPIO_EVEN_IRQHandler
                0x0000000000003f2c       0x28 ./SiliconLabs/sdks/exx32/platform/emdrv/gpiointerrupt/src/gpiointerrupt.o
                0x0000000000003f2c                GPIO_EVEN_IRQHandler
 .text.GPIO_ODD_IRQHandler
                0x0000000000003f54       0x28 ./SiliconLabs/sdks/exx32/platform/emdrv/gpiointerrupt/src/gpiointerrupt.o
                0x0000000000003f54                GPIO_ODD_IRQHandler
 .text.LDMA_IRQHandler
                0x0000000000003f7c       0xdc ./SiliconLabs/sdks/exx32/platform/emdrv/dmadrv/src/dmadrv.o
                0x0000000000003f7c                LDMA_IRQHandler
 .text.DISPLAY_Init
                0x0000000000004058       0x54 ./SiliconLabs/sdks/exx32/hardware/kit/common/drivers/display.o
                0x0000000000004058                DISPLAY_Init
 .text.DISPLAY_DeviceGet
                0x00000000000040ac       0x60 ./SiliconLabs/sdks/exx32/hardware/kit/common/drivers/display.o
                0x00000000000040ac                DISPLAY_DeviceGet
 .text.DISPLAY_DeviceRegister
                0x000000000000410c       0x6c ./SiliconLabs/sdks/exx32/hardware/kit/common/drivers/display.o
                0x000000000000410c                DISPLAY_DeviceRegister
 .text.DISPLAY_Ls013b7dh06Init
                0x0000000000004178       0xe0 ./SiliconLabs/sdks/exx32/hardware/kit/common/drivers/displayls013b7dh06.o
                0x0000000000004178                DISPLAY_Ls013b7dh06Init
 .text.DriverRefresh
                0x0000000000004258       0x20 ./SiliconLabs/sdks/exx32/hardware/kit/common/drivers/displayls013b7dh06.o
 .text.DisplayEnable
                0x0000000000004278       0x34 ./SiliconLabs/sdks/exx32/hardware/kit/common/drivers/displayls013b7dh06.o
 .text.DisplayClear
                0x00000000000042ac       0x3c ./SiliconLabs/sdks/exx32/hardware/kit/common/drivers/displayls013b7dh06.o
 .text.PixelMatrixAllocate
                0x00000000000042e8       0x74 ./SiliconLabs/sdks/exx32/hardware/kit/common/drivers/displayls013b7dh06.o
 .text.PixelMatrixFree
                0x000000000000435c       0x1c ./SiliconLabs/sdks/exx32/hardware/kit/common/drivers/displayls013b7dh06.o
 .text.PixelMatrixClear
                0x0000000000004378       0x40 ./SiliconLabs/sdks/exx32/hardware/kit/common/drivers/displayls013b7dh06.o
 .text.PixelMatrixDraw
                0x00000000000043b8       0xb8 ./SiliconLabs/sdks/exx32/hardware/kit/common/drivers/displayls013b7dh06.o
 .text.BUS_RegMaskedSet
                0x0000000000004470       0x24 ./SiliconLabs/sdks/exx32/hardware/kit/common/drivers/displaypalemlib.o
 .text.BUS_RegMaskedClear
                0x0000000000004494       0x24 ./SiliconLabs/sdks/exx32/hardware/kit/common/drivers/displaypalemlib.o
 .text.GPIO_PinOutClear
                0x00000000000044b8       0xc0 ./SiliconLabs/sdks/exx32/hardware/kit/common/drivers/displaypalemlib.o
 .text.GPIO_PinOutSet
                0x0000000000004578       0xc0 ./SiliconLabs/sdks/exx32/hardware/kit/common/drivers/displaypalemlib.o
 .text.RTCC_ChannelCCVSet
                0x0000000000004638       0x38 ./SiliconLabs/sdks/exx32/hardware/kit/common/drivers/displaypalemlib.o
 .text.PAL_SpiInit
                0x0000000000004670       0x68 ./SiliconLabs/sdks/exx32/hardware/kit/common/drivers/displaypalemlib.o
                0x0000000000004670                PAL_SpiInit
 .text.PAL_SpiTransmit
                0x00000000000046d8       0x74 ./SiliconLabs/sdks/exx32/hardware/kit/common/drivers/displaypalemlib.o
                0x00000000000046d8                PAL_SpiTransmit
 .text.PAL_TimerInit
                0x000000000000474c       0x18 ./SiliconLabs/sdks/exx32/hardware/kit/common/drivers/displaypalemlib.o
                0x000000000000474c                PAL_TimerInit
 .text.PAL_TimerMicroSecondsDelay
                0x0000000000004764       0x1c ./SiliconLabs/sdks/exx32/hardware/kit/common/drivers/displaypalemlib.o
                0x0000000000004764                PAL_TimerMicroSecondsDelay
 .text.PAL_GpioInit
                0x0000000000004780       0x20 ./SiliconLabs/sdks/exx32/hardware/kit/common/drivers/displaypalemlib.o
                0x0000000000004780                PAL_GpioInit
 .text.PAL_GpioPinModeSet
                0x00000000000047a0       0x44 ./SiliconLabs/sdks/exx32/hardware/kit/common/drivers/displaypalemlib.o
                0x00000000000047a0                PAL_GpioPinModeSet
 .text.PAL_GpioPinOutSet
                0x00000000000047e4       0x24 ./SiliconLabs/sdks/exx32/hardware/kit/common/drivers/displaypalemlib.o
                0x00000000000047e4                PAL_GpioPinOutSet
 .text.PAL_GpioPinOutClear
                0x0000000000004808       0x24 ./SiliconLabs/sdks/exx32/hardware/kit/common/drivers/displaypalemlib.o
                0x0000000000004808                PAL_GpioPinOutClear
 .text.PAL_GpioPinAutoToggle
                0x000000000000482c       0x6c ./SiliconLabs/sdks/exx32/hardware/kit/common/drivers/displaypalemlib.o
                0x000000000000482c                PAL_GpioPinAutoToggle
 .text.palClockSetup
                0x0000000000004898       0x24 ./SiliconLabs/sdks/exx32/hardware/kit/common/drivers/displaypalemlib.o
 .text.rtccSetup
                0x00000000000048bc       0xa0 ./SiliconLabs/sdks/exx32/hardware/kit/common/drivers/displaypalemlib.o
 .text._close   0x000000000000495c       0x18 ./SiliconLabs/sdks/exx32/hardware/kit/common/drivers/retargetio.o
                0x000000000000495c                _close
 .text._exit    0x0000000000004974        0xc ./SiliconLabs/sdks/exx32/hardware/kit/common/drivers/retargetio.o
                0x0000000000004974                _exit
 .text._fstat   0x0000000000004980       0x20 ./SiliconLabs/sdks/exx32/hardware/kit/common/drivers/retargetio.o
                0x0000000000004980                _fstat
 .text._isatty  0x00000000000049a0       0x18 ./SiliconLabs/sdks/exx32/hardware/kit/common/drivers/retargetio.o
                0x00000000000049a0                _isatty
 .text._lseek   0x00000000000049b8       0x1c ./SiliconLabs/sdks/exx32/hardware/kit/common/drivers/retargetio.o
                0x00000000000049b8                _lseek
 .text._read    0x00000000000049d4       0x58 ./SiliconLabs/sdks/exx32/hardware/kit/common/drivers/retargetio.o
                0x00000000000049d4                _read
 .text._sbrk    0x0000000000004a2c       0x7c ./SiliconLabs/sdks/exx32/hardware/kit/common/drivers/retargetio.o
                0x0000000000004a2c                _sbrk
 .text._write   0x0000000000004aa8       0x38 ./SiliconLabs/sdks/exx32/hardware/kit/common/drivers/retargetio.o
                0x0000000000004aa8                _write
 .text.NVIC_EnableIRQ
                0x0000000000004ae0       0x30 ./SiliconLabs/sdks/exx32/hardware/kit/common/drivers/retargetserial.o
 .text.NVIC_ClearPendingIRQ
                0x0000000000004b10       0x34 ./SiliconLabs/sdks/exx32/hardware/kit/common/drivers/retargetserial.o
 .text.USART_IntClear
                0x0000000000004b44       0x1c ./SiliconLabs/sdks/exx32/hardware/kit/common/drivers/retargetserial.o
 .text.USART_IntEnable
                0x0000000000004b60       0x20 ./SiliconLabs/sdks/exx32/hardware/kit/common/drivers/retargetserial.o
 .text.USART4_RX_IRQHandler
                0x0000000000004b80       0x74 ./SiliconLabs/sdks/exx32/hardware/kit/common/drivers/retargetserial.o
                0x0000000000004b80                USART4_RX_IRQHandler
 .text.RETARGET_SerialCrLf
                0x0000000000004bf4       0x2c ./SiliconLabs/sdks/exx32/hardware/kit/common/drivers/retargetserial.o
                0x0000000000004bf4                RETARGET_SerialCrLf
 .text.RETARGET_SerialInit
                0x0000000000004c20       0xe4 ./SiliconLabs/sdks/exx32/hardware/kit/common/drivers/retargetserial.o
                0x0000000000004c20                RETARGET_SerialInit
 .text.RETARGET_ReadChar
                0x0000000000004d04       0x7c ./SiliconLabs/sdks/exx32/hardware/kit/common/drivers/retargetserial.o
                0x0000000000004d04                RETARGET_ReadChar
 .text.RETARGET_WriteChar
                0x0000000000004d80       0x68 ./SiliconLabs/sdks/exx32/hardware/kit/common/drivers/retargetserial.o
                0x0000000000004d80                RETARGET_WriteChar
 .text.NVIC_ClearPendingIRQ
                0x0000000000004de8       0x34 ./SiliconLabs/sdks/exx32/hardware/kit/common/drivers/udelay.o
 .text.RTCC_CounterGet
                0x0000000000004e1c       0x18 ./SiliconLabs/sdks/exx32/hardware/kit/common/drivers/udelay.o
 .text.UDELAY_Calibrate
                0x0000000000004e34      0x190 ./SiliconLabs/sdks/exx32/hardware/kit/common/drivers/udelay.o
                0x0000000000004e34                UDELAY_Calibrate
 .text.UDELAY_Delay
                0x0000000000004fc4       0x38 ./SiliconLabs/sdks/exx32/hardware/kit/common/drivers/udelay.o
                0x0000000000004fc4                UDELAY_Delay
 .text.calibrate_delay
                0x0000000000004ffc       0xd8 ./SiliconLabs/sdks/exx32/hardware/kit/common/drivers/udelay.o
 .text.clock    0x00000000000050d4       0x10 ./SiliconLabs/sdks/exx32/hardware/kit/common/drivers/udelay.o
 .text._delay   0x00000000000050e4       0x18 ./SiliconLabs/sdks/exx32/hardware/kit/common/drivers/udelay.o
 .text.BSP_LedsInit
                0x00000000000050fc       0xb4 ./SiliconLabs/sdks/exx32/hardware/kit/common/bsp/bsp_stk_leds.o
                0x00000000000050fc                BSP_LedsInit
 .text.GLIB_colorTranslate24bppInl
                0x00000000000051b0       0x34 ./SiliconLabs/sdks/exx32/platform/middleware/glib/glib/glib.o
 .text.GLIB_contextInit
                0x00000000000051e4       0x84 ./SiliconLabs/sdks/exx32/platform/middleware/glib/glib/glib.o
                0x00000000000051e4                GLIB_contextInit
 .text.GLIB_setClippingRegion
                0x0000000000005268       0xa4 ./SiliconLabs/sdks/exx32/platform/middleware/glib/glib/glib.o
                0x0000000000005268                GLIB_setClippingRegion
 .text.GLIB_clear
                0x000000000000530c       0x70 ./SiliconLabs/sdks/exx32/platform/middleware/glib/glib/glib.o
                0x000000000000530c                GLIB_clear
 .text.GLIB_resetDisplayClippingArea
                0x000000000000537c       0x30 ./SiliconLabs/sdks/exx32/platform/middleware/glib/glib/glib.o
                0x000000000000537c                GLIB_resetDisplayClippingArea
 .text.GLIB_applyClippingRegion
                0x00000000000053ac       0x58 ./SiliconLabs/sdks/exx32/platform/middleware/glib/glib/glib.o
                0x00000000000053ac                GLIB_applyClippingRegion
 .text.GLIB_colorTranslate24bpp
                0x0000000000005404       0x20 ./SiliconLabs/sdks/exx32/platform/middleware/glib/glib/glib.o
                0x0000000000005404                GLIB_colorTranslate24bpp
 .text.GLIB_drawPixel
                0x0000000000005424       0x6c ./SiliconLabs/sdks/exx32/platform/middleware/glib/glib/glib.o
                0x0000000000005424                GLIB_drawPixel
 .text.GLIB_drawPixelColor
                0x0000000000005490       0x6c ./SiliconLabs/sdks/exx32/platform/middleware/glib/glib/glib.o
                0x0000000000005490                GLIB_drawPixelColor
 .text.GLIB_drawBitmap
                0x00000000000054fc       0x5c ./SiliconLabs/sdks/exx32/platform/middleware/glib/glib/glib_bitmap.o
                0x00000000000054fc                GLIB_drawBitmap
 .text.GLIB_rectContainsPoint
                0x0000000000005558       0x4c ./SiliconLabs/sdks/exx32/platform/middleware/glib/glib/glib_rectangle.o
                0x0000000000005558                GLIB_rectContainsPoint
 .text.GLIB_normalizeRect
                0x00000000000055a4       0x54 ./SiliconLabs/sdks/exx32/platform/middleware/glib/glib/glib_rectangle.o
                0x00000000000055a4                GLIB_normalizeRect
 .text.GLIB_drawRectFilled
                0x00000000000055f8       0xe4 ./SiliconLabs/sdks/exx32/platform/middleware/glib/glib/glib_rectangle.o
                0x00000000000055f8                GLIB_drawRectFilled
 .text.GLIB_drawChar
                0x00000000000056dc      0x1d8 ./SiliconLabs/sdks/exx32/platform/middleware/glib/glib/glib_string.o
                0x00000000000056dc                GLIB_drawChar
 .text.GLIB_drawString
                0x00000000000058b4       0xd0 ./SiliconLabs/sdks/exx32/platform/middleware/glib/glib/glib_string.o
                0x00000000000058b4                GLIB_drawString
 .text.GLIB_setFont
                0x0000000000005984       0x44 ./SiliconLabs/sdks/exx32/platform/middleware/glib/glib/glib_string.o
                0x0000000000005984                GLIB_setFont
 .text.DMD_init
                0x00000000000059c8       0xc8 ./SiliconLabs/sdks/exx32/platform/middleware/glib/dmd/display/dmd_display.o
                0x00000000000059c8                DMD_init
 .text.DMD_getDisplayGeometry
                0x0000000000005a90       0x38 ./SiliconLabs/sdks/exx32/platform/middleware/glib/dmd/display/dmd_display.o
                0x0000000000005a90                DMD_getDisplayGeometry
 .text.DMD_setClippingArea
                0x0000000000005ac8       0x8c ./SiliconLabs/sdks/exx32/platform/middleware/glib/dmd/display/dmd_display.o
                0x0000000000005ac8                DMD_setClippingArea
 .text.DMD_writeData
                0x0000000000005b54      0x434 ./SiliconLabs/sdks/exx32/platform/middleware/glib/dmd/display/dmd_display.o
                0x0000000000005b54                DMD_writeData
 .text.DMD_writeColor
                0x0000000000005f88      0x420 ./SiliconLabs/sdks/exx32/platform/middleware/glib/dmd/display/dmd_display.o
                0x0000000000005f88                DMD_writeColor
 .text.DMD_allocateFramebuffer
                0x00000000000063a8       0x54 ./SiliconLabs/sdks/exx32/platform/middleware/glib/dmd/display/dmd_display.o
                0x00000000000063a8                DMD_allocateFramebuffer
 .text.DMD_updateDisplay
                0x00000000000063fc      0x114 ./SiliconLabs/sdks/exx32/platform/middleware/glib/dmd/display/dmd_display.o
                0x00000000000063fc                DMD_updateDisplay
 .text.main     0x0000000000006510       0x8c ./App/src/app.o
                0x0000000000006510                main
 .text.AppStartTask
                0x000000000000659c       0x74 ./App/src/app.o
 .text.GPIO_IntConfig
                0x0000000000006610       0x38 ./App/src/app_client.o
 .text.AppClientInit
                0x0000000000006648       0x7c ./App/src/app_client.o
                0x0000000000006648                AppClientInit
 .text.AppClientGetStatus
                0x00000000000066c4       0x18 ./App/src/app_client.o
                0x00000000000066c4                AppClientGetStatus
 .text.AppClient_Task
                0x00000000000066dc       0xd8 ./App/src/app_client.o
 .text.AppClient_GPIOInit
                0x00000000000067b4       0x68 ./App/src/app_client.o
 .text.AppClient_NetInit
                0x000000000000681c       0xcc ./App/src/app_client.o
 .text.AppClient_Tx
                0x00000000000068e8       0xa8 ./App/src/app_client.o
 .text.AppClient_GPIOCallback
                0x0000000000006990       0x5c ./App/src/app_client.o
 .text.AppClient_LinkStateStatus
                0x00000000000069ec       0x34 ./App/src/app_client.o
 .text.AppGraphicsInit
                0x0000000000006a20       0x58 ./App/src/app_graphics.o
                0x0000000000006a20                AppGraphicsInit
 .text.AppGraphics_Task
                0x0000000000006a78       0x4c ./App/src/app_graphics.o
 .text.AppGraphics_Init
                0x0000000000006ac4       0x34 ./App/src/app_graphics.o
 .text.AppGraphics_StartScreen
                0x0000000000006af8      0x15c ./App/src/app_graphics.o
 .text.AppGraphics_DrawLinkStatus
                0x0000000000006c54       0x60 ./App/src/app_graphics.o
 .text.AppGraphics_DrawIPv4Status
                0x0000000000006cb4       0x78 ./App/src/app_graphics.o
 .text.AppGraphics_DrawStatus
                0x0000000000006d2c       0xd0 ./App/src/app_graphics.o
 .text.AppGraphics_DrawTxRxStatus
                0x0000000000006dfc      0x184 ./App/src/app_graphics.o
 .text.AppServerGetStatus
                0x0000000000006f80       0x18 ./App/src/app_server.o
                0x0000000000006f80                AppServerGetStatus
 .text.CPU_TS_TmrInit
                0x0000000000006f98       0x44 ./Micrium/bsp/siliconlabs/slstk3701a_efm32gg11/source/bsp_cpu.o
                0x0000000000006f98                CPU_TS_TmrInit
 .text.CPU_TS_TmrRd
                0x0000000000006fdc       0x20 ./Micrium/bsp/siliconlabs/slstk3701a_efm32gg11/source/bsp_cpu.o
                0x0000000000006fdc                CPU_TS_TmrRd
 .text.BSP_CPUInit
                0x0000000000006ffc       0x48 ./Micrium/bsp/siliconlabs/slstk3701a_efm32gg11/source/bsp_cpu.o
                0x0000000000006ffc                BSP_CPUInit
 .text.NVIC_EnableIRQ
                0x0000000000007044       0x30 ./Micrium/bsp/siliconlabs/slstk3701a_efm32gg11/source/bsp_net_ether_gem.o
 .text.BSP_NetEther_CfgClk
                0x0000000000007074       0xc4 ./Micrium/bsp/siliconlabs/slstk3701a_efm32gg11/source/bsp_net_ether_gem.o
 .text.BSP_NetEther_CfgIntCtrl
                0x0000000000007138       0x30 ./Micrium/bsp/siliconlabs/slstk3701a_efm32gg11/source/bsp_net_ether_gem.o
 .text.BSP_NetEther_CfgGPIO
                0x0000000000007168       0xfc ./Micrium/bsp/siliconlabs/slstk3701a_efm32gg11/source/bsp_net_ether_gem.o
 .text.BSP_NetEther_ClkFreqGet
                0x0000000000007264       0x58 ./Micrium/bsp/siliconlabs/slstk3701a_efm32gg11/source/bsp_net_ether_gem.o
 .text.BSP_NetEther_ISR_Handler
                0x00000000000072bc       0x20 ./Micrium/bsp/siliconlabs/slstk3701a_efm32gg11/source/bsp_net_ether_gem.o
 .text.CHIP_Init
                0x00000000000072dc        0xc ./Micrium/bsp/siliconlabs/slstk3701a_efm32gg11/source/bsp_os.o
 .text.BSP_SystemInit
                0x00000000000072e8       0x30 ./Micrium/bsp/siliconlabs/slstk3701a_efm32gg11/source/bsp_os.o
                0x00000000000072e8                BSP_SystemInit
 .text.BSP_OS_Init
                0x0000000000007318       0x20 ./Micrium/bsp/siliconlabs/slstk3701a_efm32gg11/source/bsp_os.o
                0x0000000000007318                BSP_OS_Init
 .text.BSP_TickInit
                0x0000000000007338       0x28 ./Micrium/bsp/siliconlabs/slstk3701a_efm32gg11/source/bsp_os.o
                0x0000000000007338                BSP_TickInit
 .text          0x0000000000007360       0x30 ./Micrium/bsp/siliconlabs/slstk3701a_efm32gg11/source/startup/gcc/startup_efm32gg11b.o
                0x0000000000007360                Reset_Handler
                0x000000000000738c                TIMER5_IRQHandler
                0x000000000000738c                DebugMon_Handler
                0x000000000000738c                USART0_TX_IRQHandler
                0x000000000000738c                USART5_RX_IRQHandler
                0x000000000000738c                I2C0_IRQHandler
                0x000000000000738c                HardFault_Handler
                0x000000000000738c                LEUART1_IRQHandler
                0x000000000000738c                SysTick_Handler
                0x000000000000738c                SDIO_IRQHandler
                0x000000000000738c                USART1_RX_IRQHandler
                0x000000000000738c                PendSV_Handler
                0x000000000000738c                NMI_Handler
                0x000000000000738c                I2C1_IRQHandler
                0x000000000000738c                CAN1_IRQHandler
                0x000000000000738c                WTIMER0_IRQHandler
                0x000000000000738c                WTIMER3_IRQHandler
                0x000000000000738c                CRYPTO0_IRQHandler
                0x000000000000738c                WDOG0_IRQHandler
                0x000000000000738c                TIMER3_IRQHandler
                0x000000000000738c                USART1_TX_IRQHandler
                0x000000000000738c                SMU_IRQHandler
                0x000000000000738c                MSC_IRQHandler
                0x000000000000738c                ADC0_IRQHandler
                0x000000000000738c                UsageFault_Handler
                0x000000000000738c                WDOG1_IRQHandler
                0x000000000000738c                LEUART0_IRQHandler
                0x000000000000738c                TIMER4_IRQHandler
                0x000000000000738c                FPUEH_IRQHandler
                0x000000000000738c                WTIMER1_IRQHandler
                0x000000000000738c                UART0_TX_IRQHandler
                0x000000000000738c                UART1_TX_IRQHandler
                0x000000000000738c                VDAC0_IRQHandler
                0x000000000000738c                QSPI0_IRQHandler
                0x000000000000738c                TIMER6_IRQHandler
                0x000000000000738c                CSEN_IRQHandler
                0x000000000000738c                ADC1_IRQHandler
                0x000000000000738c                I2C2_IRQHandler
                0x000000000000738c                RTC_IRQHandler
                0x000000000000738c                LCD_IRQHandler
                0x000000000000738c                PCNT2_IRQHandler
                0x000000000000738c                UART0_RX_IRQHandler
                0x000000000000738c                WTIMER2_IRQHandler
                0x000000000000738c                LETIMER0_IRQHandler
                0x000000000000738c                TIMER1_IRQHandler
                0x000000000000738c                TRNG0_IRQHandler
                0x000000000000738c                USART2_RX_IRQHandler
                0x000000000000738c                Default_Handler
                0x000000000000738c                EMU_IRQHandler
                0x000000000000738c                CRYOTIMER_IRQHandler
                0x000000000000738c                PCNT0_IRQHandler
                0x000000000000738c                USB_IRQHandler
                0x000000000000738c                USART4_TX_IRQHandler
                0x000000000000738c                PCNT1_IRQHandler
                0x000000000000738c                ACMP0_IRQHandler
                0x000000000000738c                USART0_RX_IRQHandler
                0x000000000000738c                USART5_TX_IRQHandler
                0x000000000000738c                MemManage_Handler
                0x000000000000738c                SVC_Handler
                0x000000000000738c                USART3_RX_IRQHandler
                0x000000000000738c                RTCC_IRQHandler
                0x000000000000738c                UART1_RX_IRQHandler
                0x000000000000738c                ETH_IRQHandler
                0x000000000000738c                CMU_IRQHandler
                0x000000000000738c                EBI_IRQHandler
                0x000000000000738c                CAN0_IRQHandler
                0x000000000000738c                LESENSE_IRQHandler
                0x000000000000738c                USART3_TX_IRQHandler
                0x000000000000738c                LETIMER1_IRQHandler
                0x000000000000738c                ACMP2_IRQHandler
                0x000000000000738c                BusFault_Handler
                0x000000000000738c                USART2_TX_IRQHandler
                0x000000000000738c                TIMER2_IRQHandler
                0x000000000000738c                IDAC0_IRQHandler
 .text.SystemCoreClockGet
                0x0000000000007390       0x44 ./Micrium/bsp/siliconlabs/slstk3701a_efm32gg11/source/startup/system_efm32gg11b.o
                0x0000000000007390                SystemCoreClockGet
 .text.SystemMaxCoreClockGet
                0x00000000000073d4       0x14 ./Micrium/bsp/siliconlabs/slstk3701a_efm32gg11/source/startup/system_efm32gg11b.o
                0x00000000000073d4                SystemMaxCoreClockGet
 .text.SystemHFClockGet
                0x00000000000073e8       0x70 ./Micrium/bsp/siliconlabs/slstk3701a_efm32gg11/source/startup/system_efm32gg11b.o
                0x00000000000073e8                SystemHFClockGet
 .text.SystemHFXOClockGet
                0x0000000000007458       0x18 ./Micrium/bsp/siliconlabs/slstk3701a_efm32gg11/source/startup/system_efm32gg11b.o
                0x0000000000007458                SystemHFXOClockGet
 .text.SystemInit
                0x0000000000007470        0xc ./Micrium/bsp/siliconlabs/slstk3701a_efm32gg11/source/startup/system_efm32gg11b.o
                0x0000000000007470                SystemInit
 .text.SystemLFRCOClockGet
                0x000000000000747c       0x14 ./Micrium/bsp/siliconlabs/slstk3701a_efm32gg11/source/startup/system_efm32gg11b.o
                0x000000000000747c                SystemLFRCOClockGet
 .text.SystemULFRCOClockGet
                0x0000000000007490       0x14 ./Micrium/bsp/siliconlabs/slstk3701a_efm32gg11/source/startup/system_efm32gg11b.o
                0x0000000000007490                SystemULFRCOClockGet
 .text.SystemLFXOClockGet
                0x00000000000074a4       0x18 ./Micrium/bsp/siliconlabs/slstk3701a_efm32gg11/source/startup/system_efm32gg11b.o
                0x00000000000074a4                SystemLFXOClockGet
 .text.Ex_CommonInit
                0x00000000000074bc       0x30 ./Micrium/examples/common/common/ex_common_init.o
                0x00000000000074bc                Ex_CommonInit
 .text.Ex_Net_CoreInit
                0x00000000000074ec       0x44 ./Micrium/examples/net/core_init/ex_net_core_init.o
                0x00000000000074ec                Ex_Net_CoreInit
 .text.Ex_Net_CoreStartIF
                0x0000000000007530       0x38 ./Micrium/examples/net/core_init/ex_net_core_init.o
                0x0000000000007530                Ex_Net_CoreStartIF
 .text.Ex_Net_CoreStartEther
                0x0000000000007568       0x40 ./Micrium/examples/net/core_init/ex_net_core_init.o
                0x0000000000007568                Ex_Net_CoreStartEther
 .text.Ex_DHCPc_SetupResult
                0x00000000000075a8      0x124 ./Micrium/examples/net/core_init/ex_net_core_init.o
 .text.Ex_IPv4_LinkLocalAddrCfgResult
                0x00000000000076cc       0x7c ./Micrium/examples/net/core_init/ex_net_core_init.o
 .text.Ex_NetworkInit
                0x0000000000007748        0xc ./Micrium/examples/net/ex_network_init.o
                0x0000000000007748                Ex_NetworkInit
 .text.Auth_Init
                0x0000000000007754      0x274 ./Micrium/rtos/common/source/auth/auth.o
                0x0000000000007754                Auth_Init
 .text.SList_Init
                0x00000000000079c8       0x18 ./Micrium/rtos/common/source/collections/slist.o
                0x00000000000079c8                SList_Init
 .text.SList_Push
                0x00000000000079e0       0x24 ./Micrium/rtos/common/source/collections/slist.o
                0x00000000000079e0                SList_Push
 .text.SList_PushBack
                0x0000000000007a04       0x34 ./Micrium/rtos/common/source/collections/slist.o
                0x0000000000007a04                SList_PushBack
 .text.SList_Pop
                0x0000000000007a38       0x34 ./Micrium/rtos/common/source/collections/slist.o
                0x0000000000007a38                SList_Pop
 .text.SList_Add
                0x0000000000007a6c       0x24 ./Micrium/rtos/common/source/collections/slist.o
                0x0000000000007a6c                SList_Add
 .text.SList_Rem
                0x0000000000007a90       0x40 ./Micrium/rtos/common/source/collections/slist.o
                0x0000000000007a90                SList_Rem
 .text.Common_Init
                0x0000000000007ad0       0x40 ./Micrium/rtos/common/source/common/common.o
                0x0000000000007ad0                Common_Init
 .text.Common_MemSegPtrGet
                0x0000000000007b10       0x18 ./Micrium/rtos/common/source/common/common.o
                0x0000000000007b10                Common_MemSegPtrGet
 .text.KAL_Init
                0x0000000000007b28      0x148 ./Micrium/rtos/common/source/kal/kal_kernel.o
                0x0000000000007b28                KAL_Init
 .text.KAL_FeatureQuery
                0x0000000000007c70       0xe8 ./Micrium/rtos/common/source/kal/kal_kernel.o
                0x0000000000007c70                KAL_FeatureQuery
 .text.KAL_TaskAlloc
                0x0000000000007d58      0x140 ./Micrium/rtos/common/source/kal/kal_kernel.o
                0x0000000000007d58                KAL_TaskAlloc
 .text.KAL_TaskCreate
                0x0000000000007e98      0x128 ./Micrium/rtos/common/source/kal/kal_kernel.o
                0x0000000000007e98                KAL_TaskCreate
 .text.KAL_LockCreate
                0x0000000000007fc0       0xa4 ./Micrium/rtos/common/source/kal/kal_kernel.o
                0x0000000000007fc0                KAL_LockCreate
 .text.KAL_LockAcquire
                0x0000000000008064      0x140 ./Micrium/rtos/common/source/kal/kal_kernel.o
                0x0000000000008064                KAL_LockAcquire
 .text.KAL_LockRelease
                0x00000000000081a4       0xb0 ./Micrium/rtos/common/source/kal/kal_kernel.o
                0x00000000000081a4                KAL_LockRelease
 .text.KAL_LockDel
                0x0000000000008254       0x5c ./Micrium/rtos/common/source/kal/kal_kernel.o
                0x0000000000008254                KAL_LockDel
 .text.KAL_SemCreate
                0x00000000000082b0       0xc0 ./Micrium/rtos/common/source/kal/kal_kernel.o
                0x00000000000082b0                KAL_SemCreate
 .text.KAL_SemPend
                0x0000000000008370       0xdc ./Micrium/rtos/common/source/kal/kal_kernel.o
                0x0000000000008370                KAL_SemPend
 .text.KAL_SemPost
                0x000000000000844c       0xa4 ./Micrium/rtos/common/source/kal/kal_kernel.o
                0x000000000000844c                KAL_SemPost
 .text.KAL_SemPendAbort
                0x00000000000084f0       0xa0 ./Micrium/rtos/common/source/kal/kal_kernel.o
                0x00000000000084f0                KAL_SemPendAbort
 .text.KAL_SemSet
                0x0000000000008590       0x74 ./Micrium/rtos/common/source/kal/kal_kernel.o
                0x0000000000008590                KAL_SemSet
 .text.KAL_SemDel
                0x0000000000008604       0x5c ./Micrium/rtos/common/source/kal/kal_kernel.o
                0x0000000000008604                KAL_SemDel
 .text.KAL_Dly  0x0000000000008660       0x38 ./Micrium/rtos/common/source/kal/kal_kernel.o
                0x0000000000008660                KAL_Dly
 .text.KAL_TickGet
                0x0000000000008698       0x30 ./Micrium/rtos/common/source/kal/kal_kernel.o
                0x0000000000008698                KAL_TickGet
 .text.KAL_TickRateGet
                0x00000000000086c8       0x18 ./Micrium/rtos/common/source/kal/kal_kernel.o
                0x00000000000086c8                KAL_TickRateGet
 .text.KAL_msToTicks
                0x00000000000086e0       0x38 ./Micrium/rtos/common/source/kal/kal_kernel.o
 .text.Math_RandSetSeed
                0x0000000000008718       0x28 ./Micrium/rtos/common/source/lib/lib_math.o
                0x0000000000008718                Math_RandSetSeed
 .text.Math_Rand
                0x0000000000008740       0x38 ./Micrium/rtos/common/source/lib/lib_math.o
                0x0000000000008740                Math_Rand
 .text.Math_RandSeed
                0x0000000000008778       0x30 ./Micrium/rtos/common/source/lib/lib_math.o
                0x0000000000008778                Math_RandSeed
 .text.Math_Init
                0x00000000000087a8        0xc ./Micrium/rtos/common/source/lib/lib_math.o
                0x00000000000087a8                Math_Init
 .text.Mem_Clr  0x00000000000087b4       0x1c ./Micrium/rtos/common/source/lib/lib_mem.o
                0x00000000000087b4                Mem_Clr
 .text.Mem_Set  0x00000000000087d0       0xc4 ./Micrium/rtos/common/source/lib/lib_mem.o
                0x00000000000087d0                Mem_Set
 .text.Mem_Copy
                0x0000000000008894       0xf0 ./Micrium/rtos/common/source/lib/lib_mem.o
                0x0000000000008894                Mem_Copy
 .text.Mem_Cmp  0x0000000000008984      0x130 ./Micrium/rtos/common/source/lib/lib_mem.o
                0x0000000000008984                Mem_Cmp
 .text.Mem_SegReg
                0x0000000000008ab4       0xf8 ./Micrium/rtos/common/source/lib/lib_mem.o
                0x0000000000008ab4                Mem_SegReg
 .text.Mem_SegAlloc
                0x0000000000008bac       0x50 ./Micrium/rtos/common/source/lib/lib_mem.o
                0x0000000000008bac                Mem_SegAlloc
 .text.Mem_SegAllocExt
                0x0000000000008bfc       0x50 ./Micrium/rtos/common/source/lib/lib_mem.o
                0x0000000000008bfc                Mem_SegAllocExt
 .text.Mem_DynPoolCreate
                0x0000000000008c4c       0xa0 ./Micrium/rtos/common/source/lib/lib_mem.o
                0x0000000000008c4c                Mem_DynPoolCreate
 .text.Mem_DynPoolBlkGet
                0x0000000000008cec      0x1f0 ./Micrium/rtos/common/source/lib/lib_mem.o
                0x0000000000008cec                Mem_DynPoolBlkGet
 .text.Mem_DynPoolBlkFree
                0x0000000000008edc      0x144 ./Micrium/rtos/common/source/lib/lib_mem.o
                0x0000000000008edc                Mem_DynPoolBlkFree
 .text.Mem_Init
                0x0000000000009020       0x24 ./Micrium/rtos/common/source/lib/lib_mem.o
                0x0000000000009020                Mem_Init
 .text.Mem_HeapAlloc
                0x0000000000009044       0x40 ./Micrium/rtos/common/source/lib/lib_mem.o
                0x0000000000009044                Mem_HeapAlloc
 .text.Mem_PoolCreate
                0x0000000000009084      0x2cc ./Micrium/rtos/common/source/lib/lib_mem.o
                0x0000000000009084                Mem_PoolCreate
 .text.Mem_PoolClr
                0x0000000000009350       0xac ./Micrium/rtos/common/source/lib/lib_mem.o
                0x0000000000009350                Mem_PoolClr
 .text.Mem_PoolBlkGet
                0x00000000000093fc      0x170 ./Micrium/rtos/common/source/lib/lib_mem.o
                0x00000000000093fc                Mem_PoolBlkGet
 .text.Mem_PoolBlkFree
                0x000000000000956c      0x1b8 ./Micrium/rtos/common/source/lib/lib_mem.o
                0x000000000000956c                Mem_PoolBlkFree
 .text.Mem_SegCreateCritical
                0x0000000000009724       0x54 ./Micrium/rtos/common/source/lib/lib_mem.o
 .text.Mem_SegOverlapChkCritical
                0x0000000000009778       0x94 ./Micrium/rtos/common/source/lib/lib_mem.o
 .text.Mem_SegAllocInternal
                0x000000000000980c      0x10c ./Micrium/rtos/common/source/lib/lib_mem.o
 .text.Mem_SegAllocExtCritical
                0x0000000000009918      0x118 ./Micrium/rtos/common/source/lib/lib_mem.o
 .text.Mem_DynPoolCreateInternal
                0x0000000000009a30      0x34c ./Micrium/rtos/common/source/lib/lib_mem.o
 .text.Mem_PoolBlkIsValidAddr
                0x0000000000009d7c       0x54 ./Micrium/rtos/common/source/lib/lib_mem.o
 .text.Str_Len_N
                0x0000000000009dd0       0x44 ./Micrium/rtos/common/source/lib/lib_str.o
                0x0000000000009dd0                Str_Len_N
 .text.Str_Copy_N
                0x0000000000009e14       0x80 ./Micrium/rtos/common/source/lib/lib_str.o
                0x0000000000009e14                Str_Copy_N
 .text.Str_Cmp  0x0000000000009e94       0x28 ./Micrium/rtos/common/source/lib/lib_str.o
                0x0000000000009e94                Str_Cmp
 .text.Str_Cmp_N
                0x0000000000009ebc      0x120 ./Micrium/rtos/common/source/lib/lib_str.o
                0x0000000000009ebc                Str_Cmp_N
 .text.Str_Char
                0x0000000000009fdc       0x28 ./Micrium/rtos/common/source/lib/lib_str.o
                0x0000000000009fdc                Str_Char
 .text.Str_Char_N
                0x000000000000a004       0x80 ./Micrium/rtos/common/source/lib/lib_str.o
                0x000000000000a004                Str_Char_N
 .text.PlatformMgrItemInitAdd
                0x000000000000a084       0x24 ./Micrium/rtos/common/source/platform_mgr/platform_mgr.o
                0x000000000000a084                PlatformMgrItemInitAdd
 .text.PlatformMgrItemGetByName
                0x000000000000a0a8       0x70 ./Micrium/rtos/common/source/platform_mgr/platform_mgr.o
                0x000000000000a0a8                PlatformMgrItemGetByName
 .text.PlatformMgrInit
                0x000000000000a118      0x114 ./Micrium/rtos/common/source/platform_mgr/platform_mgr.o
                0x000000000000a118                PlatformMgrInit
 .text.PlatformMgrItemAdd
                0x000000000000a22c      0x14c ./Micrium/rtos/common/source/platform_mgr/platform_mgr.o
                0x000000000000a22c                PlatformMgrItemAdd
 .text.PlatformMgrItemGet
                0x000000000000a378       0xd0 ./Micrium/rtos/common/source/platform_mgr/platform_mgr.o
                0x000000000000a378                PlatformMgrItemGet
 .text.PlatformMgrInternalGet
                0x000000000000a448       0xc0 ./Micrium/rtos/common/source/platform_mgr/platform_mgr.o
 .text.PlatformMgrGetByNamePredicate
                0x000000000000a508       0x34 ./Micrium/rtos/common/source/platform_mgr/platform_mgr.o
 .text.CPU_Init
                0x000000000000a53c       0x10 ./Micrium/rtos/cpu/source/cpu_core.o
                0x000000000000a53c                CPU_Init
 .text.CPU_SW_Exception
                0x000000000000a54c        0x8 ./Micrium/rtos/cpu/source/cpu_core.o
                0x000000000000a54c                CPU_SW_Exception
 .text.CPU_TS_Get32
                0x000000000000a554       0x18 ./Micrium/rtos/cpu/source/cpu_core.o
                0x000000000000a554                CPU_TS_Get32
 .text.CPU_TS_TmrFreqGet
                0x000000000000a56c       0x88 ./Micrium/rtos/cpu/source/cpu_core.o
                0x000000000000a56c                CPU_TS_TmrFreqGet
 .text.CPU_TS_TmrFreqSet
                0x000000000000a5f4       0x1c ./Micrium/rtos/cpu/source/cpu_core.o
                0x000000000000a5f4                CPU_TS_TmrFreqSet
 .text.CPU_TS_Init
                0x000000000000a610       0x14 ./Micrium/rtos/cpu/source/cpu_core.o
 .text          0x000000000000a624       0x34 ./Micrium/rtos/cpu/source/ports/armv7-m/gnu/cpu_a.o
                0x000000000000a624                CPU_IntDis
                0x000000000000a628                CPU_IntEn
                0x000000000000a62c                CPU_SR_Save
                0x000000000000a634                CPU_SR_Restore
                0x000000000000a63a                CPU_WaitForInt
                0x000000000000a63e                CPU_WaitForExcept
                0x000000000000a642                CPU_CntLeadZeros
                0x000000000000a648                CPU_CntTrailZeros
                0x000000000000a652                CPU_RevBits
 .text.CPU_IntInit
                0x000000000000a658       0x94 ./Micrium/rtos/cpu/source/ports/interrupt/armv7-m/cpu_int_armv7-m.o
                0x000000000000a658                CPU_IntInit
 .text.CPU_IntSrcHandlerSetKA
                0x000000000000a6ec       0x94 ./Micrium/rtos/cpu/source/ports/interrupt/armv7-m/cpu_int_armv7-m.o
                0x000000000000a6ec                CPU_IntSrcHandlerSetKA
 .text.CPU_IntEmptyHandler
                0x000000000000a780        0xc ./Micrium/rtos/cpu/source/ports/interrupt/armv7-m/cpu_int_armv7-m.o
                0x000000000000a780                CPU_IntEmptyHandler
 .text.CPU_IntHandlerDispatcher
                0x000000000000a78c       0x48 ./Micrium/rtos/cpu/source/ports/interrupt/armv7-m/cpu_int_armv7-m.o
                0x000000000000a78c                CPU_IntHandlerDispatcher
 .text.NetDev_Init
                0x000000000000a7d4      0x22c ./Micrium/rtos/drivers/net/source/net_drv_ether_gem.o
 .text.NetDev_Start
                0x000000000000aa00      0x28c ./Micrium/rtos/drivers/net/source/net_drv_ether_gem.o
 .text.NetDev_Stop
                0x000000000000ac8c       0xd0 ./Micrium/rtos/drivers/net/source/net_drv_ether_gem.o
 .text.NetDev_Rx
                0x000000000000ad5c      0x148 ./Micrium/rtos/drivers/net/source/net_drv_ether_gem.o
 .text.NetDev_Tx
                0x000000000000aea4       0xf4 ./Micrium/rtos/drivers/net/source/net_drv_ether_gem.o
 .text.NetDev_AddrMulticastAdd
                0x000000000000af98      0x16c ./Micrium/rtos/drivers/net/source/net_drv_ether_gem.o
 .text.NetDev_AddrMulticastRemove
                0x000000000000b104      0x174 ./Micrium/rtos/drivers/net/source/net_drv_ether_gem.o
 .text.NetDev_ISR_Handler
                0x000000000000b278      0x11c ./Micrium/rtos/drivers/net/source/net_drv_ether_gem.o
 .text.NetDev_IO_Ctrl
                0x000000000000b394      0x1bc ./Micrium/rtos/drivers/net/source/net_drv_ether_gem.o
 .text.NetDev_MII_Rd
                0x000000000000b550       0xbc ./Micrium/rtos/drivers/net/source/net_drv_ether_gem.o
 .text.NetDev_MII_Wr
                0x000000000000b60c       0x7c ./Micrium/rtos/drivers/net/source/net_drv_ether_gem.o
 .text.NetDev_RxDescInit
                0x000000000000b688       0xe4 ./Micrium/rtos/drivers/net/source/net_drv_ether_gem.o
 .text.NetDev_RxDescFreeAll
                0x000000000000b76c       0x54 ./Micrium/rtos/drivers/net/source/net_drv_ether_gem.o
 .text.NetDev_RxDescPtrCurInc
                0x000000000000b7c0       0xb8 ./Micrium/rtos/drivers/net/source/net_drv_ether_gem.o
 .text.NetDev_TxDescInit
                0x000000000000b878       0xb0 ./Micrium/rtos/drivers/net/source/net_drv_ether_gem.o
 .text.NetPhy_Init
                0x000000000000b928      0x134 ./Micrium/rtos/drivers/net/source/net_drv_phy_generic.o
 .text.NetPhy_EnDis
                0x000000000000ba5c       0x88 ./Micrium/rtos/drivers/net/source/net_drv_phy_generic.o
 .text.NetPhy_LinkStateGet
                0x000000000000bae4      0x198 ./Micrium/rtos/drivers/net/source/net_drv_phy_generic.o
 .text.NetPhy_LinkStateSet
                0x000000000000bc7c       0xe8 ./Micrium/rtos/drivers/net/source/net_drv_phy_generic.o
 .text.NetPhy_AutoNegStart
                0x000000000000bd64       0x70 ./Micrium/rtos/drivers/net/source/net_drv_phy_generic.o
 .text.NetPhy_AddrProbe
                0x000000000000bdd4      0x148 ./Micrium/rtos/drivers/net/source/net_drv_phy_generic.o
 .text.OSCfg_Init
                0x000000000000bf1c        0xc ./Micrium/rtos/kernel/source/os_cfg_app.o
                0x000000000000bf1c                OSCfg_Init
 .text.OSInit   0x000000000000bf28      0x550 ./Micrium/rtos/kernel/source/os_core.o
                0x000000000000bf28                OSInit
 .text.OSIntEnter
                0x000000000000c478       0x34 ./Micrium/rtos/kernel/source/os_core.o
                0x000000000000c478                OSIntEnter
 .text.OSIntExit
                0x000000000000c4ac      0x120 ./Micrium/rtos/kernel/source/os_core.o
                0x000000000000c4ac                OSIntExit
 .text.OSSched  0x000000000000c5cc       0xb4 ./Micrium/rtos/kernel/source/os_core.o
                0x000000000000c5cc                OSSched
 .text.OSSchedLock
                0x000000000000c680      0x118 ./Micrium/rtos/kernel/source/os_core.o
                0x000000000000c680                OSSchedLock
 .text.OSSchedUnlock
                0x000000000000c798      0x158 ./Micrium/rtos/kernel/source/os_core.o
                0x000000000000c798                OSSchedUnlock
 .text.OSStart  0x000000000000c8f0      0x144 ./Micrium/rtos/kernel/source/os_core.o
                0x000000000000c8f0                OSStart
 .text.OS_IdleTask
                0x000000000000ca34       0x38 ./Micrium/rtos/kernel/source/os_core.o
                0x000000000000ca34                OS_IdleTask
 .text.OS_IdleTaskInit
                0x000000000000ca6c       0x68 ./Micrium/rtos/kernel/source/os_core.o
                0x000000000000ca6c                OS_IdleTaskInit
 .text.OS_Pend  0x000000000000cad4       0x70 ./Micrium/rtos/kernel/source/os_core.o
                0x000000000000cad4                OS_Pend
 .text.OS_PendAbort
                0x000000000000cb44       0xdc ./Micrium/rtos/kernel/source/os_core.o
                0x000000000000cb44                OS_PendAbort
 .text.OS_PendDbgNameAdd
                0x000000000000cc20       0x74 ./Micrium/rtos/kernel/source/os_core.o
                0x000000000000cc20                OS_PendDbgNameAdd
 .text.OS_PendDbgNameRemove
                0x000000000000cc94       0x48 ./Micrium/rtos/kernel/source/os_core.o
                0x000000000000cc94                OS_PendDbgNameRemove
 .text.OS_PendListChangePrio
                0x000000000000ccdc       0x38 ./Micrium/rtos/kernel/source/os_core.o
                0x000000000000ccdc                OS_PendListChangePrio
 .text.OS_PendListInit
                0x000000000000cd14       0x24 ./Micrium/rtos/kernel/source/os_core.o
                0x000000000000cd14                OS_PendListInit
 .text.OS_PendListInsertPrio
                0x000000000000cd38       0xd4 ./Micrium/rtos/kernel/source/os_core.o
                0x000000000000cd38                OS_PendListInsertPrio
 .text.OS_PendListRemove
                0x000000000000ce0c       0xa8 ./Micrium/rtos/kernel/source/os_core.o
                0x000000000000ce0c                OS_PendListRemove
 .text.OS_Post  0x000000000000ceb4       0xec ./Micrium/rtos/kernel/source/os_core.o
                0x000000000000ceb4                OS_Post
 .text.OS_RdyListInit
                0x000000000000cfa0       0x48 ./Micrium/rtos/kernel/source/os_core.o
                0x000000000000cfa0                OS_RdyListInit
 .text.OS_RdyListInsert
                0x000000000000cfe8       0x3c ./Micrium/rtos/kernel/source/os_core.o
                0x000000000000cfe8                OS_RdyListInsert
 .text.OS_RdyListInsertHead
                0x000000000000d024       0x80 ./Micrium/rtos/kernel/source/os_core.o
                0x000000000000d024                OS_RdyListInsertHead
 .text.OS_RdyListInsertTail
                0x000000000000d0a4       0x80 ./Micrium/rtos/kernel/source/os_core.o
                0x000000000000d0a4                OS_RdyListInsertTail
 .text.OS_RdyListMoveHeadToTail
                0x000000000000d124       0x94 ./Micrium/rtos/kernel/source/os_core.o
                0x000000000000d124                OS_RdyListMoveHeadToTail
 .text.OS_RdyListRemove
                0x000000000000d1b8       0xac ./Micrium/rtos/kernel/source/os_core.o
                0x000000000000d1b8                OS_RdyListRemove
 .text.OS_SchedRoundRobin
                0x000000000000d264       0xc8 ./Micrium/rtos/kernel/source/os_core.o
                0x000000000000d264                OS_SchedRoundRobin
 .text.OS_TaskBlock
                0x000000000000d32c       0x3c ./Micrium/rtos/kernel/source/os_core.o
                0x000000000000d32c                OS_TaskBlock
 .text.OS_Dbg_Init
                0x000000000000d368      0x208 ./Micrium/rtos/kernel/source/os_dbg.o
                0x000000000000d368                OS_Dbg_Init
 .text.OS_MsgPoolInit
                0x000000000000d570      0x140 ./Micrium/rtos/kernel/source/os_msg.o
                0x000000000000d570                OS_MsgPoolInit
 .text.OS_MsgQFreeAll
                0x000000000000d6b0       0x78 ./Micrium/rtos/kernel/source/os_msg.o
                0x000000000000d6b0                OS_MsgQFreeAll
 .text.OS_MsgQInit
                0x000000000000d728       0x34 ./Micrium/rtos/kernel/source/os_msg.o
                0x000000000000d728                OS_MsgQInit
 .text.OS_MsgQGet
                0x000000000000d75c      0x114 ./Micrium/rtos/kernel/source/os_msg.o
                0x000000000000d75c                OS_MsgQGet
 .text.OS_MsgQPut
                0x000000000000d870      0x18c ./Micrium/rtos/kernel/source/os_msg.o
                0x000000000000d870                OS_MsgQPut
 .text.OSMutexCreate
                0x000000000000d9fc      0x114 ./Micrium/rtos/kernel/source/os_mutex.o
                0x000000000000d9fc                OSMutexCreate
 .text.OSMutexDel
                0x000000000000db10      0x2c8 ./Micrium/rtos/kernel/source/os_mutex.o
                0x000000000000db10                OSMutexDel
 .text.OSMutexPend
                0x000000000000ddd8      0x478 ./Micrium/rtos/kernel/source/os_mutex.o
                0x000000000000ddd8                OSMutexPend
 .text.OSMutexPost
                0x000000000000e250      0x340 ./Micrium/rtos/kernel/source/os_mutex.o
                0x000000000000e250                OSMutexPost
 .text.OS_MutexClr
                0x000000000000e590       0x48 ./Micrium/rtos/kernel/source/os_mutex.o
                0x000000000000e590                OS_MutexClr
 .text.OS_MutexDbgListAdd
                0x000000000000e5d8       0x4c ./Micrium/rtos/kernel/source/os_mutex.o
                0x000000000000e5d8                OS_MutexDbgListAdd
 .text.OS_MutexDbgListRemove
                0x000000000000e624       0x70 ./Micrium/rtos/kernel/source/os_mutex.o
                0x000000000000e624                OS_MutexDbgListRemove
 .text.OS_MutexGrpAdd
                0x000000000000e694       0x24 ./Micrium/rtos/kernel/source/os_mutex.o
                0x000000000000e694                OS_MutexGrpAdd
 .text.OS_MutexGrpRemove
                0x000000000000e6b8       0x38 ./Micrium/rtos/kernel/source/os_mutex.o
                0x000000000000e6b8                OS_MutexGrpRemove
 .text.OS_MutexGrpPrioFindHighest
                0x000000000000e6f0       0x54 ./Micrium/rtos/kernel/source/os_mutex.o
                0x000000000000e6f0                OS_MutexGrpPrioFindHighest
 .text.OS_MutexGrpPostAll
                0x000000000000e744       0x84 ./Micrium/rtos/kernel/source/os_mutex.o
                0x000000000000e744                OS_MutexGrpPostAll
 .text.OS_PrioInit
                0x000000000000e7c8       0x30 ./Micrium/rtos/kernel/source/os_prio.o
                0x000000000000e7c8                OS_PrioInit
 .text.OS_PrioGetHighest
                0x000000000000e7f8       0x48 ./Micrium/rtos/kernel/source/os_prio.o
                0x000000000000e7f8                OS_PrioGetHighest
 .text.OS_PrioInsert
                0x000000000000e840       0x4c ./Micrium/rtos/kernel/source/os_prio.o
                0x000000000000e840                OS_PrioInsert
 .text.OS_PrioRemove
                0x000000000000e88c       0x50 ./Micrium/rtos/kernel/source/os_prio.o
                0x000000000000e88c                OS_PrioRemove
 .text.OSSemCreate
                0x000000000000e8dc      0x108 ./Micrium/rtos/kernel/source/os_sem.o
                0x000000000000e8dc                OSSemCreate
 .text.OSSemDel
                0x000000000000e9e4      0x254 ./Micrium/rtos/kernel/source/os_sem.o
                0x000000000000e9e4                OSSemDel
 .text.OSSemPend
                0x000000000000ec38      0x3bc ./Micrium/rtos/kernel/source/os_sem.o
                0x000000000000ec38                OSSemPend
 .text.OSSemPendAbort
                0x000000000000eff4      0x224 ./Micrium/rtos/kernel/source/os_sem.o
                0x000000000000eff4                OSSemPendAbort
 .text.OSSemPost
                0x000000000000f218      0x240 ./Micrium/rtos/kernel/source/os_sem.o
                0x000000000000f218                OSSemPost
 .text.OSSemSet
                0x000000000000f458      0x160 ./Micrium/rtos/kernel/source/os_sem.o
                0x000000000000f458                OSSemSet
 .text.OS_SemClr
                0x000000000000f5b8       0x38 ./Micrium/rtos/kernel/source/os_sem.o
                0x000000000000f5b8                OS_SemClr
 .text.OS_SemDbgListAdd
                0x000000000000f5f0       0x4c ./Micrium/rtos/kernel/source/os_sem.o
                0x000000000000f5f0                OS_SemDbgListAdd
 .text.OS_SemDbgListRemove
                0x000000000000f63c       0x70 ./Micrium/rtos/kernel/source/os_sem.o
                0x000000000000f63c                OS_SemDbgListRemove
 .text.OSStatReset
                0x000000000000f6ac      0x150 ./Micrium/rtos/kernel/source/os_stat.o
                0x000000000000f6ac                OSStatReset
 .text.OSStatTaskCPUUsageInit
                0x000000000000f7fc      0x128 ./Micrium/rtos/kernel/source/os_stat.o
                0x000000000000f7fc                OSStatTaskCPUUsageInit
 .text.OS_StatTask
                0x000000000000f924      0x320 ./Micrium/rtos/kernel/source/os_stat.o
                0x000000000000f924                OS_StatTask
 .text.OS_StatTaskInit
                0x000000000000fc44      0x148 ./Micrium/rtos/kernel/source/os_stat.o
                0x000000000000fc44                OS_StatTaskInit
 .text.OSTaskCreate
                0x000000000000fd8c      0x3cc ./Micrium/rtos/kernel/source/os_task.o
                0x000000000000fd8c                OSTaskCreate
 .text.OSTaskDel
                0x0000000000010158      0x2bc ./Micrium/rtos/kernel/source/os_task.o
                0x0000000000010158                OSTaskDel
 .text.OSTaskQFlush
                0x0000000000010414      0x104 ./Micrium/rtos/kernel/source/os_task.o
                0x0000000000010414                OSTaskQFlush
 .text.OSTaskQPend
                0x0000000000010518      0x384 ./Micrium/rtos/kernel/source/os_task.o
                0x0000000000010518                OSTaskQPend
 .text.OSTaskQPost
                0x000000000001089c      0x1e4 ./Micrium/rtos/kernel/source/os_task.o
                0x000000000001089c                OSTaskQPost
 .text.OSTaskResume
                0x0000000000010a80      0x25c ./Micrium/rtos/kernel/source/os_task.o
                0x0000000000010a80                OSTaskResume
 .text.OSTaskSemPend
                0x0000000000010cdc      0x370 ./Micrium/rtos/kernel/source/os_task.o
                0x0000000000010cdc                OSTaskSemPend
 .text.OSTaskSemPost
                0x000000000001104c      0x24c ./Micrium/rtos/kernel/source/os_task.o
                0x000000000001104c                OSTaskSemPost
 .text.OSTaskStkChk
                0x0000000000011298      0x1e4 ./Micrium/rtos/kernel/source/os_task.o
                0x0000000000011298                OSTaskStkChk
 .text.OSTaskStkRedzoneChk
                0x000000000001147c       0x5c ./Micrium/rtos/kernel/source/os_task.o
                0x000000000001147c                OSTaskStkRedzoneChk
 .text.OSTaskSuspend
                0x00000000000114d8      0x29c ./Micrium/rtos/kernel/source/os_task.o
                0x00000000000114d8                OSTaskSuspend
 .text.OS_TaskDbgListAdd
                0x0000000000011774       0x4c ./Micrium/rtos/kernel/source/os_task.o
                0x0000000000011774                OS_TaskDbgListAdd
 .text.OS_TaskDbgListRemove
                0x00000000000117c0       0x84 ./Micrium/rtos/kernel/source/os_task.o
                0x00000000000117c0                OS_TaskDbgListRemove
 .text.OS_TaskInit
                0x0000000000011844       0x6c ./Micrium/rtos/kernel/source/os_task.o
                0x0000000000011844                OS_TaskInit
 .text.OS_TaskInitTCB
                0x00000000000118b0      0x1b4 ./Micrium/rtos/kernel/source/os_task.o
                0x00000000000118b0                OS_TaskInitTCB
 .text.OS_TaskReturn
                0x0000000000011a64       0x24 ./Micrium/rtos/kernel/source/os_task.o
                0x0000000000011a64                OS_TaskReturn
 .text.OS_TaskStkRedzoneChk
                0x0000000000011a88       0x44 ./Micrium/rtos/kernel/source/os_task.o
                0x0000000000011a88                OS_TaskStkRedzoneChk
 .text.OS_TaskStkRedzoneInit
                0x0000000000011acc       0x38 ./Micrium/rtos/kernel/source/os_task.o
                0x0000000000011acc                OS_TaskStkRedzoneInit
 .text.OS_TaskChangePrio
                0x0000000000011b04      0x148 ./Micrium/rtos/kernel/source/os_task.o
                0x0000000000011b04                OS_TaskChangePrio
 .text.OS_TickTask
                0x0000000000011c4c       0x6c ./Micrium/rtos/kernel/source/os_tick.o
                0x0000000000011c4c                OS_TickTask
 .text.OS_TickTaskInit
                0x0000000000011cb8      0x148 ./Micrium/rtos/kernel/source/os_tick.o
                0x0000000000011cb8                OS_TickTaskInit
 .text.OS_TickListInsert
                0x0000000000011e00      0x130 ./Micrium/rtos/kernel/source/os_tick.o
                0x0000000000011e00                OS_TickListInsert
 .text.OS_TickListInsertDly
                0x0000000000011f30      0x170 ./Micrium/rtos/kernel/source/os_tick.o
                0x0000000000011f30                OS_TickListInsertDly
 .text.OS_TickListRemove
                0x00000000000120a0       0xc8 ./Micrium/rtos/kernel/source/os_tick.o
                0x00000000000120a0                OS_TickListRemove
 .text.OS_TickListUpdateDly
                0x0000000000012168       0xfc ./Micrium/rtos/kernel/source/os_tick.o
 .text.OS_TickListUpdateTimeout
                0x0000000000012264      0x19c ./Micrium/rtos/kernel/source/os_tick.o
 .text.OSTimeDly
                0x0000000000012400      0x1a4 ./Micrium/rtos/kernel/source/os_time.o
                0x0000000000012400                OSTimeDly
 .text.OSTimeDlyHMSM
                0x00000000000125a4      0x3fc ./Micrium/rtos/kernel/source/os_time.o
                0x00000000000125a4                OSTimeDlyHMSM
 .text.OSTimeGet
                0x00000000000129a0       0x70 ./Micrium/rtos/kernel/source/os_time.o
                0x00000000000129a0                OSTimeGet
 .text.OSTimeTick
                0x0000000000012a10       0x80 ./Micrium/rtos/kernel/source/os_time.o
                0x0000000000012a10                OSTimeTick
 .text.OS_TmrInit
                0x0000000000012a90      0x1ac ./Micrium/rtos/kernel/source/os_tmr.o
                0x0000000000012a90                OS_TmrInit
 .text.OS_TmrUnlink
                0x0000000000012c3c       0x7c ./Micrium/rtos/kernel/source/os_tmr.o
                0x0000000000012c3c                OS_TmrUnlink
 .text.OS_TmrTask
                0x0000000000012cb8       0xd0 ./Micrium/rtos/kernel/source/os_tmr.o
                0x0000000000012cb8                OS_TmrTask
 .text.OS_TmrLock
                0x0000000000012d88       0x24 ./Micrium/rtos/kernel/source/os_tmr.o
 .text.OS_TmrUnlock
                0x0000000000012dac       0x1c ./Micrium/rtos/kernel/source/os_tmr.o
 .text          0x0000000000012dc8      0x108 ./Micrium/rtos/kernel/source/ports/armv7-m/gnu/os_cpu_a.o
                0x0000000000012dc8                OS_CPU_FP_Reg_Push
                0x0000000000012dda                OS_CPU_FP_Reg_Pop
                0x0000000000012de6                OSStartHighRdy
                0x0000000000012e60                OSCtxSw
                0x0000000000012e68                OSIntCtxSw
                0x0000000000012e70                OS_CPU_PendSVHandler
 .text.OSInitHook
                0x0000000000012ed0       0x38 ./Micrium/rtos/kernel/source/ports/armv7-m/gnu/os_cpu_c.o
                0x0000000000012ed0                OSInitHook
 .text.OSRedzoneHitHook
                0x0000000000012f08       0x14 ./Micrium/rtos/kernel/source/ports/armv7-m/gnu/os_cpu_c.o
                0x0000000000012f08                OSRedzoneHitHook
 .text.OSStatTaskHook
                0x0000000000012f1c        0xc ./Micrium/rtos/kernel/source/ports/armv7-m/gnu/os_cpu_c.o
                0x0000000000012f1c                OSStatTaskHook
 .text.OSTaskCreateHook
                0x0000000000012f28       0x14 ./Micrium/rtos/kernel/source/ports/armv7-m/gnu/os_cpu_c.o
                0x0000000000012f28                OSTaskCreateHook
 .text.OSTaskDelHook
                0x0000000000012f3c       0x14 ./Micrium/rtos/kernel/source/ports/armv7-m/gnu/os_cpu_c.o
                0x0000000000012f3c                OSTaskDelHook
 .text.OSTaskReturnHook
                0x0000000000012f50       0x14 ./Micrium/rtos/kernel/source/ports/armv7-m/gnu/os_cpu_c.o
                0x0000000000012f50                OSTaskReturnHook
 .text.OSTaskStkInit
                0x0000000000012f64      0x118 ./Micrium/rtos/kernel/source/ports/armv7-m/gnu/os_cpu_c.o
                0x0000000000012f64                OSTaskStkInit
 .text.OSTaskSwHook
                0x000000000001307c       0x78 ./Micrium/rtos/kernel/source/ports/armv7-m/gnu/os_cpu_c.o
                0x000000000001307c                OSTaskSwHook
 .text.OSTimeTickHook
                0x00000000000130f4        0xc ./Micrium/rtos/kernel/source/ports/armv7-m/gnu/os_cpu_c.o
                0x00000000000130f4                OSTimeTickHook
 .text.OS_CPU_SysTickHandler
                0x0000000000013100       0x28 ./Micrium/rtos/kernel/source/ports/armv7-m/gnu/os_cpu_c.o
                0x0000000000013100                OS_CPU_SysTickHandler
 .text.OS_CPU_SysTickInit
                0x0000000000013128       0x54 ./Micrium/rtos/kernel/source/ports/armv7-m/gnu/os_cpu_c.o
                0x0000000000013128                OS_CPU_SysTickInit
 .text.DHCPc_IF_Add
                0x000000000001317c      0x370 ./Micrium/rtos/net/source/dhcp/dhcp_client.o
                0x000000000001317c                DHCPc_IF_Add
 .text.DHCPc_Init
                0x00000000000134ec      0x1f4 ./Micrium/rtos/net/source/dhcp/dhcp_client.o
                0x00000000000134ec                DHCPc_Init
 .text.DHCPc_HookOnStart
                0x00000000000136e0       0x14 ./Micrium/rtos/net/source/dhcp/dhcp_client.o
 .text.DHCPc_HookOnStop
                0x00000000000136f4       0x18 ./Micrium/rtos/net/source/dhcp/dhcp_client.o
 .text.DHCPc_HookOnMsg
                0x000000000001370c      0x3c0 ./Micrium/rtos/net/source/dhcp/dhcp_client.o
 .text.DHCPc_HookOnErr
                0x0000000000013acc       0x20 ./Micrium/rtos/net/source/dhcp/dhcp_client.o
 .text.DHCPc_ObjAdd
                0x0000000000013aec       0x28 ./Micrium/rtos/net/source/dhcp/dhcp_client.o
 .text.DHCPc_ObjRemove
                0x0000000000013b14       0x28 ./Micrium/rtos/net/source/dhcp/dhcp_client.o
 .text.DHCPc_HookOnSockRx
                0x0000000000013b3c      0x864 ./Micrium/rtos/net/source/dhcp/dhcp_client.o
 .text.DHCPc_HookOnSockTx
                0x00000000000143a0      0x30c ./Micrium/rtos/net/source/dhcp/dhcp_client.o
 .text.DHCPc_HookOnSockErr
                0x00000000000146ac       0x18 ./Micrium/rtos/net/source/dhcp/dhcp_client.o
 .text.DHCPc_HookOnTmrTimeout
                0x00000000000146c4      0x350 ./Micrium/rtos/net/source/dhcp/dhcp_client.o
 .text.DHCPc_StartHandler
                0x0000000000014a14       0xc4 ./Micrium/rtos/net/source/dhcp/dhcp_client.o
 .text.DHCPc_RetryHandler
                0x0000000000014ad8       0xc4 ./Micrium/rtos/net/source/dhcp/dhcp_client.o
 .text.DHCPc_StopHandler
                0x0000000000014b9c       0xfc ./Micrium/rtos/net/source/dhcp/dhcp_client.o
 .text.DHCPc_FailHandler
                0x0000000000014c98       0x90 ./Micrium/rtos/net/source/dhcp/dhcp_client.o
 .text.DHCPc_RemoveHandler
                0x0000000000014d28      0x128 ./Micrium/rtos/net/source/dhcp/dhcp_client.o
 .text.DHCPc_TmrHandler
                0x0000000000014e50      0x110 ./Micrium/rtos/net/source/dhcp/dhcp_client.o
 .text.DHCPc_SockInit
                0x0000000000014f60       0x7c ./Micrium/rtos/net/source/dhcp/dhcp_client.o
 .text.DHCPc_SockSetTx
                0x0000000000014fdc       0xe8 ./Micrium/rtos/net/source/dhcp/dhcp_client.o
 .text.DHCPc_SockSetRx
                0x00000000000150c4       0xe8 ./Micrium/rtos/net/source/dhcp/dhcp_client.o
 .text.DHCPc_PrepareTx
                0x00000000000151ac      0x124 ./Micrium/rtos/net/source/dhcp/dhcp_client.o
 .text.DHCPc_PrepareTxRetry
                0x00000000000152d0       0xe0 ./Micrium/rtos/net/source/dhcp/dhcp_client.o
 .text.DHCPc_PrepareMsg
                0x00000000000153b0      0x50c ./Micrium/rtos/net/source/dhcp/dhcp_client.o
 .text.DHCPc_RxHandler
                0x00000000000158bc      0x170 ./Micrium/rtos/net/source/dhcp/dhcp_client.o
 .text.DHCPc_RxOffer
                0x0000000000015a2c      0x1d0 ./Micrium/rtos/net/source/dhcp/dhcp_client.o
 .text.DHCPc_RxACK
                0x0000000000015bfc      0x1d8 ./Micrium/rtos/net/source/dhcp/dhcp_client.o
 .text.DHCPc_RxSock
                0x0000000000015dd4      0x15c ./Micrium/rtos/net/source/dhcp/dhcp_client.o
 .text.DHCPc_RxValidate
                0x0000000000015f30      0x1cc ./Micrium/rtos/net/source/dhcp/dhcp_client.o
 .text.DHCPc_TxHandler
                0x00000000000160fc       0x8c ./Micrium/rtos/net/source/dhcp/dhcp_client.o
 .text.DHCPc_TxSock
                0x0000000000016188      0x254 ./Micrium/rtos/net/source/dhcp/dhcp_client.o
 .text.DHCPc_MsgOptGet
                0x00000000000163dc       0xc4 ./Micrium/rtos/net/source/dhcp/dhcp_client.o
 .text.DHCPc_LeaseTimeCalc
                0x00000000000164a0      0x1f0 ./Micrium/rtos/net/source/dhcp/dhcp_client.o
 .text.DHCPc_AddrValidate
                0x0000000000016690      0x13c ./Micrium/rtos/net/source/dhcp/dhcp_client.o
 .text.DHCPc_LinkSubscribe
                0x00000000000167cc       0xbc ./Micrium/rtos/net/source/dhcp/dhcp_client.o
 .text.DNSc_Init
                0x0000000000016888      0x174 ./Micrium/rtos/net/source/dns/dns_client.o
                0x0000000000016888                DNSc_Init
 .text.DNSc_SetServerAddrInternal
                0x00000000000169fc       0xc8 ./Micrium/rtos/net/source/dns/dns_client.o
                0x00000000000169fc                DNSc_SetServerAddrInternal
 .text.DNScCache_Init
                0x0000000000016ac4      0x1a4 ./Micrium/rtos/net/source/dns/dns_client_cache.o