Archive member included to satisfy reference by file (symbol)

/Applications/Simplicity Studio.app/Contents/Eclipse/developer/toolchains/gnu_arm/7.2_2017q4/bin/../lib/gcc/arm-none-eabi/7.2.1/thumb/v7e-m/fpv4-sp/softfp/libgcc.a(_aeabi_uldivmod.o)
                              ./BSP/siliconlabs/generic/source/bsp_cpu.o (__aeabi_uldivmod)
/Applications/Simplicity Studio.app/Contents/Eclipse/developer/toolchains/gnu_arm/7.2_2017q4/bin/../lib/gcc/arm-none-eabi/7.2.1/thumb/v7e-m/fpv4-sp/softfp/libgcc.a(_udivmoddi4.o)
                              /Applications/Simplicity Studio.app/Contents/Eclipse/developer/toolchains/gnu_arm/7.2_2017q4/bin/../lib/gcc/arm-none-eabi/7.2.1/thumb/v7e-m/fpv4-sp/softfp/libgcc.a(_aeabi_uldivmod.o) (__udivmoddi4)
/Applications/Simplicity Studio.app/Contents/Eclipse/developer/toolchains/gnu_arm/7.2_2017q4/bin/../lib/gcc/arm-none-eabi/7.2.1/thumb/v7e-m/fpv4-sp/softfp/libgcc.a(_dvmd_tls.o)
                              /Applications/Simplicity Studio.app/Contents/Eclipse/developer/toolchains/gnu_arm/7.2_2017q4/bin/../lib/gcc/arm-none-eabi/7.2.1/thumb/v7e-m/fpv4-sp/softfp/libgcc.a(_aeabi_uldivmod.o) (__aeabi_ldiv0)
/Applications/Simplicity Studio.app/Contents/Eclipse/developer/toolchains/gnu_arm/7.2_2017q4/bin/../lib/gcc/arm-none-eabi/7.2.1/../../../../arm-none-eabi/lib/thumb/v7e-m/fpv4-sp/softfp/libc_nano.a(lib_a-exit.o)
                              /Applications/Simplicity Studio.app/Contents/Eclipse/developer/toolchains/gnu_arm/7.2_2017q4/bin/../lib/gcc/arm-none-eabi/7.2.1/../../../../arm-none-eabi/lib/thumb/v7e-m/fpv4-sp/softfp/crt0.o (exit)
/Applications/Simplicity Studio.app/Contents/Eclipse/developer/toolchains/gnu_arm/7.2_2017q4/bin/../lib/gcc/arm-none-eabi/7.2.1/../../../../arm-none-eabi/lib/thumb/v7e-m/fpv4-sp/softfp/libc_nano.a(lib_a-impure.o)
                              /Applications/Simplicity Studio.app/Contents/Eclipse/developer/toolchains/gnu_arm/7.2_2017q4/bin/../lib/gcc/arm-none-eabi/7.2.1/../../../../arm-none-eabi/lib/thumb/v7e-m/fpv4-sp/softfp/libc_nano.a(lib_a-exit.o) (_global_impure_ptr)
/Applications/Simplicity Studio.app/Contents/Eclipse/developer/toolchains/gnu_arm/7.2_2017q4/bin/../lib/gcc/arm-none-eabi/7.2.1/../../../../arm-none-eabi/lib/thumb/v7e-m/fpv4-sp/softfp/libc_nano.a(lib_a-init.o)
                              /Applications/Simplicity Studio.app/Contents/Eclipse/developer/toolchains/gnu_arm/7.2_2017q4/bin/../lib/gcc/arm-none-eabi/7.2.1/../../../../arm-none-eabi/lib/thumb/v7e-m/fpv4-sp/softfp/crt0.o (__libc_init_array)
/Applications/Simplicity Studio.app/Contents/Eclipse/developer/toolchains/gnu_arm/7.2_2017q4/bin/../lib/gcc/arm-none-eabi/7.2.1/../../../../arm-none-eabi/lib/thumb/v7e-m/fpv4-sp/softfp/libc_nano.a(lib_a-memcpy-stub.o)
                              ./SystemView/SEGGER_RTT.o (memcpy)
/Applications/Simplicity Studio.app/Contents/Eclipse/developer/toolchains/gnu_arm/7.2_2017q4/bin/../lib/gcc/arm-none-eabi/7.2.1/../../../../arm-none-eabi/lib/thumb/v7e-m/fpv4-sp/softfp/libc_nano.a(lib_a-memset.o)
                              /Applications/Simplicity Studio.app/Contents/Eclipse/developer/toolchains/gnu_arm/7.2_2017q4/bin/../lib/gcc/arm-none-eabi/7.2.1/../../../../arm-none-eabi/lib/thumb/v7e-m/fpv4-sp/softfp/crt0.o (memset)
/Applications/Simplicity Studio.app/Contents/Eclipse/developer/toolchains/gnu_arm/7.2_2017q4/bin/../lib/gcc/arm-none-eabi/7.2.1/../../../../arm-none-eabi/lib/thumb/v7e-m/fpv4-sp/softfp/libc_nano.a(lib_a-strcpy.o)
                              ./SystemView/SEGGER_RTT.o (strcpy)
/Applications/Simplicity Studio.app/Contents/Eclipse/developer/toolchains/gnu_arm/7.2_2017q4/bin/../lib/gcc/arm-none-eabi/7.2.1/../../../../arm-none-eabi/lib/thumb/v7e-m/fpv4-sp/softfp/libc_nano.a(lib_a-strlen.o)
                              ./SystemView/SEGGER_RTT.o (strlen)
/Applications/Simplicity Studio.app/Contents/Eclipse/developer/toolchains/gnu_arm/7.2_2017q4/bin/../lib/gcc/arm-none-eabi/7.2.1/../../../../arm-none-eabi/lib/thumb/v7e-m/fpv4-sp/softfp/libnosys.a(_exit.o)
                              /Applications/Simplicity Studio.app/Contents/Eclipse/developer/toolchains/gnu_arm/7.2_2017q4/bin/../lib/gcc/arm-none-eabi/7.2.1/../../../../arm-none-eabi/lib/thumb/v7e-m/fpv4-sp/softfp/libc_nano.a(lib_a-exit.o) (_exit)

Allocating common symbols
Common symbol       size              file

OSSchedLockNestingCtr
                    0x1               ./kernel/source/os_var.o
OSStatTaskTimeMax   0x4               ./kernel/source/os_var.o
OSTaskRegNextAvailID
                    0x1               ./kernel/source/os_var.o
OSRunning           0x1               ./kernel/source/os_var.o
OSRdyList           0x300             ./kernel/source/os_var.o
OSInitialized       0x1               ./kernel/source/os_var.o
OSMonQty            0x2               ./kernel/source/os_var.o
OSPrioHighRdy       0x1               ./kernel/source/os_var.o
OSStatTaskRdy       0x1               ./kernel/source/os_var.o
OSSemDbgListPtr     0x4               ./kernel/source/os_var.o
[...]
Memory Configuration

Name             Origin             Length             Attributes
FLASH            0x0000000000000000 0x0000000000200000 xr
RAM              0x0000000020000000 0x0000000000080000 xrw
*default*        0x0000000000000000 0xffffffffffffffff

Linker script and memory map

LOAD /Applications/Simplicity Studio.app/Contents/Eclipse/developer/toolchains/gnu_arm/7.2_2017q4/bin/../lib/gcc/arm-none-eabi/7.2.1/thumb/v7e-m/fpv4-sp/softfp/crti.o
LOAD /Applications/Simplicity Studio.app/Contents/Eclipse/developer/toolchains/gnu_arm/7.2_2017q4/bin/../lib/gcc/arm-none-eabi/7.2.1/thumb/v7e-m/fpv4-sp/softfp/crtbegin.o
LOAD /Applications/Simplicity Studio.app/Contents/Eclipse/developer/toolchains/gnu_arm/7.2_2017q4/bin/../lib/gcc/arm-none-eabi/7.2.1/../../../../arm-none-eabi/lib/thumb/v7e-m/fpv4-sp/softfp/crt0.o
LOAD ./BSP/bsp_bcc.o
LOAD ./BSP/bsp_stk.o
LOAD ./BSP/bsp_stk_leds.o
LOAD ./BSP/bsp_trace.o
LOAD ./BSP/siliconlabs/generic/source/bsp_cpu.o
LOAD ./BSP/siliconlabs/generic/source/bsp_os.o
LOAD ./CMSIS/EFM32GG11B/startup_efm32gg11b.o
LOAD ./CMSIS/EFM32GG11B/system_efm32gg11b.o
LOAD ./SystemView/SEGGER_RTT.o
LOAD ./SystemView/SEGGER_RTT_ASM_ARMv7M.o
LOAD ./SystemView/SEGGER_SYSVIEW.o
LOAD ./SystemView/SEGGER_SYSVIEW_Config_MicriumOSKernel.o
LOAD ./SystemView/SEGGER_SYSVIEW_MicriumOSKernel.o
LOAD ./common/sl_slist.o
LOAD ./common/source/auth/auth.o
LOAD ./common/source/collections/bitmap.o
LOAD ./common/source/collections/map.o
LOAD ./common/source/collections/slist.o
LOAD ./common/source/common/common.o
LOAD ./common/source/kal/kal_kernel.o
LOAD ./common/source/lib/lib_ascii.o
LOAD ./common/source/lib/lib_math.o
LOAD ./common/source/lib/lib_mem.o
LOAD ./common/source/lib/lib_str.o
LOAD ./common/source/platform_mgr/platform_mgr.o
LOAD ./common/source/rtos/rtos_err_str.o
LOAD ./cpu/source/cpu_core.o
LOAD ./emlib/em_assert.o
LOAD ./emlib/em_cmu.o
LOAD ./emlib/em_core.o
LOAD ./emlib/em_emu.o
LOAD ./emlib/em_gpio.o
LOAD ./emlib/em_rtcc.o
LOAD ./emlib/em_system.o
LOAD ./emlib/em_usart.o
LOAD ./kernel/source/os_cfg_app.o
LOAD ./kernel/source/os_core.o
LOAD ./kernel/source/os_dbg.o
LOAD ./kernel/source/os_flag.o
LOAD ./kernel/source/os_mem.o
LOAD ./kernel/source/os_mon.o
LOAD ./kernel/source/os_msg.o
LOAD ./kernel/source/os_mutex.o
LOAD ./kernel/source/os_prio.o
LOAD ./kernel/source/os_q.o
LOAD ./kernel/source/os_sem.o
LOAD ./kernel/source/os_stat.o
LOAD ./kernel/source/os_task.o
LOAD ./kernel/source/os_time.o
LOAD ./kernel/source/os_tmr.o
LOAD ./kernel/source/os_var.o
LOAD ./ports/source/gnu/armv7m_cpu_a.o
LOAD ./ports/source/gnu/armv7m_os_cpu_a.o
LOAD ./ports/source/gnu/armv7m_os_cpu_c.o
LOAD ./service/sl_sleeptimer.o
LOAD ./service/sl_sleeptimer_hal_rtcc.o
LOAD ./src/ex_main.o
START GROUP
LOAD /Applications/Simplicity Studio.app/Contents/Eclipse/developer/toolchains/gnu_arm/7.2_2017q4/bin/../lib/gcc/arm-none-eabi/7.2.1/thumb/v7e-m/fpv4-sp/softfp/libgcc.a
LOAD /Applications/Simplicity Studio.app/Contents/Eclipse/developer/toolchains/gnu_arm/7.2_2017q4/bin/../lib/gcc/arm-none-eabi/7.2.1/../../../../arm-none-eabi/lib/thumb/v7e-m/fpv4-sp/softfp/libc_nano.a
LOAD /Applications/Simplicity Studio.app/Contents/Eclipse/developer/toolchains/gnu_arm/7.2_2017q4/bin/../lib/gcc/arm-none-eabi/7.2.1/../../../../arm-none-eabi/lib/thumb/v7e-m/fpv4-sp/softfp/libnosys.a
END GROUP
START GROUP
LOAD /Applications/Simplicity Studio.app/Contents/Eclipse/developer/toolchains/gnu_arm/7.2_2017q4/bin/../lib/gcc/arm-none-eabi/7.2.1/thumb/v7e-m/fpv4-sp/softfp/libgcc.a
LOAD /Applications/Simplicity Studio.app/Contents/Eclipse/developer/toolchains/gnu_arm/7.2_2017q4/bin/../lib/gcc/arm-none-eabi/7.2.1/../../../../arm-none-eabi/lib/thumb/v7e-m/fpv4-sp/softfp/libg_nano.a
LOAD /Applications/Simplicity Studio.app/Contents/Eclipse/developer/toolchains/gnu_arm/7.2_2017q4/bin/../lib/gcc/arm-none-eabi/7.2.1/../../../../arm-none-eabi/lib/thumb/v7e-m/fpv4-sp/softfp/libc_nano.a
END GROUP
START GROUP
LOAD /Applications/Simplicity Studio.app/Contents/Eclipse/developer/toolchains/gnu_arm/7.2_2017q4/bin/../lib/gcc/arm-none-eabi/7.2.1/thumb/v7e-m/fpv4-sp/softfp/libgcc.a
LOAD /Applications/Simplicity Studio.app/Contents/Eclipse/developer/toolchains/gnu_arm/7.2_2017q4/bin/../lib/gcc/arm-none-eabi/7.2.1/../../../../arm-none-eabi/lib/thumb/v7e-m/fpv4-sp/softfp/libc_nano.a
END GROUP
LOAD /Applications/Simplicity Studio.app/Contents/Eclipse/developer/toolchains/gnu_arm/7.2_2017q4/bin/../lib/gcc/arm-none-eabi/7.2.1/thumb/v7e-m/fpv4-sp/softfp/crtend.o
LOAD /Applications/Simplicity Studio.app/Contents/Eclipse/developer/toolchains/gnu_arm/7.2_2017q4/bin/../lib/gcc/arm-none-eabi/7.2.1/thumb/v7e-m/fpv4-sp/softfp/crtn.o

.text           0x0000000000000000     0xf1e0
 *(.vectors)
 .vectors       0x0000000000000000      0x150 ./CMSIS/EFM32GG11B/startup_efm32gg11b.o
                0x0000000000000000                __Vectors
                0x0000000000000150                __Vectors_End = .
                0x0000000000000150                __Vectors_Size = (__Vectors_End - __Vectors)
                0x0000000000000150                __end__ = .
 *(.text*)
 .text          0x0000000000000150       0x40 /Applications/Simplicity Studio.app/Contents/Eclipse/developer/toolchains/gnu_arm/7.2_2017q4/bin/../lib/gcc/arm-none-eabi/7.2.1/thumb/v7e-m/fpv4-sp/softfp/crtbegin.o
 .text          0x0000000000000190       0x74 /Applications/Simplicity Studio.app/Contents/Eclipse/developer/toolchains/gnu_arm/7.2_2017q4/bin/../lib/gcc/arm-none-eabi/7.2.1/../../../../arm-none-eabi/lib/thumb/v7e-m/fpv4-sp/softfp/crt0.o
                0x0000000000000190                _mainCRTStartup
                0x0000000000000190                _start
 .text.BUS_RegBitRead
                0x0000000000000204       0x2a ./BSP/bsp_stk_leds.o
 .text.BUS_RegMaskedSet
                0x000000000000022e       0x24 ./BSP/bsp_stk_leds.o
 .text.BUS_RegMaskedClear
                0x0000000000000252       0x24 ./BSP/bsp_stk_leds.o
 *fill*         0x0000000000000276        0x2 
 .text.GPIO_PinOutClear
                0x0000000000000278       0xc0 ./BSP/bsp_stk_leds.o
 .text.GPIO_PinOutGet
                0x0000000000000338       0xbc ./BSP/bsp_stk_leds.o
 .text.GPIO_PinOutSet
                0x00000000000003f4       0xc0 ./BSP/bsp_stk_leds.o
 .text.BSP_ExtLedGet
                0x00000000000004b4       0xbc ./BSP/bsp_stk_leds.o
                0x00000000000004b4                BSP_ExtLedGet
 .text.BSP_ExtLedSet
                0x0000000000000570       0xec ./BSP/bsp_stk_leds.o
                0x0000000000000570                BSP_ExtLedSet
 .text.BSP_LedsInit
                0x000000000000065c       0xb4 ./BSP/bsp_stk_leds.o
                0x000000000000065c                BSP_LedsInit
 .text.BSP_LedToggle
                0x0000000000000710       0x42 ./BSP/bsp_stk_leds.o
                0x0000000000000710                BSP_LedToggle
 *fill*         0x0000000000000752        0x2 
 .text.CPU_TS_TmrInit
                0x0000000000000754       0x44 ./BSP/siliconlabs/generic/source/bsp_cpu.o
                0x0000000000000754                CPU_TS_TmrInit
 .text.CPU_TS_TmrRd
                0x0000000000000798       0x20 ./BSP/siliconlabs/generic/source/bsp_cpu.o
                0x0000000000000798                CPU_TS_TmrRd
 .text.CPU_TS32_to_uSec
                0x00000000000007b8       0x54 ./BSP/siliconlabs/generic/source/bsp_cpu.o
                0x00000000000007b8                CPU_TS32_to_uSec
 .text.CHIP_Init
                0x000000000000080c       0x6c ./BSP/siliconlabs/generic/source/bsp_os.o
 .text.BSP_SystemInit
                0x0000000000000878       0x5c ./BSP/siliconlabs/generic/source/bsp_os.o
                0x0000000000000878                BSP_SystemInit
 .text.BSP_OS_Init
                0x00000000000008d4        0xe ./BSP/siliconlabs/generic/source/bsp_os.o
                0x00000000000008d4                BSP_OS_Init
 *fill*         0x00000000000008e2        0x2 
 .text          0x00000000000008e4       0x30 ./CMSIS/EFM32GG11B/startup_efm32gg11b.o
                0x00000000000008e4                Reset_Handler
                0x0000000000000910                TIMER5_IRQHandler
                0x0000000000000910                DebugMon_Handler
                0x0000000000000910                USART0_TX_IRQHandler
                0x0000000000000910                USART5_RX_IRQHandler
                0x0000000000000910                I2C0_IRQHandler
                0x0000000000000910                HardFault_Handler
                0x0000000000000910                LEUART1_IRQHandler
                0x0000000000000910                SysTick_Handler
                0x0000000000000910                SDIO_IRQHandler
                0x0000000000000910                USART1_RX_IRQHandler
                0x0000000000000910                NMI_Handler
                0x0000000000000910                I2C1_IRQHandler
                0x0000000000000910                CAN1_IRQHandler
                0x0000000000000910                WTIMER0_IRQHandler
                0x0000000000000910                WTIMER3_IRQHandler
                0x0000000000000910                CRYPTO0_IRQHandler
                0x0000000000000910                WDOG0_IRQHandler
                0x0000000000000910                TIMER3_IRQHandler
                0x0000000000000910                USART1_TX_IRQHandler
                0x0000000000000910                USART4_RX_IRQHandler
                0x0000000000000910                SMU_IRQHandler
                0x0000000000000910                MSC_IRQHandler
                0x0000000000000910                ADC0_IRQHandler
                0x0000000000000910                UsageFault_Handler
                0x0000000000000910                WDOG1_IRQHandler
                0x0000000000000910                LEUART0_IRQHandler
                0x0000000000000910                TIMER4_IRQHandler
                0x0000000000000910                FPUEH_IRQHandler
                0x0000000000000910                WTIMER1_IRQHandler
                0x0000000000000910                GPIO_EVEN_IRQHandler
                0x0000000000000910                UART0_TX_IRQHandler
                0x0000000000000910                UART1_TX_IRQHandler
                0x0000000000000910                VDAC0_IRQHandler
                0x0000000000000910                QSPI0_IRQHandler
                0x0000000000000910                LDMA_IRQHandler
                0x0000000000000910                TIMER6_IRQHandler
                0x0000000000000910                CSEN_IRQHandler
                0x0000000000000910                ADC1_IRQHandler
                0x0000000000000910                I2C2_IRQHandler
                0x0000000000000910                RTC_IRQHandler
                0x0000000000000910                TIMER0_IRQHandler
                0x0000000000000910                LCD_IRQHandler
                0x0000000000000910                PCNT2_IRQHandler
                0x0000000000000910                UART0_RX_IRQHandler
                0x0000000000000910                WTIMER2_IRQHandler
                0x0000000000000910                LETIMER0_IRQHandler
                0x0000000000000910                TIMER1_IRQHandler
                0x0000000000000910                TRNG0_IRQHandler
                0x0000000000000910                USART2_RX_IRQHandler
                0x0000000000000910                Default_Handler
                0x0000000000000910                EMU_IRQHandler
                0x0000000000000910                CRYOTIMER_IRQHandler
                0x0000000000000910                PCNT0_IRQHandler
                0x0000000000000910                sl_app_properties
                0x0000000000000910                USB_IRQHandler
                0x0000000000000910                USART4_TX_IRQHandler
                0x0000000000000910                PCNT1_IRQHandler
                0x0000000000000910                ACMP0_IRQHandler
                0x0000000000000910                USART0_RX_IRQHandler
                0x0000000000000910                USART5_TX_IRQHandler
                0x0000000000000910                MemManage_Handler
                0x0000000000000910                SVC_Handler
                0x0000000000000910                USART3_RX_IRQHandler
                0x0000000000000910                UART1_RX_IRQHandler
                0x0000000000000910                ETH_IRQHandler
                0x0000000000000910                CMU_IRQHandler
                0x0000000000000910                EBI_IRQHandler
                0x0000000000000910                CAN0_IRQHandler
                0x0000000000000910                LESENSE_IRQHandler
                0x0000000000000910                GPIO_ODD_IRQHandler
                0x0000000000000910                USART3_TX_IRQHandler
                0x0000000000000910                LETIMER1_IRQHandler
                0x0000000000000910                ACMP2_IRQHandler
                0x0000000000000910                BusFault_Handler
                0x0000000000000910                USART2_TX_IRQHandler
                0x0000000000000910                TIMER2_IRQHandler
                0x0000000000000910                IDAC0_IRQHandler
 .text.SystemCoreClockGet
                0x0000000000000914       0x40 ./CMSIS/EFM32GG11B/system_efm32gg11b.o
                0x0000000000000914                SystemCoreClockGet
 .text.SystemMaxCoreClockGet
                0x0000000000000954       0x14 ./CMSIS/EFM32GG11B/system_efm32gg11b.o
                0x0000000000000954                SystemMaxCoreClockGet
 .text.SystemHFClockGet
                0x0000000000000968       0xf4 ./CMSIS/EFM32GG11B/system_efm32gg11b.o
                0x0000000000000968                SystemHFClockGet
 .text.SystemHFXOClockGet
                0x0000000000000a5c       0x18 ./CMSIS/EFM32GG11B/system_efm32gg11b.o
                0x0000000000000a5c                SystemHFXOClockGet
 .text.SystemInit
                0x0000000000000a74       0x2c ./CMSIS/EFM32GG11B/system_efm32gg11b.o
                0x0000000000000a74                SystemInit
 .text.SystemLFRCOClockGet
                0x0000000000000aa0       0x12 ./CMSIS/EFM32GG11B/system_efm32gg11b.o
                0x0000000000000aa0                SystemLFRCOClockGet
 .text.SystemULFRCOClockGet
                0x0000000000000ab2       0x12 ./CMSIS/EFM32GG11B/system_efm32gg11b.o
                0x0000000000000ab2                SystemULFRCOClockGet
 .text.SystemLFXOClockGet
                0x0000000000000ac4       0x18 ./CMSIS/EFM32GG11B/system_efm32gg11b.o
                0x0000000000000ac4                SystemLFXOClockGet
 .text._DoInit  0x0000000000000adc       0x9c ./SystemView/SEGGER_RTT.o
 .text.SEGGER_RTT_ReadNoLock
                0x0000000000000b78      0x104 ./SystemView/SEGGER_RTT.o
                0x0000000000000b78                SEGGER_RTT_ReadNoLock
 .text.SEGGER_RTT_ConfigUpBuffer
                0x0000000000000c7c       0xcc ./SystemView/SEGGER_RTT.o
                0x0000000000000c7c                SEGGER_RTT_ConfigUpBuffer
 .text.SEGGER_RTT_ConfigDownBuffer
                0x0000000000000d48       0xcc ./SystemView/SEGGER_RTT.o
                0x0000000000000d48                SEGGER_RTT_ConfigDownBuffer
 .text          0x0000000000000e14       0x8c ./SystemView/SEGGER_RTT_ASM_ARMv7M.o
                0x0000000000000e14                SEGGER_RTT_ASM_WriteSkipNoLock
 .text._EncodeStr
                0x0000000000000ea0       0x9a ./SystemView/SEGGER_SYSVIEW.o
 .text._PreparePacket
                0x0000000000000f3a       0x18 ./SystemView/SEGGER_SYSVIEW.o
 .text._HandleIncomingPacket
                0x0000000000000f52       0xb8 ./SystemView/SEGGER_SYSVIEW.o
 *fill*         0x000000000000100a        0x2 
 .text._TrySendOverflowPacket
                0x000000000000100c       0xec ./SystemView/SEGGER_SYSVIEW.o
 .text._SendPacket
                0x00000000000010f8      0x1b0 ./SystemView/SEGGER_SYSVIEW.o
 .text.SEGGER_SYSVIEW_Init
                0x00000000000012a8       0x7c ./SystemView/SEGGER_SYSVIEW.o
                0x00000000000012a8                SEGGER_SYSVIEW_Init
 .text.SEGGER_SYSVIEW_SetRAMBase
                0x0000000000001324       0x20 ./SystemView/SEGGER_SYSVIEW.o
                0x0000000000001324                SEGGER_SYSVIEW_SetRAMBase
 .text.SEGGER_SYSVIEW_RecordVoid
                0x0000000000001344       0x34 ./SystemView/SEGGER_SYSVIEW.o
                0x0000000000001344                SEGGER_SYSVIEW_RecordVoid
 .text.SEGGER_SYSVIEW_RecordU32
                0x0000000000001378       0x70 ./SystemView/SEGGER_SYSVIEW.o
                0x0000000000001378                SEGGER_SYSVIEW_RecordU32
 .text.SEGGER_SYSVIEW_RecordU32x2
                0x00000000000013e8       0xac ./SystemView/SEGGER_SYSVIEW.o
                0x00000000000013e8                SEGGER_SYSVIEW_RecordU32x2
 .text.SEGGER_SYSVIEW_Start
                0x0000000000001494      0x168 ./SystemView/SEGGER_SYSVIEW.o
                0x0000000000001494                SEGGER_SYSVIEW_Start
 .text.SEGGER_SYSVIEW_Stop
                0x00000000000015fc       0x44 ./SystemView/SEGGER_SYSVIEW.o
                0x00000000000015fc                SEGGER_SYSVIEW_Stop
 .text.SEGGER_SYSVIEW_GetSysDesc
                0x0000000000001640      0x12c ./SystemView/SEGGER_SYSVIEW.o
                0x0000000000001640                SEGGER_SYSVIEW_GetSysDesc
 .text.SEGGER_SYSVIEW_SendTaskInfo
                0x000000000000176c      0x1c4 ./SystemView/SEGGER_SYSVIEW.o
                0x000000000000176c                SEGGER_SYSVIEW_SendTaskInfo
 .text.SEGGER_SYSVIEW_SendTaskList
                0x0000000000001930       0x28 ./SystemView/SEGGER_SYSVIEW.o
                0x0000000000001930                SEGGER_SYSVIEW_SendTaskList
 .text.SEGGER_SYSVIEW_SendSysDesc
                0x0000000000001958       0x40 ./SystemView/SEGGER_SYSVIEW.o
                0x0000000000001958                SEGGER_SYSVIEW_SendSysDesc
 .text.SEGGER_SYSVIEW_RecordSystime
                0x0000000000001998       0x60 ./SystemView/SEGGER_SYSVIEW.o
                0x0000000000001998                SEGGER_SYSVIEW_RecordSystime
 .text.SEGGER_SYSVIEW_OnIdle
                0x00000000000019f8       0x30 ./SystemView/SEGGER_SYSVIEW.o
                0x00000000000019f8                SEGGER_SYSVIEW_OnIdle
 .text.SEGGER_SYSVIEW_OnTaskCreate
                0x0000000000001a28       0x80 ./SystemView/SEGGER_SYSVIEW.o
                0x0000000000001a28                SEGGER_SYSVIEW_OnTaskCreate
 .text.SEGGER_SYSVIEW_OnTaskStartExec
                0x0000000000001aa8       0x80 ./SystemView/SEGGER_SYSVIEW.o
                0x0000000000001aa8                SEGGER_SYSVIEW_OnTaskStartExec
 .text.SEGGER_SYSVIEW_OnTaskStartReady
                0x0000000000001b28       0x80 ./SystemView/SEGGER_SYSVIEW.o
                0x0000000000001b28                SEGGER_SYSVIEW_OnTaskStartReady
 .text.SEGGER_SYSVIEW_OnTaskStopReady
                0x0000000000001ba8       0xb8 ./SystemView/SEGGER_SYSVIEW.o
                0x0000000000001ba8                SEGGER_SYSVIEW_OnTaskStopReady
 .text.SEGGER_SYSVIEW_NameResource
                0x0000000000001c60       0x88 ./SystemView/SEGGER_SYSVIEW.o
                0x0000000000001c60                SEGGER_SYSVIEW_NameResource
 .text.SEGGER_SYSVIEW_ShrinkId
                0x0000000000001ce8       0x24 ./SystemView/SEGGER_SYSVIEW.o
                0x0000000000001ce8                SEGGER_SYSVIEW_ShrinkId
 .text.SEGGER_SYSVIEW_SendModule
                0x0000000000001d0c       0xf8 ./SystemView/SEGGER_SYSVIEW.o
                0x0000000000001d0c                SEGGER_SYSVIEW_SendModule
 .text.SEGGER_SYSVIEW_SendModuleDescription
                0x0000000000001e04       0x3c ./SystemView/SEGGER_SYSVIEW.o
                0x0000000000001e04                SEGGER_SYSVIEW_SendModuleDescription
 .text.SEGGER_SYSVIEW_SendNumModules
                0x0000000000001e40       0x74 ./SystemView/SEGGER_SYSVIEW.o
                0x0000000000001e40                SEGGER_SYSVIEW_SendNumModules
 .text.SEGGER_SYSVIEW_Warn
                0x0000000000001eb4       0xb0 ./SystemView/SEGGER_SYSVIEW.o
                0x0000000000001eb4                SEGGER_SYSVIEW_Warn
 .text._cbSendSystemDesc
                0x0000000000001f64       0x20 ./SystemView/SEGGER_SYSVIEW_Config_MicriumOSKernel.o
 .text.SEGGER_SYSVIEW_Conf
                0x0000000000001f84       0x38 ./SystemView/SEGGER_SYSVIEW_Config_MicriumOSKernel.o
                0x0000000000001f84                SEGGER_SYSVIEW_Conf
 .text._cbSendTaskList
                0x0000000000001fbc       0x94 ./SystemView/SEGGER_SYSVIEW_MicriumOSKernel.o
 .text._cbGetTime
                0x0000000000002050       0x24 ./SystemView/SEGGER_SYSVIEW_MicriumOSKernel.o
 .text.SYSVIEW_TaskReady
                0x0000000000002074       0x20 ./SystemView/SEGGER_SYSVIEW_MicriumOSKernel.o
                0x0000000000002074                SYSVIEW_TaskReady
 .text.SYSVIEW_TaskSwitchedIn
                0x0000000000002094       0x20 ./SystemView/SEGGER_SYSVIEW_MicriumOSKernel.o
                0x0000000000002094                SYSVIEW_TaskSwitchedIn
 .text.SYSVIEW_TaskSuspend
                0x00000000000020b4       0x22 ./SystemView/SEGGER_SYSVIEW_MicriumOSKernel.o
                0x00000000000020b4                SYSVIEW_TaskSuspend
 *fill*         0x00000000000020d6        0x2 
 .text.SYSVIEW_AddTask
                0x00000000000020d8       0xc4 ./SystemView/SEGGER_SYSVIEW_MicriumOSKernel.o
                0x00000000000020d8                SYSVIEW_AddTask
 .text.SYSVIEW_SendTaskInfo
                0x000000000000219c       0x42 ./SystemView/SEGGER_SYSVIEW_MicriumOSKernel.o
                0x000000000000219c                SYSVIEW_SendTaskInfo
 *fill*         0x00000000000021de        0x2 
 .text.SYSVIEW_RecordU32Register
                0x00000000000021e0       0x90 ./SystemView/SEGGER_SYSVIEW_MicriumOSKernel.o
                0x00000000000021e0                SYSVIEW_RecordU32Register
 .text.SYSVIEW_SendResourceList
                0x0000000000002270       0x80 ./SystemView/SEGGER_SYSVIEW_MicriumOSKernel.o
                0x0000000000002270                SYSVIEW_SendResourceList
 .text.SList_Init
                0x00000000000022f0       0x1a ./common/source/collections/slist.o
                0x00000000000022f0                SList_Init
 *fill*         0x000000000000230a        0x2 
 .text.Common_Init
                0x000000000000230c       0x70 ./common/source/common/common.o
                0x000000000000230c                Common_Init
 .text.Common_MemSegPtrGet
                0x000000000000237c       0x18 ./common/source/common/common.o
                0x000000000000237c                Common_MemSegPtrGet
 .text.KAL_FeatureQuery
                0x0000000000002394       0xf4 ./common/source/kal/kal_kernel.o
                0x0000000000002394                KAL_FeatureQuery
 .text.KAL_LockCreate
                0x0000000000002488       0xbc ./common/source/kal/kal_kernel.o
                0x0000000000002488                KAL_LockCreate
 .text.KAL_Init
                0x0000000000002544      0x1c0 ./common/source/kal/kal_kernel.o
 .text.Math_RandSetSeed
                0x0000000000002704       0x28 ./common/source/lib/lib_math.o
                0x0000000000002704                Math_RandSetSeed
 .text.Math_Init
                0x000000000000272c        0xe ./common/source/lib/lib_math.o
                0x000000000000272c                Math_Init
 *fill*         0x000000000000273a        0x2 
 .text.Mem_Init
                0x000000000000273c       0x28 ./common/source/lib/lib_mem.o
                0x000000000000273c                Mem_Init
 .text.Mem_SegReg
                0x0000000000002764       0xf4 ./common/source/lib/lib_mem.o
                0x0000000000002764                Mem_SegReg
 .text.Mem_SegAlloc
                0x0000000000002858       0x50 ./common/source/lib/lib_mem.o
                0x0000000000002858                Mem_SegAlloc
 .text.Mem_DynPoolCreate
                0x00000000000028a8       0xa4 ./common/source/lib/lib_mem.o
                0x00000000000028a8                Mem_DynPoolCreate
 .text.Mem_DynPoolBlkGet
                0x000000000000294c      0x1ec ./common/source/lib/lib_mem.o
                0x000000000000294c                Mem_DynPoolBlkGet
 .text.Mem_DynPoolBlkFree
                0x0000000000002b38      0x140 ./common/source/lib/lib_mem.o
                0x0000000000002b38                Mem_DynPoolBlkFree
 .text.Mem_SegAllocInternal
                0x0000000000002c78      0x108 ./common/source/lib/lib_mem.o
 .text.Mem_SegAllocExtCritical
                0x0000000000002d80      0x120 ./common/source/lib/lib_mem.o
 .text.Mem_DynPoolCreateInternal
                0x0000000000002ea0      0x350 ./common/source/lib/lib_mem.o
 .text.PlatformMgrInit
                0x00000000000031f0      0x148 ./common/source/platform_mgr/platform_mgr.o
                0x00000000000031f0                PlatformMgrInit
 .text.CPU_Init
                0x0000000000003338        0xc ./cpu/source/cpu_core.o
                0x0000000000003338                CPU_Init
 .text.CPU_SW_Exception
                0x0000000000003344        0x6 ./cpu/source/cpu_core.o
                0x0000000000003344                CPU_SW_Exception
 .text.CPU_TS_Get32
                0x000000000000334a       0x16 ./cpu/source/cpu_core.o
                0x000000000000334a                CPU_TS_Get32
 .text.CPU_TS_TmrFreqGet
                0x0000000000003360       0x88 ./cpu/source/cpu_core.o
                0x0000000000003360                CPU_TS_TmrFreqGet
 .text.CPU_TS_TmrFreqSet
                0x00000000000033e8       0x20 ./cpu/source/cpu_core.o
                0x00000000000033e8                CPU_TS_TmrFreqSet
 .text.CPU_TS_Init
                0x0000000000003408       0x18 ./cpu/source/cpu_core.o
 .text.assertEFM
                0x0000000000003420        0xc ./emlib/em_assert.o
                0x0000000000003420                assertEFM
 .text.BUS_RegBitWrite
                0x000000000000342c       0x2e ./emlib/em_cmu.o
 .text.BUS_RegBitRead
                0x000000000000345a       0x2a ./emlib/em_cmu.o
 .text.BUS_RegMaskedSet
                0x0000000000003484       0x24 ./emlib/em_cmu.o
 .text.BUS_RegMaskedClear
                0x00000000000034a8       0x24 ./emlib/em_cmu.o
 .text.SL_Log2ToDiv
                0x00000000000034cc       0x2c ./emlib/em_cmu.o
 .text.CMU_PrescToLog2
                0x00000000000034f8       0x54 ./emlib/em_cmu.o
 .text.EMU_LDOStatusGet
                0x000000000000354c       0x24 ./emlib/em_cmu.o
 .text.EMU_VScaleWait
                0x0000000000003570       0x30 ./emlib/em_cmu.o
 .text.EMU_VScaleGet
                0x00000000000035a0       0x1c ./emlib/em_cmu.o
 .text.setHfLeConfig
                0x00000000000035bc       0x64 ./emlib/em_cmu.o
 .text.auxClkGet
                0x0000000000003620       0x20 ./emlib/em_cmu.o
 .text.hfSrcClkGet
                0x0000000000003640       0x2c ./emlib/em_cmu.o
 .text.dbgClkGet
                0x000000000000366c       0x4c ./emlib/em_cmu.o
 .text.adcAsyncClkGet
                0x00000000000036b8       0xac ./emlib/em_cmu.o
 .text.sdioRefClkGet
                0x0000000000003764       0x88 ./emlib/em_cmu.o
 .text.qspiRefClkGet
                0x00000000000037ec       0x9c ./emlib/em_cmu.o
 .text.usbRateClkGet
                0x0000000000003888       0xa8 ./emlib/em_cmu.o
 .text.flashWaitStateControl
                0x0000000000003930       0x98 ./emlib/em_cmu.o
 .text.flashWaitStateMax
                0x00000000000039c8       0x44 ./emlib/em_cmu.o
 .text.setRamWaitState
                0x0000000000003a0c       0x4c ./emlib/em_cmu.o
 .text.setBusWaitState
                0x0000000000003a58       0x40 ./emlib/em_cmu.o
 .text.CMU_UpdateWaitStates
                0x0000000000003a98       0x52 ./emlib/em_cmu.o
                0x0000000000003a98                CMU_UpdateWaitStates
 *fill*         0x0000000000003aea        0x2 
 .text.getHfxoTuningMode
                0x0000000000003aec       0x1c ./emlib/em_cmu.o
 .text.setHfxoTuningMode
                0x0000000000003b08       0x2c ./emlib/em_cmu.o
 .text.lfClkGet
                0x0000000000003b34      0x144 ./emlib/em_cmu.o
 .text.syncReg  0x0000000000003c78       0x38 ./emlib/em_cmu.o
 .text.hfperClkSafePrescaler
                0x0000000000003cb0       0x2c ./emlib/em_cmu.o
 .text.hfperClkOptimizedPrescaler
                0x0000000000003cdc       0xc8 ./emlib/em_cmu.o
 .text.CMU_ClockEnable
                0x0000000000003da4      0x15c ./emlib/em_cmu.o
                0x0000000000003da4                CMU_ClockEnable
 .text.CMU_ClockFreqGet
                0x0000000000003f00      0x3d0 ./emlib/em_cmu.o
                0x0000000000003f00                CMU_ClockFreqGet
 .text.CMU_ClockPrescSet
                0x00000000000042d0      0x554 ./emlib/em_cmu.o
                0x00000000000042d0                CMU_ClockPrescSet
 .text.CMU_ClockSelectGet
                0x0000000000004824      0x334 ./emlib/em_cmu.o
                0x0000000000004824                CMU_ClockSelectGet
 .text.CMU_ClockSelectSet
                0x0000000000004b58      0x61c ./emlib/em_cmu.o
                0x0000000000004b58                CMU_ClockSelectSet
 .text.CMU_HFRCOBandGet
                0x0000000000005174       0x18 ./emlib/em_cmu.o
                0x0000000000005174                CMU_HFRCOBandGet
 .text.CMU_OscillatorEnable
                0x000000000000518c      0x1cc ./emlib/em_cmu.o
                0x000000000000518c                CMU_OscillatorEnable
 .text.CMU_OscillatorTuningGet
                0x0000000000005358       0x80 ./emlib/em_cmu.o
                0x0000000000005358                CMU_OscillatorTuningGet
 .text.CMU_OscillatorTuningSet
                0x00000000000053d8      0x140 ./emlib/em_cmu.o
                0x00000000000053d8                CMU_OscillatorTuningSet
 .text.CMU_OscillatorTuningWait
                0x0000000000005518       0x78 ./emlib/em_cmu.o
                0x0000000000005518                CMU_OscillatorTuningWait
 .text.CORE_EnterCritical
                0x0000000000005590       0x20 ./emlib/em_core.o
                0x0000000000005590                CORE_EnterCritical
 .text.CORE_ExitCritical
                0x00000000000055b0       0x1c ./emlib/em_core.o
                0x00000000000055b0                CORE_ExitCritical
 .text.CORE_EnterAtomic
                0x00000000000055cc       0x20 ./emlib/em_core.o
                0x00000000000055cc                CORE_EnterAtomic
 .text.CORE_ExitAtomic
                0x00000000000055ec       0x1c ./emlib/em_core.o
                0x00000000000055ec                CORE_ExitAtomic
 .text.CORE_InIrqContext
                0x0000000000005608       0x24 ./emlib/em_core.o
                0x0000000000005608                CORE_InIrqContext
 .text.BUS_RegBitWrite
                0x000000000000562c       0x2e ./emlib/em_emu.o
 .text.BUS_RegBitRead
                0x000000000000565a       0x2a ./emlib/em_emu.o
 .text.EMU_LDOStatusGet
                0x0000000000005684       0x24 ./emlib/em_emu.o
 .text.EMU_VScaleWait
                0x00000000000056a8       0x30 ./emlib/em_emu.o
 .text.EMU_VScaleGet
                0x00000000000056d8       0x1c ./emlib/em_emu.o
 .text.EMU_IntClear
                0x00000000000056f4       0x20 ./emlib/em_emu.o
 .text.EMU_IntGet
                0x0000000000005714       0x18 ./emlib/em_emu.o
 .text.EMU_PowerLock
                0x000000000000572c       0x18 ./emlib/em_emu.o
 .text.EMU_PowerUnlock
                0x0000000000005744       0x1c ./emlib/em_emu.o
 .text.vScaleEM01Cmd
                0x0000000000005760       0x22 ./emlib/em_emu.o
 *fill*         0x0000000000005782        0x2 
 .text.EMU_VScaleEM01ByClock
                0x0000000000005784       0x84 ./emlib/em_emu.o
                0x0000000000005784                EMU_VScaleEM01ByClock
 .text.EMU_VScaleEM01
                0x0000000000005808       0xb4 ./emlib/em_emu.o
                0x0000000000005808                EMU_VScaleEM01
 .text.dcdcConstCalibrationLoad
                0x00000000000058bc       0x10 ./emlib/em_emu.o
 .text.dcdcValidatedConfigSet
                0x00000000000058cc       0x40 ./emlib/em_emu.o
 .text.currentLimitersUpdate
                0x000000000000590c      0x124 ./emlib/em_emu.o
 .text.userCurrentLimitsSet
                0x0000000000005a30       0x30 ./emlib/em_emu.o
 .text.compCtrlSet
                0x0000000000005a60       0x4c ./emlib/em_emu.o
 .text.lpCmpHystCalibrationLoad
                0x0000000000005aac       0xec ./emlib/em_emu.o
 .text.lpGetDevinfoVrefLowHigh
                0x0000000000005b98      0x164 ./emlib/em_emu.o
 .text.EMU_DCDCModeSet
                0x0000000000005cfc      0x10c ./emlib/em_emu.o
                0x0000000000005cfc                EMU_DCDCModeSet
 .text.EMU_DCDCInit
                0x0000000000005e08      0x1a8 ./emlib/em_emu.o
                0x0000000000005e08                EMU_DCDCInit
 .text.EMU_DCDCOutputVoltageSet
                0x0000000000005fb0      0x2d8 ./emlib/em_emu.o
                0x0000000000005fb0                EMU_DCDCOutputVoltageSet
 .text.EMU_DCDCOptimizeSlice
                0x0000000000006288       0xe8 ./emlib/em_emu.o
                0x0000000000006288                EMU_DCDCOptimizeSlice
 .text.EMU_DCDCLnRcoBandSet
                0x0000000000006370       0x64 ./emlib/em_emu.o
                0x0000000000006370                EMU_DCDCLnRcoBandSet
 .text.BUS_RegMaskedSet
                0x00000000000063d4       0x24 ./emlib/em_gpio.o
 .text.BUS_RegMaskedClear
                0x00000000000063f8       0x24 ./emlib/em_gpio.o
 .text.GPIO_PinOutClear
                0x000000000000641c       0xc0 ./emlib/em_gpio.o
 .text.GPIO_PinOutSet
                0x00000000000064dc       0xc0 ./emlib/em_gpio.o
 .text.GPIO_PinModeSet
                0x000000000000659c      0x180 ./emlib/em_gpio.o
                0x000000000000659c                GPIO_PinModeSet
 .text.BUS_RegBitWrite
                0x000000000000671c       0x2e ./emlib/em_rtcc.o
 *fill*         0x000000000000674a        0x2 
 .text.RTCC_ChannelInit
                0x000000000000674c       0x7c ./emlib/em_rtcc.o
                0x000000000000674c                RTCC_ChannelInit
 .text.RTCC_Enable
                0x00000000000067c8       0x24 ./emlib/em_rtcc.o
                0x00000000000067c8                RTCC_Enable
 .text.RTCC_Init
                0x00000000000067ec       0xa0 ./emlib/em_rtcc.o
                0x00000000000067ec                RTCC_Init
 .text.OSCfg_Init
                0x000000000000688c        0xe ./kernel/source/os_cfg_app.o
                0x000000000000688c                OSCfg_Init
 *fill*         0x000000000000689a        0x2 
 .text.OSInit   0x000000000000689c      0x434 ./kernel/source/os_core.o
                0x000000000000689c                OSInit
 .text.OSSched  0x0000000000006cd0      0x1ec ./kernel/source/os_core.o
                0x0000000000006cd0                OSSched
 .text.OSSchedLock
                0x0000000000006ebc      0x114 ./kernel/source/os_core.o
                0x0000000000006ebc                OSSchedLock
 .text.OSSchedUnlock
                0x0000000000006fd0      0x158 ./kernel/source/os_core.o
                0x0000000000006fd0                OSSchedUnlock
 .text.OSStart  0x0000000000007128      0x140 ./kernel/source/os_core.o
                0x0000000000007128                OSStart
 .text.OSIsIdle
                0x0000000000007268       0x18 ./kernel/source/os_core.o
                0x0000000000007268                OSIsIdle
 .text.OS_Pend  0x0000000000007280       0x7c ./kernel/source/os_core.o
                0x0000000000007280                OS_Pend
 .text.OS_PendDbgNameAdd
                0x00000000000072fc       0x78 ./kernel/source/os_core.o
                0x00000000000072fc                OS_PendDbgNameAdd
 .text.OS_PendDbgNameRemove
                0x0000000000007374       0x4c ./kernel/source/os_core.o
                0x0000000000007374                OS_PendDbgNameRemove
 .text.OS_PendListChangePrio
                0x00000000000073c0       0x3a ./kernel/source/os_core.o
                0x00000000000073c0                OS_PendListChangePrio
 .text.OS_PendListInit
                0x00000000000073fa       0x26 ./kernel/source/os_core.o
                0x00000000000073fa                OS_PendListInit
 .text.OS_PendListInsertPrio
                0x0000000000007420       0xd8 ./kernel/source/os_core.o
                0x0000000000007420                OS_PendListInsertPrio
 .text.OS_PendListRemove
                0x00000000000074f8       0xaa ./kernel/source/os_core.o
                0x00000000000074f8                OS_PendListRemove
 .text.OS_Post  0x00000000000075a2      0x10e ./kernel/source/os_core.o
                0x00000000000075a2                OS_Post
 .text.OS_RdyListInit
                0x00000000000076b0       0x4c ./kernel/source/os_core.o
                0x00000000000076b0                OS_RdyListInit
 .text.OS_RdyListInsert
                0x00000000000076fc       0x44 ./kernel/source/os_core.o
                0x00000000000076fc                OS_RdyListInsert
 .text.OS_RdyListInsertHead
                0x0000000000007740       0x84 ./kernel/source/os_core.o
                0x0000000000007740                OS_RdyListInsertHead
 .text.OS_RdyListInsertTail
                0x00000000000077c4       0x80 ./kernel/source/os_core.o
                0x00000000000077c4                OS_RdyListInsertTail
 .text.OS_RdyListMoveHeadToTail
                0x0000000000007844       0x96 ./kernel/source/os_core.o
                0x0000000000007844                OS_RdyListMoveHeadToTail
 *fill*         0x00000000000078da        0x2 
 .text.OS_RdyListRemove
                0x00000000000078dc       0xb8 ./kernel/source/os_core.o
                0x00000000000078dc                OS_RdyListRemove
 .text.OS_SchedRoundRobin
                0x0000000000007994       0x3c ./kernel/source/os_core.o
                0x0000000000007994                OS_SchedRoundRobin
 .text.OS_SchedRoundRobinRestartTimer
                0x00000000000079d0       0xe0 ./kernel/source/os_core.o
                0x00000000000079d0                OS_SchedRoundRobinRestartTimer
 .text.OS_SchedRoundRobinResetQuanta
                0x0000000000007ab0       0x4c ./kernel/source/os_core.o
                0x0000000000007ab0                OS_SchedRoundRobinResetQuanta
 .text.OS_TaskBlock
                0x0000000000007afc       0xac ./kernel/source/os_core.o
                0x0000000000007afc                OS_TaskBlock
 .text.OS_TimerCallback
                0x0000000000007ba8      0x158 ./kernel/source/os_core.o
                0x0000000000007ba8                OS_TimerCallback
 .text.OS_Dbg_Init
                0x0000000000007d00      0x26c ./kernel/source/os_dbg.o
                0x0000000000007d00                OS_Dbg_Init
 .text.OS_MsgPoolInit
                0x0000000000007f6c       0xe0 ./kernel/source/os_msg.o
                0x0000000000007f6c                OS_MsgPoolInit
 .text.OS_MsgQFreeAll
                0x000000000000804c       0x78 ./kernel/source/os_msg.o
                0x000000000000804c                OS_MsgQFreeAll
 .text.OS_MsgQInit
                0x00000000000080c4       0x36 ./kernel/source/os_msg.o
                0x00000000000080c4                OS_MsgQInit
 *fill*         0x00000000000080fa        0x2 
 .text.OSMutexCreate
                0x00000000000080fc      0x120 ./kernel/source/os_mutex.o
                0x00000000000080fc                OSMutexCreate
 .text.OSMutexPend
                0x000000000000821c      0x48c ./kernel/source/os_mutex.o
                0x000000000000821c                OSMutexPend
 .text.OSMutexPost
                0x00000000000086a8      0x354 ./kernel/source/os_mutex.o
                0x00000000000086a8                OSMutexPost
 .text.OS_MutexDbgListAdd
                0x00000000000089fc       0x50 ./kernel/source/os_mutex.o
                0x00000000000089fc                OS_MutexDbgListAdd
 .text.OS_MutexGrpAdd
                0x0000000000008a4c       0x24 ./kernel/source/os_mutex.o
                0x0000000000008a4c                OS_MutexGrpAdd
 .text.OS_MutexGrpRemove
                0x0000000000008a70       0x3a ./kernel/source/os_mutex.o
                0x0000000000008a70                OS_MutexGrpRemove
 .text.OS_MutexGrpPrioFindHighest
                0x0000000000008aaa       0x54 ./kernel/source/os_mutex.o
                0x0000000000008aaa                OS_MutexGrpPrioFindHighest
 .text.OS_MutexGrpPostAll
                0x0000000000008afe       0x86 ./kernel/source/os_mutex.o
                0x0000000000008afe                OS_MutexGrpPostAll
 .text.OS_PrioInit
                0x0000000000008b84       0x34 ./kernel/source/os_prio.o
                0x0000000000008b84                OS_PrioInit
 .text.OS_PrioGetHighest
                0x0000000000008bb8       0x38 ./kernel/source/os_prio.o
                0x0000000000008bb8                OS_PrioGetHighest
 .text.OS_PrioInsert
                0x0000000000008bf0       0x50 ./kernel/source/os_prio.o
                0x0000000000008bf0                OS_PrioInsert
 .text.OS_PrioRemove
                0x0000000000008c40       0x54 ./kernel/source/os_prio.o
                0x0000000000008c40                OS_PrioRemove
 .text.OSStatReset
                0x0000000000008c94      0x144 ./kernel/source/os_stat.o
                0x0000000000008c94                OSStatReset
 .text.OS_StatTask
                0x0000000000008dd8      0x2d4 ./kernel/source/os_stat.o
                0x0000000000008dd8                OS_StatTask
 .text.OS_StatTaskInit
                0x00000000000090ac       0x78 ./kernel/source/os_stat.o
                0x00000000000090ac                OS_StatTaskInit
 .text.OS_StatTickInit
                0x0000000000009124       0x18 ./kernel/source/os_stat.o
                0x0000000000009124                OS_StatTickInit
 .text.OS_StatIdleEnterNotify
                0x000000000000913c       0x18 ./kernel/source/os_stat.o
                0x000000000000913c                OS_StatIdleEnterNotify
 .text.OS_StatIdleExitNotify
                0x0000000000009154       0x44 ./kernel/source/os_stat.o
                0x0000000000009154                OS_StatIdleExitNotify
 .text.OSTaskCreate
                0x0000000000009198      0x400 ./kernel/source/os_task.o
                0x0000000000009198                OSTaskCreate
 .text.OSTaskDel
                0x0000000000009598      0x2c8 ./kernel/source/os_task.o
                0x0000000000009598                OSTaskDel
 .text.OSTaskStkChk
                0x0000000000009860      0x1dc ./kernel/source/os_task.o
                0x0000000000009860                OSTaskStkChk
 .text.OSTaskStkRedzoneChk
                0x0000000000009a3c       0x5c ./kernel/source/os_task.o
                0x0000000000009a3c                OSTaskStkRedzoneChk
 .text.OS_TaskDbgListAdd
                0x0000000000009a98       0x4c ./kernel/source/os_task.o
                0x0000000000009a98                OS_TaskDbgListAdd
 .text.OS_TaskDbgListRemove
                0x0000000000009ae4       0x84 ./kernel/source/os_task.o
                0x0000000000009ae4                OS_TaskDbgListRemove
 .text.OS_TaskInit
                0x0000000000009b68       0x6c ./kernel/source/os_task.o
                0x0000000000009b68                OS_TaskInit
 .text.OS_TaskInitTCB
                0x0000000000009bd4      0x1a8 ./kernel/source/os_task.o
                0x0000000000009bd4                OS_TaskInitTCB
 .text.OS_TaskReturn
                0x0000000000009d7c       0x28 ./kernel/source/os_task.o
                0x0000000000009d7c                OS_TaskReturn
 .text.OS_TaskStkRedzoneChk
                0x0000000000009da4       0x44 ./kernel/source/os_task.o
                0x0000000000009da4                OS_TaskStkRedzoneChk
 .text.OS_TaskStkRedzoneInit
                0x0000000000009de8       0x38 ./kernel/source/os_task.o
                0x0000000000009de8                OS_TaskStkRedzoneInit
 .text.OS_TaskChangePrio
                0x0000000000009e20      0x178 ./kernel/source/os_task.o
                0x0000000000009e20                OS_TaskChangePrio
 .text.OSTimeTickRateHzGet
                0x0000000000009f98       0x54 ./kernel/source/os_time.o
                0x0000000000009f98                OSTimeTickRateHzGet
 .text.OSTimeDly
                0x0000000000009fec      0x38c ./kernel/source/os_time.o
                0x0000000000009fec                OSTimeDly
 .text.OS_TmrInit
                0x000000000000a378      0x104 ./kernel/source/os_tmr.o
                0x000000000000a378                OS_TmrInit
 .text.OS_TmrUnlink
                0x000000000000a47c       0x80 ./kernel/source/os_tmr.o
                0x000000000000a47c                OS_TmrUnlink
 .text.OS_TmrTask
                0x000000000000a4fc       0xd4 ./kernel/source/os_tmr.o
                0x000000000000a4fc                OS_TmrTask
 .text.OS_TmrLock
                0x000000000000a5d0       0x28 ./kernel/source/os_tmr.o
 .text.OS_TmrUnlock
                0x000000000000a5f8       0x20 ./kernel/source/os_tmr.o
 .text          0x000000000000a618       0x18 ./ports/source/gnu/armv7m_cpu_a.o
                0x000000000000a618                CPU_CntLeadZeros
                0x000000000000a61e                CPU_CntTrailZeros
                0x000000000000a628                CPU_RevBits
 .text          0x000000000000a630      0x148 ./ports/source/gnu/armv7m_os_cpu_a.o
                0x000000000000a630                OSStartHighRdy
                0x000000000000a6ae                OSCtxSw
                0x000000000000a6b8                OSIntCtxSw
                0x000000000000a6c2                PendSV_Handler
 .text.OSIdleContext
                0x000000000000a778        0xc ./ports/source/gnu/armv7m_os_cpu_c.o
                0x000000000000a778                OSIdleContext
 .text.OSInitHook
                0x000000000000a784       0x5c ./ports/source/gnu/armv7m_os_cpu_c.o
                0x000000000000a784                OSInitHook
 .text.OSRedzoneHitHook
                0x000000000000a7e0       0x20 ./ports/source/gnu/armv7m_os_cpu_c.o
                0x000000000000a7e0                OSRedzoneHitHook
 .text.OSStatTaskHook
                0x000000000000a800        0xe ./ports/source/gnu/armv7m_os_cpu_c.o
                0x000000000000a800                OSStatTaskHook
 .text.OSTaskCreateHook
                0x000000000000a80e       0x14 ./ports/source/gnu/armv7m_os_cpu_c.o
                0x000000000000a80e                OSTaskCreateHook
 .text.OSTaskDelHook
                0x000000000000a822       0x14 ./ports/source/gnu/armv7m_os_cpu_c.o
                0x000000000000a822                OSTaskDelHook
 .text.OSTaskReturnHook
                0x000000000000a836       0x14 ./ports/source/gnu/armv7m_os_cpu_c.o
                0x000000000000a836                OSTaskReturnHook
 *fill*         0x000000000000a84a        0x2 
 .text.OSTaskStkInit
                0x000000000000a84c      0x118 ./ports/source/gnu/armv7m_os_cpu_c.o
                0x000000000000a84c                OSTaskStkInit
 .text.OSTaskSwHook
                0x000000000000a964       0x44 ./ports/source/gnu/armv7m_os_cpu_c.o
                0x000000000000a964                OSTaskSwHook
 .text.sl_sleeptimer_init
                0x000000000000a9a8       0x88 ./service/sl_sleeptimer.o
                0x000000000000a9a8                sl_sleeptimer_init
 .text.sl_sleeptimer_start_timer
                0x000000000000aa30       0x56 ./service/sl_sleeptimer.o
                0x000000000000aa30                sl_sleeptimer_start_timer
 *fill*         0x000000000000aa86        0x2 
 .text.sl_sleeptimer_stop_timer
                0x000000000000aa88       0x74 ./service/sl_sleeptimer.o
                0x000000000000aa88                sl_sleeptimer_stop_timer
 .text.sl_sleeptimer_is_timer_running
                0x000000000000aafc       0x6c ./service/sl_sleeptimer.o
                0x000000000000aafc                sl_sleeptimer_is_timer_running
 .text.sl_sleeptimer_get_timer_time_remaining
                0x000000000000ab68       0xb4 ./service/sl_sleeptimer.o
                0x000000000000ab68                sl_sleeptimer_get_timer_time_remaining
 .text.sl_sleeptimer_get_tick_count
                0x000000000000ac1c        0xe ./service/sl_sleeptimer.o
                0x000000000000ac1c                sl_sleeptimer_get_tick_count
 .text.sl_sleeptimer_get_timer_frequency
                0x000000000000ac2a        0xe ./service/sl_sleeptimer.o
                0x000000000000ac2a                sl_sleeptimer_get_timer_frequency
 .text.process_timer_irq
                0x000000000000ac38      0x16c ./service/sl_sleeptimer.o
                0x000000000000ac38                process_timer_irq
 .text.delta_list_insert_timer
                0x000000000000ada4       0xbc ./service/sl_sleeptimer.o
 .text.delta_list_remove_timer
                0x000000000000ae60       0x7c ./service/sl_sleeptimer.o
 .text.set_comparator_for_next_timer
                0x000000000000aedc       0x30 ./service/sl_sleeptimer.o
 .text.update_first_timer_delta
                0x000000000000af0c       0x70 ./service/sl_sleeptimer.o
 .text.create_timer
                0x000000000000af7c       0x9c ./service/sl_sleeptimer.o
 .text.__NVIC_EnableIRQ
                0x000000000000b018       0x3c ./service/sl_sleeptimer_hal_rtcc.o
 .text.__NVIC_ClearPendingIRQ
                0x000000000000b054       0x3c ./service/sl_sleeptimer_hal_rtcc.o
 .text.RTCC_ChannelCompareValueGet
                0x000000000000b090       0x38 ./service/sl_sleeptimer_hal_rtcc.o
 .text.RTCC_ChannelCompareValueSet
                0x000000000000b0c8       0x3c ./service/sl_sleeptimer_hal_rtcc.o
 .text.RTCC_ChannelCCVGet
                0x000000000000b104       0x18 ./service/sl_sleeptimer_hal_rtcc.o
 .text.RTCC_ChannelCCVSet
                0x000000000000b11c       0x1a ./service/sl_sleeptimer_hal_rtcc.o
 *fill*         0x000000000000b136        0x2 
 .text.RTCC_CounterGet
                0x000000000000b138       0x18 ./service/sl_sleeptimer_hal_rtcc.o
 .text.RTCC_CounterSet
                0x000000000000b150       0x20 ./service/sl_sleeptimer_hal_rtcc.o
 .text.RTCC_IntClear
                0x000000000000b170       0x20 ./service/sl_sleeptimer_hal_rtcc.o
 .text.RTCC_IntDisable
                0x000000000000b190       0x28 ./service/sl_sleeptimer_hal_rtcc.o
 .text.RTCC_IntEnable
                0x000000000000b1b8       0x24 ./service/sl_sleeptimer_hal_rtcc.o
 .text.RTCC_IntGet
                0x000000000000b1dc       0x18 ./service/sl_sleeptimer_hal_rtcc.o
 .text.SL_Log2ToDiv
                0x000000000000b1f4       0x2c ./service/sl_sleeptimer_hal_rtcc.o
 .text.CMU_PrescToLog2
                0x000000000000b220       0x54 ./service/sl_sleeptimer_hal_rtcc.o
 .text.sleeptimer_hal_init_timer
                0x000000000000b274       0x90 ./service/sl_sleeptimer_hal_rtcc.o
                0x000000000000b274                sleeptimer_hal_init_timer
 .text.sleeptimer_hal_get_counter
                0x000000000000b304        0xe ./service/sl_sleeptimer_hal_rtcc.o
                0x000000000000b304                sleeptimer_hal_get_counter
 .text.sleeptimer_hal_get_compare
                0x000000000000b312       0x10 ./service/sl_sleeptimer_hal_rtcc.o
                0x000000000000b312                sleeptimer_hal_get_compare
 .text.sleeptimer_hal_set_compare
                0x000000000000b322       0x78 ./service/sl_sleeptimer_hal_rtcc.o
                0x000000000000b322                sleeptimer_hal_set_compare
 .text.sleeptimer_hal_enable_int
                0x000000000000b39a       0x40 ./service/sl_sleeptimer_hal_rtcc.o
                0x000000000000b39a                sleeptimer_hal_enable_int
 .text.sleeptimer_hal_disable_int
                0x000000000000b3da       0x40 ./service/sl_sleeptimer_hal_rtcc.o
                0x000000000000b3da                sleeptimer_hal_disable_int
 .text.RTCC_IRQHandler
                0x000000000000b41a       0x5c ./service/sl_sleeptimer_hal_rtcc.o
                0x000000000000b41a                RTCC_IRQHandler
 *fill*         0x000000000000b476        0x2 
 .text.sleeptimer_hal_get_timer_frequency
                0x000000000000b478       0x20 ./service/sl_sleeptimer_hal_rtcc.o
                0x000000000000b478                sleeptimer_hal_get_timer_frequency
 .text.get_time_diff
                0x000000000000b498       0x1c ./service/sl_sleeptimer_hal_rtcc.o
 .text.main     0x000000000000b4b4       0x88 ./src/ex_main.o
                0x000000000000b4b4                main
 .text.Ex_MainStartTask
                0x000000000000b53c       0x42 ./src/ex_main.o
 *fill*         0x000000000000b57e        0x2 
 .text          0x000000000000b580       0x30 /Applications/Simplicity Studio.app/Contents/Eclipse/developer/toolchains/gnu_arm/7.2_2017q4/bin/../lib/gcc/arm-none-eabi/7.2.1/thumb/v7e-m/fpv4-sp/softfp/libgcc.a(_aeabi_uldivmod.o)
                0x000000000000b580                __aeabi_uldivmod
 .text          0x000000000000b5b0      0x2cc /Applications/Simplicity Studio.app/Contents/Eclipse/developer/toolchains/gnu_arm/7.2_2017q4/bin/../lib/gcc/arm-none-eabi/7.2.1/thumb/v7e-m/fpv4-sp/softfp/libgcc.a(_udivmoddi4.o)
                0x000000000000b5b0                __udivmoddi4
 .text          0x000000000000b87c        0x4 /Applications/Simplicity Studio.app/Contents/Eclipse/developer/toolchains/gnu_arm/7.2_2017q4/bin/../lib/gcc/arm-none-eabi/7.2.1/thumb/v7e-m/fpv4-sp/softfp/libgcc.a(_dvmd_tls.o)
                0x000000000000b87c                __aeabi_ldiv0
                0x000000000000b87c                __aeabi_idiv0
 .text.exit     0x000000000000b880       0x28 /Applications/Simplicity Studio.app/Contents/Eclipse/developer/toolchains/gnu_arm/7.2_2017q4/bin/../lib/gcc/arm-none-eabi/7.2.1/../../../../arm-none-eabi/lib/thumb/v7e-m/fpv4-sp/softfp/libc_nano.a(lib_a-exit.o)
                0x000000000000b880                exit
 .text.__libc_init_array
                0x000000000000b8a8       0x48 /Applications/Simplicity Studio.app/Contents/Eclipse/developer/toolchains/gnu_arm/7.2_2017q4/bin/../lib/gcc/arm-none-eabi/7.2.1/../../../../arm-none-eabi/lib/thumb/v7e-m/fpv4-sp/softfp/libc_nano.a(lib_a-init.o)
                0x000000000000b8a8                __libc_init_array
 .text.memcpy   0x000000000000b8f0       0x16 /Applications/Simplicity Studio.app/Contents/Eclipse/developer/toolchains/gnu_arm/7.2_2017q4/bin/../lib/gcc/arm-none-eabi/7.2.1/../../../../arm-none-eabi/lib/thumb/v7e-m/fpv4-sp/softfp/libc_nano.a(lib_a-memcpy-stub.o)
                0x000000000000b8f0                memcpy
 .text.memset   0x000000000000b906       0x10 /Applications/Simplicity Studio.app/Contents/Eclipse/developer/toolchains/gnu_arm/7.2_2017q4/bin/../lib/gcc/arm-none-eabi/7.2.1/../../../../arm-none-eabi/lib/thumb/v7e-m/fpv4-sp/softfp/libc_nano.a(lib_a-memset.o)
                0x000000000000b906                memset
 .text.strcpy   0x000000000000b916       0x10 /Applications/Simplicity Studio.app/Contents/Eclipse/developer/toolchains/gnu_arm/7.2_2017q4/bin/../lib/gcc/arm-none-eabi/7.2.1/../../../../arm-none-eabi/lib/thumb/v7e-m/fpv4-sp/softfp/libc_nano.a(lib_a-strcpy.o)
                0x000000000000b916                strcpy
 *fill*         0x000000000000b926        0x2 
 .text._exit    0x000000000000b928        0x4 /Applications/Simplicity Studio.app/Contents/Eclipse/developer/toolchains/gnu_arm/7.2_2017q4/bin/../lib/gcc/arm-none-eabi/7.2.1/../../../../arm-none-eabi/lib/thumb/v7e-m/fpv4-sp/softfp/libnosys.a(_exit.o)
                0x000000000000b928                _exit
 *(.init)
 .init          0x000000000000b92c        0x4 /Applications/Simplicity Studio.app/Contents/Eclipse/developer/toolchains/gnu_arm/7.2_2017q4/bin/../lib/gcc/arm-none-eabi/7.2.1/thumb/v7e-m/fpv4-sp/softfp/crti.o
                0x000000000000b92c                _init
 .init          0x000000000000b930        0x8 /Applications/Simplicity Studio.app/Contents/Eclipse/developer/toolchains/gnu_arm/7.2_2017q4/bin/../lib/gcc/arm-none-eabi/7.2.1/thumb/v7e-m/fpv4-sp/softfp/crtn.o
 *(.fini)
 .fini          0x000000000000b938        0x4 /Applications/Simplicity Studio.app/Contents/Eclipse/developer/toolchains/gnu_arm/7.2_2017q4/bin/../lib/gcc/arm-none-eabi/7.2.1/thumb/v7e-m/fpv4-sp/softfp/crti.o
                0x000000000000b938                _fini
 .fini          0x000000000000b93c        0x8 /Applications/Simplicity Studio.app/Contents/Eclipse/developer/toolchains/gnu_arm/7.2_2017q4/bin/../lib/gcc/arm-none-eabi/7.2.1/thumb/v7e-m/fpv4-sp/softfp/crtn.o
 *crtbegin.o(.ctors)
 *crtbegin?.o(.ctors)
 *(EXCLUDE_FILE(*crtend.o *crtend?.o) .ctors)
 *(SORT_BY_NAME(.ctors.*))
 *(.ctors)
 *crtbegin.o(.dtors)
 *crtbegin?.o(.dtors)
 *(EXCLUDE_FILE(*crtend.o *crtend?.o) .dtors)
 *(SORT_BY_NAME(.dtors.*))
 *(.dtors)
 *(.rodata*)
 .rodata        0x000000000000b944       0x77 ./BSP/bsp_stk_leds.o
 *fill*         0x000000000000b9bb        0x1 
 .rodata.ledExtArray
                0x000000000000b9bc       0x38 ./BSP/bsp_stk_leds.o
 .rodata.dcdcInit
                0x000000000000b9f4       0x10 ./BSP/siliconlabs/generic/source/bsp_os.o
 .rodata        0x000000000000ba04       0x17 ./SystemView/SEGGER_RTT.o
 *fill*         0x000000000000ba1b        0x1 
 .rodata._abSync
                0x000000000000ba1c        0xa ./SystemView/SEGGER_SYSVIEW.o
 *fill*         0x000000000000ba26        0x2 
 .rodata        0x000000000000ba28        0x8 ./SystemView/SEGGER_SYSVIEW.o
 .rodata        0x000000000000ba30       0x41 ./SystemView/SEGGER_SYSVIEW_Config_MicriumOSKernel.o
 *fill*         0x000000000000ba71        0x3 
 .rodata        0x000000000000ba74       0xa3 ./SystemView/SEGGER_SYSVIEW_MicriumOSKernel.o
 *fill*         0x000000000000bb17        0x1 
 .rodata.SYSVIEW_X_OS_TraceAPI
                0x000000000000bb18        0x8 ./SystemView/SEGGER_SYSVIEW_MicriumOSKernel.o
                0x000000000000bb18                SYSVIEW_X_OS_TraceAPI
 .rodata        0x000000000000bb20       0x8b ./common/source/common/common.o
 *fill*         0x000000000000bbab        0x1 
 .rodata.__func__.9201
                0x000000000000bbac        0xc ./common/source/common/common.o
 .rodata        0x000000000000bbb8      0x115 ./common/source/kal/kal_kernel.o
 *fill*         0x000000000000bccd        0x3 
 .rodata.__func__.9519
                0x000000000000bcd0        0x9 ./common/source/kal/kal_kernel.o
 *fill*         0x000000000000bcd9        0x3 
 .rodata        0x000000000000bcdc       0x89 ./common/source/lib/lib_mem.o
 *fill*         0x000000000000bd65        0x3 
 .rodata.__func__.9306
                0x000000000000bd68        0xb ./common/source/lib/lib_mem.o
 *fill*         0x000000000000bd73        0x1 
 .rodata.__func__.9372
                0x000000000000bd74       0x12 ./common/source/lib/lib_mem.o
 *fill*         0x000000000000bd86        0x2 
 .rodata.__func__.9409
                0x000000000000bd88       0x12 ./common/source/lib/lib_mem.o
 *fill*         0x000000000000bd9a        0x2 
 .rodata.__func__.9419
                0x000000000000bd9c       0x13 ./common/source/lib/lib_mem.o
 *fill*         0x000000000000bdaf        0x1 
 .rodata.__func__.9466
                0x000000000000bdb0       0x15 ./common/source/lib/lib_mem.o
 *fill*         0x000000000000bdc5        0x3 
 .rodata.__func__.9482
                0x000000000000bdc8       0x18 ./common/source/lib/lib_mem.o
 .rodata.__func__.9496
                0x000000000000bde0       0x1a ./common/source/lib/lib_mem.o
 *fill*         0x000000000000bdfa        0x2 
 .rodata        0x000000000000bdfc       0xe5 ./common/source/platform_mgr/platform_mgr.o
 *fill*         0x000000000000bee1        0x3 
 .rodata.__func__.9260
                0x000000000000bee4       0x10 ./common/source/platform_mgr/platform_mgr.o
 .rodata        0x000000000000bef4     0x2350 ./common/source/rtos/rtos_err_str.o
 .rodata.RTOS_ErrStrTbl
                0x000000000000e244      0x24c ./common/source/rtos/rtos_err_str.o
                0x000000000000e244                RTOS_ErrStrTbl
 .rodata.RTOS_ErrDescStrTbl
                0x000000000000e490      0x24c ./common/source/rtos/rtos_err_str.o
                0x000000000000e490                RTOS_ErrDescStrTbl
 .rodata        0x000000000000e6dc       0x83 ./cpu/source/cpu_core.o
 *fill*         0x000000000000e75f        0x1 
 .rodata.__func__.9166
                0x000000000000e760       0x12 ./cpu/source/cpu_core.o
 *fill*         0x000000000000e772        0x2 
 .rodata        0x000000000000e774      0x169 ./emlib/em_cmu.o
 *fill*         0x000000000000e8dd        0x3 
 .rodata.flashWsTable
                0x000000000000e8e0       0x38 ./emlib/em_cmu.o
 .rodata        0x000000000000e918       0x75 ./emlib/em_emu.o
 *fill*         0x000000000000e98d        0x3 
 .rodata        0x000000000000e990       0xee ./emlib/em_gpio.o
 *fill*         0x000000000000ea7e        0x2 
 .rodata        0x000000000000ea80       0x76 ./emlib/em_rtcc.o
 *fill*         0x000000000000eaf6        0x2 
 .rodata.OSCfg_StkSizeMin
                0x000000000000eaf8        0x4 ./kernel/source/os_cfg_app.o
                0x000000000000eaf8                OSCfg_StkSizeMin
 .rodata        0x000000000000eafc       0xfe ./kernel/source/os_core.o
 *fill*         0x000000000000ebfa        0x2 
 .rodata.__func__.9746
                0x000000000000ebfc        0x7 ./kernel/source/os_core.o
 *fill*         0x000000000000ec03        0x1 
 .rodata.__func__.9768
                0x000000000000ec04        0xc ./kernel/source/os_core.o
 .rodata.__func__.9775
                0x000000000000ec10        0xe ./kernel/source/os_core.o
 *fill*         0x000000000000ec1e        0x2 
 .rodata.__func__.9796
                0x000000000000ec20        0x8 ./kernel/source/os_core.o
 .rodata        0x000000000000ec28       0x84 ./kernel/source/os_msg.o
 .rodata.__func__.9717
                0x000000000000ecac        0xf ./kernel/source/os_msg.o
 *fill*         0x000000000000ecbb        0x1 
 .rodata        0x000000000000ecbc       0x92 ./kernel/source/os_mutex.o
 *fill*         0x000000000000ed4e        0x2 
 .rodata.__func__.9713
                0x000000000000ed50        0xe ./kernel/source/os_mutex.o
 *fill*         0x000000000000ed5e        0x2 
 .rodata.__func__.9750
                0x000000000000ed60        0xc ./kernel/source/os_mutex.o
 .rodata.__func__.9793
                0x000000000000ed6c        0xc ./kernel/source/os_mutex.o
 .rodata        0x000000000000ed78       0x9b ./kernel/source/os_stat.o
 *fill*         0x000000000000ee13        0x1 
 .rodata.__func__.9724
                0x000000000000ee14        0xc ./kernel/source/os_stat.o
 .rodata        0x000000000000ee20       0x92 ./kernel/source/os_task.o
 *fill*         0x000000000000eeb2        0x2 
 .rodata.__func__.9738
                0x000000000000eeb4        0xd ./kernel/source/os_task.o
 *fill*         0x000000000000eec1        0x3 
 .rodata.__func__.9761
                0x000000000000eec4        0xa ./kernel/source/os_task.o
 *fill*         0x000000000000eece        0x2 
 .rodata.__func__.9974
                0x000000000000eed0        0xd ./kernel/source/os_task.o
 *fill*         0x000000000000eedd        0x3 
 .rodata.__func__.10022
                0x000000000000eee0        0xc ./kernel/source/os_task.o
 .rodata        0x000000000000eeec       0x85 ./kernel/source/os_time.o
 *fill*         0x000000000000ef71        0x3 
 .rodata.__func__.9710
                0x000000000000ef74       0x14 ./kernel/source/os_time.o
 .rodata.__func__.9719
                0x000000000000ef88        0xa ./kernel/source/os_time.o
 *fill*         0x000000000000ef92        0x2 
 .rodata        0x000000000000ef94       0xb0 ./kernel/source/os_tmr.o
 .rodata        0x000000000000f044      0x17f ./service/sl_sleeptimer_hal_rtcc.o
 *fill*         0x000000000000f1c3        0x1 
 .rodata        0x000000000000f1c4       0x13 ./src/ex_main.o
 *fill*         0x000000000000f1d7        0x1 
 .rodata._global_impure_ptr
                0x000000000000f1d8        0x4 /Applications/Simplicity Studio.app/Contents/Eclipse/developer/toolchains/gnu_arm/7.2_2017q4/bin/../lib/gcc/arm-none-eabi/7.2.1/../../../../arm-none-eabi/lib/thumb/v7e-m/fpv4-sp/softfp/libc_nano.a(lib_a-impure.o)
                0x000000000000f1d8                _global_impure_ptr
 *(.eh_frame*)
 .eh_frame      0x000000000000f1dc        0x0 /Applications/Simplicity Studio.app/Contents/Eclipse/developer/toolchains/gnu_arm/7.2_2017q4/bin/../lib/gcc/arm-none-eabi/7.2.1/thumb/v7e-m/fpv4-sp/softfp/crtbegin.o
 .eh_frame      0x000000000000f1dc        0x4 /Applications/Simplicity Studio.app/Contents/Eclipse/developer/toolchains/gnu_arm/7.2_2017q4/bin/../lib/gcc/arm-none-eabi/7.2.1/thumb/v7e-m/fpv4-sp/softfp/crtend.o

.glue_7         0x000000000000f1e0        0x0
 .glue_7        0x000000000000f1e0        0x0 linker stubs

.glue_7t        0x000000000000f1e0        0x0
 .glue_7t       0x000000000000f1e0        0x0 linker stubs

.vfp11_veneer   0x000000000000f1e0        0x0
 .vfp11_veneer  0x000000000000f1e0        0x0 linker stubs

.v4_bx          0x000000000000f1e0        0x0
 .v4_bx         0x000000000000f1e0        0x0 linker stubs

.iplt           0x000000000000f1e0        0x0
 .iplt          0x000000000000f1e0        0x0 /Applications/Simplicity Studio.app/Contents/Eclipse/developer/toolchains/gnu_arm/7.2_2017q4/bin/../lib/gcc/arm-none-eabi/7.2.1/thumb/v7e-m/fpv4-sp/softfp/crtbegin.o

.ARM.extab
 *(.ARM.extab* .gnu.linkonce.armextab.*)
                0x000000000000f1e0                __exidx_start = .

.ARM.exidx      0x000000000000f1e0        0x8
 *(.ARM.exidx* .gnu.linkonce.armexidx.*)
 .ARM.exidx     0x000000000000f1e0        0x8 /Applications/Simplicity Studio.app/Contents/Eclipse/developer/toolchains/gnu_arm/7.2_2017q4/bin/../lib/gcc/arm-none-eabi/7.2.1/../../../../arm-none-eabi/lib/thumb/v7e-m/fpv4-sp/softfp/crt0.o
 .ARM.exidx     0x000000000000f1e8        0x0 /Applications/Simplicity Studio.app/Contents/Eclipse/developer/toolchains/gnu_arm/7.2_2017q4/bin/../lib/gcc/arm-none-eabi/7.2.1/thumb/v7e-m/fpv4-sp/softfp/libgcc.a(_udivmoddi4.o)
                                          0x8 (size before relaxing)
                0x000000000000f1e8                __exidx_end = .
                0x000000000000f1e8                __etext = .

.rel.dyn        0x000000000000f1e8        0x0
 .rel.iplt      0x000000000000f1e8        0x0 /Applications/Simplicity Studio.app/Contents/Eclipse/developer/toolchains/gnu_arm/7.2_2017q4/bin/../lib/gcc/arm-none-eabi/7.2.1/thumb/v7e-m/fpv4-sp/softfp/crtbegin.o

.data           0x0000000020000000      0x124 load address 0x000000000000f1e8
                0x0000000020000000                __data_start__ = .
 *(vtable)
 *(.data*)
 .data.SystemHFXOClock
                0x0000000020000000        0x4 ./CMSIS/EFM32GG11B/system_efm32gg11b.o
 .data.SystemLFXOClock
                0x0000000020000004        0x4 ./CMSIS/EFM32GG11B/system_efm32gg11b.o
 .data.SystemCoreClock
                0x0000000020000008        0x4 ./CMSIS/EFM32GG11B/system_efm32gg11b.o
                0x0000000020000008                SystemCoreClock
 .data.SystemHfrcoFreq
                0x000000002000000c        0x4 ./CMSIS/EFM32GG11B/system_efm32gg11b.o
                0x000000002000000c                SystemHfrcoFreq
 .data.Mem_SegHeap
                0x0000000020000010       0x14 ./common/source/lib/lib_mem.o
                0x0000000020000010                Mem_SegHeap
 .data.PlatformMgr_InitCfg
                0x0000000020000024        0x8 ./common/source/platform_mgr/platform_mgr.o
 .data.auxHfrcoFreq
                0x000000002000002c        0x4 ./emlib/em_cmu.o
 .data.ushfrcoFreq
                0x0000000020000030        0x4 ./emlib/em_cmu.o
 .data.OS_InitCfg
                0x0000000020000034       0x38 ./kernel/source/os_core.o
 .data.OSDbg_DbgEn
                0x000000002000006c        0x1 ./kernel/source/os_dbg.o
                0x000000002000006c                OSDbg_DbgEn
 .data.OSDbg_ArgChkEn
                0x000000002000006d        0x1 ./kernel/source/os_dbg.o
                0x000000002000006d                OSDbg_ArgChkEn
 *fill*         0x000000002000006e        0x2 
 .data.OSDbg_EndiannessTest
                0x0000000020000070        0x4 ./kernel/source/os_dbg.o
                0x0000000020000070                OSDbg_EndiannessTest
 .data.OSDbg_FlagEn
                0x0000000020000074        0x1 ./kernel/source/os_dbg.o
                0x0000000020000074                OSDbg_FlagEn
 *fill*         0x0000000020000075        0x1 
 .data.OSDbg_FlagGrpSize
                0x0000000020000076        0x2 ./kernel/source/os_dbg.o
                0x0000000020000076                OSDbg_FlagGrpSize
 .data.OSDbg_FlagWidth
                0x0000000020000078        0x2 ./kernel/source/os_dbg.o
                0x0000000020000078                OSDbg_FlagWidth
 .data.OSDbg_MsgEn
                0x000000002000007a        0x1 ./kernel/source/os_dbg.o
                0x000000002000007a                OSDbg_MsgEn
 *fill*         0x000000002000007b        0x1 
 .data.OSDbg_MsgSize
                0x000000002000007c        0x2 ./kernel/source/os_dbg.o
                0x000000002000007c                OSDbg_MsgSize
 .data.OSDbg_MsgPoolSize
                0x000000002000007e        0x2 ./kernel/source/os_dbg.o
                0x000000002000007e                OSDbg_MsgPoolSize
 .data.OSDbg_MsgQSize
                0x0000000020000080        0x2 ./kernel/source/os_dbg.o
                0x0000000020000080                OSDbg_MsgQSize
 .data.OSDbg_MutexEn
                0x0000000020000082        0x1 ./kernel/source/os_dbg.o
                0x0000000020000082                OSDbg_MutexEn
 *fill*         0x0000000020000083        0x1 
 .data.OSDbg_MutexSize
                0x0000000020000084        0x2 ./kernel/source/os_dbg.o
                0x0000000020000084                OSDbg_MutexSize
 .data.OSDbg_PendListSize
                0x0000000020000086        0x2 ./kernel/source/os_dbg.o
                0x0000000020000086                OSDbg_PendListSize
 .data.OSDbg_PendObjSize
                0x0000000020000088        0x2 ./kernel/source/os_dbg.o
                0x0000000020000088                OSDbg_PendObjSize
 .data.OSDbg_PrioMax
                0x000000002000008a        0x2 ./kernel/source/os_dbg.o
                0x000000002000008a                OSDbg_PrioMax
 .data.OSDbg_PrioTblSize
                0x000000002000008c        0x2 ./kernel/source/os_dbg.o
                0x000000002000008c                OSDbg_PrioTblSize
 .data.OSDbg_PtrSize
                0x000000002000008e        0x2 ./kernel/source/os_dbg.o
                0x000000002000008e                OSDbg_PtrSize
 .data.OSDbg_QEn
                0x0000000020000090        0x1 ./kernel/source/os_dbg.o
                0x0000000020000090                OSDbg_QEn
 *fill*         0x0000000020000091        0x1 
 .data.OSDbg_QSize
                0x0000000020000092        0x2 ./kernel/source/os_dbg.o
                0x0000000020000092                OSDbg_QSize
 .data.OSDbg_SchedRoundRobinEn
                0x0000000020000094        0x1 ./kernel/source/os_dbg.o
                0x0000000020000094                OSDbg_SchedRoundRobinEn
 .data.OSDbg_SemEn
                0x0000000020000095        0x1 ./kernel/source/os_dbg.o
                0x0000000020000095                OSDbg_SemEn
 .data.OSDbg_SemSize
                0x0000000020000096        0x2 ./kernel/source/os_dbg.o
                0x0000000020000096                OSDbg_SemSize
 .data.OSDbg_RdyList
                0x0000000020000098        0x2 ./kernel/source/os_dbg.o
                0x0000000020000098                OSDbg_RdyList
 *fill*         0x000000002000009a        0x2 
 .data.OSDbg_RdyListSize
                0x000000002000009c        0x4 ./kernel/source/os_dbg.o
                0x000000002000009c                OSDbg_RdyListSize
 .data.OSDbg_StkWidth
                0x00000000200000a0        0x1 ./kernel/source/os_dbg.o
                0x00000000200000a0                OSDbg_StkWidth
 .data.OSDbg_StatTaskEn
                0x00000000200000a1        0x1 ./kernel/source/os_dbg.o
                0x00000000200000a1                OSDbg_StatTaskEn
 .data.OSDbg_StatTaskStkChkEn
                0x00000000200000a2        0x1 ./kernel/source/os_dbg.o
                0x00000000200000a2                OSDbg_StatTaskStkChkEn
 .data.OSDbg_TaskChangePrioEn
                0x00000000200000a3        0x1 ./kernel/source/os_dbg.o
                0x00000000200000a3                OSDbg_TaskChangePrioEn
 .data.OSDbg_TaskDelEn
                0x00000000200000a4        0x1 ./kernel/source/os_dbg.o
                0x00000000200000a4                OSDbg_TaskDelEn
 .data.OSDbg_TaskQEn
                0x00000000200000a5        0x1 ./kernel/source/os_dbg.o
                0x00000000200000a5                OSDbg_TaskQEn
 .data.OSDbg_TaskProfileEn
                0x00000000200000a6        0x1 ./kernel/source/os_dbg.o
                0x00000000200000a6                OSDbg_TaskProfileEn
 *fill*         0x00000000200000a7        0x1 
 .data.OSDbg_TaskRegTblSize
                0x00000000200000a8        0x2 ./kernel/source/os_dbg.o
                0x00000000200000a8                OSDbg_TaskRegTblSize
 .data.OSDbg_TaskSuspendEn
                0x00000000200000aa        0x1 ./kernel/source/os_dbg.o
                0x00000000200000aa                OSDbg_TaskSuspendEn
 *fill*         0x00000000200000ab        0x1 
 .data.OSDbg_TCBSize
                0x00000000200000ac        0x2 ./kernel/source/os_dbg.o
                0x00000000200000ac                OSDbg_TCBSize
 .data.OSDbg_TickListSize
                0x00000000200000ae        0x2 ./kernel/source/os_dbg.o
                0x00000000200000ae                OSDbg_TickListSize
 .data.OSDbg_TmrEn
                0x00000000200000b0        0x1 ./kernel/source/os_dbg.o
                0x00000000200000b0                OSDbg_TmrEn
 *fill*         0x00000000200000b1        0x1 
 .data.OSDbg_TmrSize
                0x00000000200000b2        0x2 ./kernel/source/os_dbg.o
                0x00000000200000b2                OSDbg_TmrSize
 .data.OSDbg_VersionNbr
                0x00000000200000b4        0x2 ./kernel/source/os_dbg.o
                0x00000000200000b4                OSDbg_VersionNbr
 *fill*         0x00000000200000b6        0x2 
 .data.OSDbg_DataSize
                0x00000000200000b8        0x4 ./kernel/source/os_dbg.o
                0x00000000200000b8                OSDbg_DataSize
 .data.impure_data
                0x00000000200000bc       0x60 /Applications/Simplicity Studio.app/Contents/Eclipse/developer/toolchains/gnu_arm/7.2_2017q4/bin/../lib/gcc/arm-none-eabi/7.2.1/../../../../arm-none-eabi/lib/thumb/v7e-m/fpv4-sp/softfp/libc_nano.a(lib_a-impure.o)
                0x000000002000011c                . = ALIGN (0x4)
                [!provide]                        PROVIDE (__ram_func_section_start, .)
 *(.ram)
                [!provide]                        PROVIDE (__ram_func_section_end, .)
                0x000000002000011c                . = ALIGN (0x4)
                0x000000002000011c                PROVIDE (__preinit_array_start, .)
 *(.preinit_array)
                0x000000002000011c                PROVIDE (__preinit_array_end, .)
                0x000000002000011c                . = ALIGN (0x4)
                0x000000002000011c                PROVIDE (__init_array_start, .)
 *(SORT_BY_NAME(.init_array.*))
 *(.init_array)
 .init_array    0x000000002000011c        0x4 /Applications/Simplicity Studio.app/Contents/Eclipse/developer/toolchains/gnu_arm/7.2_2017q4/bin/../lib/gcc/arm-none-eabi/7.2.1/thumb/v7e-m/fpv4-sp/softfp/crtbegin.o
                0x0000000020000120                PROVIDE (__init_array_end, .)
                0x0000000020000120                . = ALIGN (0x4)
                [!provide]                        PROVIDE (__fini_array_start, .)
 *(SORT_BY_NAME(.fini_array.*))
 *(.fini_array)
 .fini_array    0x0000000020000120        0x4 /Applications/Simplicity Studio.app/Contents/Eclipse/developer/toolchains/gnu_arm/7.2_2017q4/bin/../lib/gcc/arm-none-eabi/7.2.1/thumb/v7e-m/fpv4-sp/softfp/crtbegin.o
                [!provide]                        PROVIDE (__fini_array_end, .)
 *(.jcr*)
                0x0000000020000124                . = ALIGN (0x4)
                0x0000000020000124                __data_end__ = .

.igot.plt       0x0000000020000124        0x0 load address 0x000000000000f30c
 .igot.plt      0x0000000020000124        0x0 /Applications/Simplicity Studio.app/Contents/Eclipse/developer/toolchains/gnu_arm/7.2_2017q4/bin/../lib/gcc/arm-none-eabi/7.2.1/thumb/v7e-m/fpv4-sp/softfp/crtbegin.o

.bss            0x0000000020000124     0x54b8 load address 0x000000000000f30c
                0x0000000020000124                . = ALIGN (0x4)
                0x0000000020000124                __bss_start__ = .
 *(.bss*)
 .bss           0x0000000020000124       0x1c /Applications/Simplicity Studio.app/Contents/Eclipse/developer/toolchains/gnu_arm/7.2_2017q4/bin/../lib/gcc/arm-none-eabi/7.2.1/thumb/v7e-m/fpv4-sp/softfp/crtbegin.o
 .bss._acUpBuffer
                0x0000000020000140      0x400 ./SystemView/SEGGER_RTT.o
 .bss._acDownBuffer
                0x0000000020000540       0x10 ./SystemView/SEGGER_RTT.o
 .bss._UpBuffer
                0x0000000020000550     0x1000 ./SystemView/SEGGER_SYSVIEW.o
 .bss._DownBuffer
                0x0000000020001550        0x8 ./SystemView/SEGGER_SYSVIEW.o
 .bss._SYSVIEW_Globals
                0x0000000020001558       0x28 ./SystemView/SEGGER_SYSVIEW.o
 .bss._pFirstModule
                0x0000000020001580        0x4 ./SystemView/SEGGER_SYSVIEW.o
 .bss._NumModules
                0x0000000020001584        0x1 ./SystemView/SEGGER_SYSVIEW.o
 *fill*         0x0000000020001585        0x3 
 .bss._aPacket  0x0000000020001588       0xe3 ./SystemView/SEGGER_SYSVIEW.o
 *fill*         0x000000002000166b        0x1 
 .bss._aTasks   0x000000002000166c      0x280 ./SystemView/SEGGER_SYSVIEW_MicriumOSKernel.o
 .bss._NumTasks
                0x00000000200018ec        0x4 ./SystemView/SEGGER_SYSVIEW_MicriumOSKernel.o
 .bss._aResources
                0x00000000200018f0      0xc00 ./SystemView/SEGGER_SYSVIEW_MicriumOSKernel.o
 .bss._NumResources
                0x00000000200024f0        0x4 ./SystemView/SEGGER_SYSVIEW_MicriumOSKernel.o
 .bss.Common_IsInit
                0x00000000200024f4        0x1 ./common/source/common/common.o
 *fill*         0x00000000200024f5        0x3 
 .bss.Common_InitCfg
                0x00000000200024f8        0x4 ./common/source/common/common.o
 .bss.KAL_DataPtr
                0x00000000200024fc        0x4 ./common/source/kal/kal_kernel.o
 .bss.Math_RandSeedCur
                0x0000000020002500        0x4 ./common/source/lib/lib_math.o
 .bss.PlatformMgrPtr
                0x0000000020002504        0x4 ./common/source/platform_mgr/platform_mgr.o
 .bss.dcdcMaxCurrent_mA
                0x0000000020002508        0x2 ./emlib/em_emu.o
 .bss.dcdcEm01LoadCurrent_mA
                0x000000002000250a        0x2 ./emlib/em_emu.o
 .bss.dcdcReverseCurrentControl
                0x000000002000250c        0x2 ./emlib/em_emu.o
 *fill*         0x000000002000250e        0x2 
 .bss.vScaleEM01Config
                0x0000000020002510        0x1 ./emlib/em_emu.o
 *fill*         0x0000000020002511        0x3 
 .bss.OSCfg_ISRStkBasePtr
                0x0000000020002514        0x4 ./kernel/source/os_cfg_app.o
                0x0000000020002514                OSCfg_ISRStkBasePtr
 .bss.OSCfg_ISRStkSize
                0x0000000020002518        0x4 ./kernel/source/os_cfg_app.o
                0x0000000020002518                OSCfg_ISRStkSize
 .bss.OSCfg_ISRStkSizeRAM
                0x000000002000251c        0x4 ./kernel/source/os_cfg_app.o
                0x000000002000251c                OSCfg_ISRStkSizeRAM
 .bss.OSCfg_MsgPoolBasePtr
                0x0000000020002520        0x4 ./kernel/source/os_cfg_app.o
                0x0000000020002520                OSCfg_MsgPoolBasePtr
 .bss.OSCfg_MsgPoolSize
                0x0000000020002524        0x2 ./kernel/source/os_cfg_app.o
                0x0000000020002524                OSCfg_MsgPoolSize
 *fill*         0x0000000020002526        0x2 
 .bss.OSCfg_MsgPoolSizeRAM
                0x0000000020002528        0x4 ./kernel/source/os_cfg_app.o
                0x0000000020002528                OSCfg_MsgPoolSizeRAM
 .bss.OSCfg_StatTaskPrio
                0x000000002000252c        0x1 ./kernel/source/os_cfg_app.o
                0x000000002000252c                OSCfg_StatTaskPrio
 *fill*         0x000000002000252d        0x3 
 .bss.OSCfg_StatTaskRate_Hz
                0x0000000020002530        0x4 ./kernel/source/os_cfg_app.o
                0x0000000020002530                OSCfg_StatTaskRate_Hz
 .bss.OSCfg_StatTaskStkBasePtr
                0x0000000020002534        0x4 ./kernel/source/os_cfg_app.o
                0x0000000020002534                OSCfg_StatTaskStkBasePtr
 .bss.OSCfg_StatTaskStkLimit
                0x0000000020002538        0x4 ./kernel/source/os_cfg_app.o
                0x0000000020002538                OSCfg_StatTaskStkLimit
 .bss.OSCfg_StatTaskStkSize
                0x000000002000253c        0x4 ./kernel/source/os_cfg_app.o
                0x000000002000253c                OSCfg_StatTaskStkSize
 .bss.OSCfg_StatTaskStkSizeRAM
                0x0000000020002540        0x4 ./kernel/source/os_cfg_app.o
                0x0000000020002540                OSCfg_StatTaskStkSizeRAM
 .bss.OSCfg_TmrTaskPrio
                0x0000000020002544        0x1 ./kernel/source/os_cfg_app.o
                0x0000000020002544                OSCfg_TmrTaskPrio
 *fill*         0x0000000020002545        0x3 
 .bss.OSCfg_TmrTaskRate_Hz
                0x0000000020002548        0x4 ./kernel/source/os_cfg_app.o
                0x0000000020002548                OSCfg_TmrTaskRate_Hz
 .bss.OSCfg_TmrTaskStkBasePtr
                0x000000002000254c        0x4 ./kernel/source/os_cfg_app.o
                0x000000002000254c                OSCfg_TmrTaskStkBasePtr
 .bss.OSCfg_TmrTaskStkLimit
                0x0000000020002550        0x4 ./kernel/source/os_cfg_app.o
                0x0000000020002550                OSCfg_TmrTaskStkLimit
 .bss.OSCfg_TmrTaskStkSize
                0x0000000020002554        0x4 ./kernel/source/os_cfg_app.o
                0x0000000020002554                OSCfg_TmrTaskStkSize
 .bss.OSCfg_TmrTaskStkSizeRAM
                0x0000000020002558        0x4 ./kernel/source/os_cfg_app.o
                0x0000000020002558                OSCfg_TmrTaskStkSizeRAM
 .bss.OSCfg_TickRate_Hz
                0x000000002000255c        0x4 ./kernel/source/os_cfg_app.o
                0x000000002000255c                OSCfg_TickRate_Hz
 .bss.OSCfg_DataSizeRAM
                0x0000000020002560        0x4 ./kernel/source/os_cfg_app.o
                0x0000000020002560                OSCfg_DataSizeRAM
 .bss.OSRoundRobinTimer
                0x0000000020002564       0x18 ./kernel/source/os_core.o
 .bss.OSRoundRobinCurTCB
                0x000000002000257c        0x4 ./kernel/source/os_core.o
 .bss.OSDbg_AppHooksEn
                0x0000000020002580        0x1 ./kernel/source/os_dbg.o
                0x0000000020002580                OSDbg_AppHooksEn
 *fill*         0x0000000020002581        0x3 
 .bss.OSDbg_FlagGrp
                0x0000000020002584       0x2c ./kernel/source/os_dbg.o
                0x0000000020002584                OSDbg_FlagGrp
 .bss.OSDbg_FlagModeClrEn
                0x00000000200025b0        0x1 ./kernel/source/os_dbg.o
                0x00000000200025b0                OSDbg_FlagModeClrEn
 *fill*         0x00000000200025b1        0x3 
 .bss.OSDbg_Mutex
                0x00000000200025b4       0x34 ./kernel/source/os_dbg.o
                0x00000000200025b4                OSDbg_Mutex
 .bss.OSDbg_Q   0x00000000200025e8       0x30 ./kernel/source/os_dbg.o
                0x00000000200025e8                OSDbg_Q
 .bss.OSDbg_Sem
                0x0000000020002618       0x2c ./kernel/source/os_dbg.o
                0x0000000020002618                OSDbg_Sem
 .bss.OSDbg_Tmr
                0x0000000020002644       0x30 ./kernel/source/os_dbg.o
                0x0000000020002644                OSDbg_Tmr
 .bss.OSIdleCPUUsage
                0x0000000020002674        0x2 ./kernel/source/os_stat.o
                0x0000000020002674                OSIdleCPUUsage
 *fill*         0x0000000020002676        0x2 
 .bss.OSIdleTotalTick
                0x0000000020002678        0x4 ./kernel/source/os_stat.o
 .bss.OSStatStartTick
                0x000000002000267c        0x4 ./kernel/source/os_stat.o
 .bss.OSIdleStartTick
                0x0000000020002680        0x4 ./kernel/source/os_stat.o
 .bss.overflow_counter
                0x0000000020002684        0x1 ./service/sl_sleeptimer.o
 *fill*         0x0000000020002685        0x3 
 .bss.timer_head
                0x0000000020002688        0x4 ./service/sl_sleeptimer.o
 .bss.last_delta_update_count
                0x000000002000268c        0x4 ./service/sl_sleeptimer.o
 .bss.is_sleeptimer_initialized
                0x0000000020002690        0x1 ./service/sl_sleeptimer.o
 *fill*         0x0000000020002691        0x3 
 .bss.max_millisecond_conversion
                0x0000000020002694        0x4 ./service/sl_sleeptimer.o
 .bss.Ex_MainStartTaskStk
                0x0000000020002698      0x800 ./src/ex_main.o
 .bss.Ex_MainStartTaskTCB
                0x0000000020002e98       0xf4 ./src/ex_main.o
 *(COMMON)
 COMMON         0x0000000020002f8c       0x78 ./SystemView/SEGGER_RTT.o
                0x0000000020002f8c                _SEGGER_RTT
 COMMON         0x0000000020003004       0x18 ./SystemView/SEGGER_SYSVIEW_Config_MicriumOSKernel.o
                0x0000000020003004                local_err
 COMMON         0x000000002000301c     0x2004 ./common/source/lib/lib_mem.o
                0x000000002000301c                Mem_SegHeadPtr
                0x0000000020003020                Mem_Heap
 COMMON         0x0000000020005020        0x4 ./cpu/source/cpu_core.o
                0x0000000020005020                CPU_TS_TmrFreq_Hz
 COMMON         0x0000000020005024       0x10 ./kernel/source/os_cfg_app.o
                0x0000000020005024                OSCfg_StatTaskStk
                0x0000000020005028                OSCfg_MsgPool
                0x000000002000502c                OSCfg_TmrTaskStk
                0x0000000020005030                OSCfg_ISRStk
 COMMON         0x0000000020005034        0x8 ./kernel/source/os_prio.o
                0x0000000020005034                OSPrioTbl
 COMMON         0x000000002000503c      0x59c ./kernel/source/os_var.o
                0x000000002000503c                OSSchedLockNestingCtr
                0x0000000020005040                OSStatTaskTimeMax
                0x0000000020005044                OSTaskRegNextAvailID
                0x0000000020005045                OSRunning
                0x0000000020005048                OSRdyList
                0x0000000020005348                OSInitialized
                0x000000002000534a                OSMonQty
                0x000000002000534c                OSPrioHighRdy
                0x000000002000534d                OSStatTaskRdy
                0x0000000020005350                OSSemDbgListPtr
                0x0000000020005354                OSPrioCur
                0x0000000020005358                OSTmrTickCtr
                0x000000002000535c                OSTCBCurPtr
                0x0000000020005360                OSQQty
                0x0000000020005362                OSStatTaskCPUUsageMax
                0x0000000020005364                OSTCBHighRdyPtr
                0x0000000020005368                OSTaskDbgListPtr
                0x000000002000536c                OSTmrTaskTimeMax
                0x0000000020005370                OSTaskCtxSwCtr
                0x0000000020005374                OSStatTaskCPUUsage
                0x0000000020005376                OSTaskQty
                0x0000000020005378                OSTmrTaskTCB
                0x000000002000546c                OSMsgPool
                0x0000000020005478                OSQDbgListPtr
                0x000000002000547c                OSSemQty
                0x0000000020005480                OSSchedRoundRobinDfltTimeQuanta
                0x0000000020005484                OSMonDbgListPtr
                0x0000000020005488                OSTmrMutex
                0x00000000200054bc                OSTmrQty
                0x00000000200054be                OSFlagQty
                0x00000000200054c0                OSFlagDbgListPtr
                0x00000000200054c4                OSStatResetFlag
                0x00000000200054c6                OSMutexQty
                0x00000000200054c8                OSStatTaskTCB
                0x00000000200055bc                OSTmrListPtr
                0x00000000200055c0                OSTmrDbgListPtr
                0x00000000200055c4                OSTmrListEntries
                0x00000000200055c8                OSTmrUpdateCnt
                0x00000000200055cc                OSSchedRoundRobinEn
                0x00000000200055d0                OSMutexDbgListPtr
                0x00000000200055d4                OSTmrUpdateCtr
 COMMON         0x00000000200055d8        0x4 ./ports/source/gnu/armv7m_os_cpu_c.o
                0x00000000200055d8                OS_CPU_ExceptStkBase
                0x00000000200055dc                . = ALIGN (0x4)
                0x00000000200055dc                __bss_end__ = .

.heap           0x00000000200055e0      0xc00
                0x00000000200055e0                __HeapBase = .
                0x00000000200055e0                __end__ = .
                0x00000000200055e0                end = __end__
                0x00000000200055e0                _end = __end__
 *(.heap*)
 .heap          0x00000000200055e0      0xc00 ./CMSIS/EFM32GG11B/startup_efm32gg11b.o
                0x00000000200061e0                __HeapLimit = .

.stack_dummy    0x00000000200055e0      0x400
 *(.stack*)
 .stack         0x00000000200055e0      0x400 ./CMSIS/EFM32GG11B/startup_efm32gg11b.o
                0x0000000020080000                __StackTop = (ORIGIN (RAM) + LENGTH (RAM))
                0x000000002007fc00                __StackLimit = (__StackTop - SIZEOF (.stack_dummy))
                0x0000000020080000                PROVIDE (__stack, __StackTop)
                0x0000000000000001                ASSERT ((__StackLimit >= __HeapLimit), region RAM overflowed with stack)
                0x0000000000000001                ASSERT ((LENGTH (FLASH) >= (__etext + SIZEOF (.data))), FLASH memory overflowed !)
OUTPUT(SLSTK3701A_micriumos_blink.axf elf32-littlearm)

.ARM.attributes
                0x0000000000000000       0x2e
 .ARM.attributes
                0x0000000000000000       0x22 /Applications/Simplicity Studio.app/Contents/Eclipse/developer/toolchains/gnu_arm/7.2_2017q4/bin/../lib/gcc/arm-none-eabi/7.2.1/thumb/v7e-m/fpv4-sp/softfp/crti.o
 .ARM.attributes
                0x0000000000000022       0x32 /Applications/Simplicity Studio.app/Contents/Eclipse/developer/toolchains/gnu_arm/7.2_2017q4/bin/../lib/gcc/arm-none-eabi/7.2.1/thumb/v7e-m/fpv4-sp/softfp/crtbegin.o
 .ARM.attributes
                0x0000000000000054       0x20 /Applications/Simplicity Studio.app/Contents/Eclipse/developer/toolchains/gnu_arm/7.2_2017q4/bin/../lib/gcc/arm-none-eabi/7.2.1/../../../../arm-none-eabi/lib/thumb/v7e-m/fpv4-sp/softfp/crt0.o
 .ARM.attributes
                0x0000000000000074       0x37 ./BSP/bsp_stk_leds.o
 .ARM.attributes
                0x00000000000000ab       0x37 ./BSP/siliconlabs/generic/source/bsp_cpu.o
 .ARM.attributes
                0x00000000000000e2       0x37 ./BSP/siliconlabs/generic/source/bsp_os.o
 .ARM.attributes
                0x0000000000000119       0x1f ./CMSIS/EFM32GG11B/startup_efm32gg11b.o
 .ARM.attributes
                0x0000000000000138       0x37 ./CMSIS/EFM32GG11B/system_efm32gg11b.o
 .ARM.attributes
                0x000000000000016f       0x37 ./SystemView/SEGGER_RTT.o
 .ARM.attributes
                0x00000000000001a6       0x25 ./SystemView/SEGGER_RTT_ASM_ARMv7M.o
 .ARM.attributes
                0x00000000000001cb       0x37 ./SystemView/SEGGER_SYSVIEW.o
 .ARM.attributes
                0x0000000000000202       0x37 ./SystemView/SEGGER_SYSVIEW_Config_MicriumOSKernel.o
 .ARM.attributes
                0x0000000000000239       0x37 ./SystemView/SEGGER_SYSVIEW_MicriumOSKernel.o
 .ARM.attributes
                0x0000000000000270       0x37 ./common/source/collections/slist.o
 .ARM.attributes
                0x00000000000002a7       0x37 ./common/source/common/common.o
 .ARM.attributes
                0x00000000000002de       0x37 ./common/source/kal/kal_kernel.o
 .ARM.attributes
                0x0000000000000315       0x37 ./common/source/lib/lib_math.o
 .ARM.attributes
                0x000000000000034c       0x37 ./common/source/lib/lib_mem.o
 .ARM.attributes
                0x0000000000000383       0x37 ./common/source/platform_mgr/platform_mgr.o
 .ARM.attributes
                0x00000000000003ba       0x37 ./common/source/rtos/rtos_err_str.o
 .ARM.attributes
                0x00000000000003f1       0x37 ./cpu/source/cpu_core.o
 .ARM.attributes
                0x0000000000000428       0x37 ./emlib/em_assert.o
 .ARM.attributes
                0x000000000000045f       0x37 ./emlib/em_cmu.o
 .ARM.attributes
                0x0000000000000496       0x37 ./emlib/em_core.o
 .ARM.attributes
                0x00000000000004cd       0x37 ./emlib/em_emu.o
 .ARM.attributes
                0x0000000000000504       0x37 ./emlib/em_gpio.o
 .ARM.attributes
                0x000000000000053b       0x37 ./emlib/em_rtcc.o
 .ARM.attributes
                0x0000000000000572       0x37 ./kernel/source/os_cfg_app.o
 .ARM.attributes
                0x00000000000005a9       0x37 ./kernel/source/os_core.o
 .ARM.attributes
                0x00000000000005e0       0x37 ./kernel/source/os_dbg.o
 .ARM.attributes
                0x0000000000000617       0x37 ./kernel/source/os_msg.o
 .ARM.attributes
                0x000000000000064e       0x37 ./kernel/source/os_mutex.o
 .ARM.attributes
                0x0000000000000685       0x37 ./kernel/source/os_prio.o
 .ARM.attributes